Component: ARM Compiler 6.10.1 Tool: armlink [5d142800]

==============================================================================

Section Cross References

    startup_stm32f401xc.o(RESET) refers to startup_stm32f401xc.o(STACK) for __initial_sp
    startup_stm32f401xc.o(RESET) refers to startup_stm32f401xc.o(.text) for Reset_Handler
    startup_stm32f401xc.o(RESET) refers to stm32f4xx_it.o(.text.NMI_Handler) for NMI_Handler
    startup_stm32f401xc.o(RESET) refers to stm32f4xx_it.o(.text.HardFault_Handler) for HardFault_Handler
    startup_stm32f401xc.o(RESET) refers to stm32f4xx_it.o(.text.MemManage_Handler) for MemManage_Handler
    startup_stm32f401xc.o(RESET) refers to stm32f4xx_it.o(.text.BusFault_Handler) for BusFault_Handler
    startup_stm32f401xc.o(RESET) refers to stm32f4xx_it.o(.text.UsageFault_Handler) for UsageFault_Handler
    startup_stm32f401xc.o(RESET) refers to port.o(.text.SVC_Handler) for SVC_Handler
    startup_stm32f401xc.o(RESET) refers to stm32f4xx_it.o(.text.DebugMon_Handler) for DebugMon_Handler
    startup_stm32f401xc.o(RESET) refers to port.o(.text.PendSV_Handler) for PendSV_Handler
    startup_stm32f401xc.o(RESET) refers to stm32f4xx_it.o(.text.SysTick_Handler) for SysTick_Handler
    startup_stm32f401xc.o(RESET) refers to stm32f4xx_it.o(.text.TIM1_UP_TIM10_IRQHandler) for TIM1_UP_TIM10_IRQHandler
    startup_stm32f401xc.o(RESET) refers to stm32f4xx_it.o(.text.USART1_IRQHandler) for USART1_IRQHandler
    startup_stm32f401xc.o(.text) refers to system_stm32f4xx.o(.text.SystemInit) for SystemInit
    startup_stm32f401xc.o(.text) refers to entry.o(.ARM.Collect$$$$00000000) for __main
    main.o(.text.main) refers to stm32f4xx_hal.o(.text.HAL_Init) for HAL_Init
    main.o(.text.main) refers to main.o(.text.SystemClock_Config) for SystemClock_Config
    main.o(.text.main) refers to gpio.o(.text.MX_GPIO_Init) for MX_GPIO_Init
    main.o(.text.main) refers to tim.o(.text.MX_TIM1_Init) for MX_TIM1_Init
    main.o(.text.main) refers to tim.o(.text.MX_TIM2_Init) for MX_TIM2_Init
    main.o(.text.main) refers to tim.o(.text.MX_TIM3_Init) for MX_TIM3_Init
    main.o(.text.main) refers to tim.o(.text.MX_TIM4_Init) for MX_TIM4_Init
    main.o(.text.main) refers to tim.o(.text.MX_TIM5_Init) for MX_TIM5_Init
    main.o(.text.main) refers to tim.o(.text.MX_TIM9_Init) for MX_TIM9_Init
    main.o(.text.main) refers to usart.o(.text.MX_USART1_UART_Init) for MX_USART1_UART_Init
    main.o(.text.main) refers to usart.o(.bss.huart1) for huart1
    main.o(.text.main) refers to usart.o(.bss.RxByte) for RxByte
    main.o(.text.main) refers to stm32f4xx_hal_uart.o(.text.HAL_UART_Receive_IT) for HAL_UART_Receive_IT
    main.o(.text.main) refers to tim.o(.bss.htim2) for htim2
    main.o(.text.main) refers to stm32f4xx_hal_tim.o(.text.HAL_TIM_Encoder_Start) for HAL_TIM_Encoder_Start
    main.o(.text.main) refers to tim.o(.bss.htim3) for htim3
    main.o(.text.main) refers to tim.o(.bss.htim4) for htim4
    main.o(.text.main) refers to tim.o(.bss.htim5) for htim5
    main.o(.text.main) refers to tim.o(.bss.htim1) for htim1
    main.o(.text.main) refers to stm32f4xx_hal_tim.o(.text.HAL_TIM_PWM_Start) for HAL_TIM_PWM_Start
    main.o(.text.main) refers to tim.o(.bss.htim9) for htim9
    main.o(.text.main) refers to stm32f4xx_hal_tim.o(.text.HAL_TIM_Base_Start_IT) for HAL_TIM_Base_Start_IT
    main.o(.text.main) refers to encoder.o(.bss.stcAngle_seq) for stcAngle_seq
    main.o(.text.main) refers to encoder.o(.bss.stcAngle) for stcAngle
    main.o(.text.main) refers to encoder.o(.bss.current_yaw) for current_yaw
    main.o(.text.main) refers to main.o(.bss.main.target_yaw) for main.target_yaw
    main.o(.text.main) refers to usart.o(.text.UART_ProcessBuffer) for UART_ProcessBuffer
    main.o(.ARM.exidx.text.main) refers to main.o(.text.main) for [Anonymous Symbol]
    main.o(.text.SystemClock_Config) refers to memseta.o(.text) for __aeabi_memclr4
    main.o(.text.SystemClock_Config) refers to stm32f4xx_hal_rcc.o(.text.HAL_RCC_OscConfig) for HAL_RCC_OscConfig
    main.o(.text.SystemClock_Config) refers to main.o(.text.Error_Handler) for Error_Handler
    main.o(.text.SystemClock_Config) refers to stm32f4xx_hal_rcc.o(.text.HAL_RCC_ClockConfig) for HAL_RCC_ClockConfig
    main.o(.ARM.exidx.text.SystemClock_Config) refers to main.o(.text.SystemClock_Config) for [Anonymous Symbol]
    main.o(.ARM.exidx.text.Error_Handler) refers to main.o(.text.Error_Handler) for [Anonymous Symbol]
    gpio.o(.text.MX_GPIO_Init) refers to stm32f4xx_hal_gpio.o(.text.HAL_GPIO_WritePin) for HAL_GPIO_WritePin
    gpio.o(.text.MX_GPIO_Init) refers to stm32f4xx_hal_gpio.o(.text.HAL_GPIO_Init) for HAL_GPIO_Init
    gpio.o(.ARM.exidx.text.MX_GPIO_Init) refers to gpio.o(.text.MX_GPIO_Init) for [Anonymous Symbol]
    tim.o(.text.MX_TIM1_Init) refers to tim.o(.bss.htim1) for htim1
    tim.o(.text.MX_TIM1_Init) refers to stm32f4xx_hal_tim.o(.text.HAL_TIM_Base_Init) for HAL_TIM_Base_Init
[...]
    ../clib/microlib/init/entry.s            0x00000000   Number         0  entry11b.o ABSOLUTE
    ../clib/microlib/init/entry.s            0x00000000   Number         0  entry7b.o ABSOLUTE
    ../clib/microlib/init/entry.s            0x00000000   Number         0  entry11a.o ABSOLUTE
    ../clib/microlib/init/entry.s            0x00000000   Number         0  entry10b.o ABSOLUTE
    ../clib/microlib/longlong.c              0x00000000   Number         0  llushr.o ABSOLUTE
    ../clib/microlib/longlong.c              0x00000000   Number         0  llshl.o ABSOLUTE
    ../clib/microlib/stdlib/abs.c            0x00000000   Number         0  slabs.o ABSOLUTE
    ../clib/microlib/stdlib/abs.c            0x00000000   Number         0  ilabs.o ABSOLUTE
    ../clib/microlib/string/memcpy.c         0x00000000   Number         0  memcpyb.o ABSOLUTE
    ../clib/microlib/string/memcpy.c         0x00000000   Number         0  memcpya.o ABSOLUTE
    ../clib/microlib/string/memset.c         0x00000000   Number         0  memseta.o ABSOLUTE
    ../clib/microlib/string/strlen.c         0x00000000   Number         0  strlen.o ABSOLUTE
    ../clib/microlib/stubs.s                 0x00000000   Number         0  iusefp.o ABSOLUTE
    ../fplib/microlib/f2d.c                  0x00000000   Number         0  f2d.o ABSOLUTE
    ../fplib/microlib/fpcmp.c                0x00000000   Number         0  dcmpge.o ABSOLUTE
    ../mathlib/fabs.c                        0x00000000   Number         0  fabs.o ABSOLUTE
    ANUO.c                                   0x00000000   Number         0  anuo.o ABSOLUTE
    JY61.c                                   0x00000000   Number         0  jy61.o ABSOLUTE
    croutine.c                               0x00000000   Number         0  croutine.o ABSOLUTE
    dc.s                                     0x00000000   Number         0  dc.o ABSOLUTE
    encoder.c                                0x00000000   Number         0  encoder.o ABSOLUTE
    event_groups.c                           0x00000000   Number         0  event_groups.o ABSOLUTE
    freertos_hooks.c                         0x00000000   Number         0  freertos_hooks.o ABSOLUTE
    gpio.c                                   0x00000000   Number         0  gpio.o ABSOLUTE
    handlers.s                               0x00000000   Number         0  handlers.o ABSOLUTE
    heap_4.c                                 0x00000000   Number         0  heap_4.o ABSOLUTE
    init.s                                   0x00000000   Number         0  init.o ABSOLUTE
    list.c                                   0x00000000   Number         0  list.o ABSOLUTE
    main.c                                   0x00000000   Number         0  main.o ABSOLUTE
    motor.c                                  0x00000000   Number         0  motor.o ABSOLUTE
    pid.c                                    0x00000000   Number         0  pid.o ABSOLUTE
    port.c                                   0x00000000   Number         0  port.o ABSOLUTE
    queue.c                                  0x00000000   Number         0  queue.o ABSOLUTE
    startup_stm32f401xc.s                    0x00000000   Number         0  startup_stm32f401xc.o ABSOLUTE
    stm32f4xx_hal.c                          0x00000000   Number         0  stm32f4xx_hal.o ABSOLUTE
    stm32f4xx_hal_cortex.c                   0x00000000   Number         0  stm32f4xx_hal_cortex.o ABSOLUTE
    stm32f4xx_hal_dma.c                      0x00000000   Number         0  stm32f4xx_hal_dma.o ABSOLUTE
    stm32f4xx_hal_dma_ex.c                   0x00000000   Number         0  stm32f4xx_hal_dma_ex.o ABSOLUTE
    stm32f4xx_hal_exti.c                     0x00000000   Number         0  stm32f4xx_hal_exti.o ABSOLUTE
    stm32f4xx_hal_flash.c                    0x00000000   Number         0  stm32f4xx_hal_flash.o ABSOLUTE
    stm32f4xx_hal_flash_ex.c                 0x00000000   Number         0  stm32f4xx_hal_flash_ex.o ABSOLUTE
    stm32f4xx_hal_flash_ramfunc.c            0x00000000   Number         0  stm32f4xx_hal_flash_ramfunc.o ABSOLUTE
    stm32f4xx_hal_gpio.c                     0x00000000   Number         0  stm32f4xx_hal_gpio.o ABSOLUTE
    stm32f4xx_hal_msp.c                      0x00000000   Number         0  stm32f4xx_hal_msp.o ABSOLUTE
    stm32f4xx_hal_pwr.c                      0x00000000   Number         0  stm32f4xx_hal_pwr.o ABSOLUTE
    stm32f4xx_hal_pwr_ex.c                   0x00000000   Number         0  stm32f4xx_hal_pwr_ex.o ABSOLUTE
    stm32f4xx_hal_rcc.c                      0x00000000   Number         0  stm32f4xx_hal_rcc.o ABSOLUTE
    stm32f4xx_hal_rcc_ex.c                   0x00000000   Number         0  stm32f4xx_hal_rcc_ex.o ABSOLUTE
    stm32f4xx_hal_tim.c                      0x00000000   Number         0  stm32f4xx_hal_tim.o ABSOLUTE
    stm32f4xx_hal_tim_ex.c                   0x00000000   Number         0  stm32f4xx_hal_tim_ex.o ABSOLUTE
    stm32f4xx_hal_uart.c                     0x00000000   Number         0  stm32f4xx_hal_uart.o ABSOLUTE
    stm32f4xx_it.c                           0x00000000   Number         0  stm32f4xx_it.o ABSOLUTE
    stream_buffer.c                          0x00000000   Number         0  stream_buffer.o ABSOLUTE
    system_stm32f4xx.c                       0x00000000   Number         0  system_stm32f4xx.o ABSOLUTE
    tasks.c                                  0x00000000   Number         0  tasks.o ABSOLUTE
    tim.c                                    0x00000000   Number         0  tim.o ABSOLUTE
    timers.c                                 0x00000000   Number         0  timers.o ABSOLUTE
    usart.c                                  0x00000000   Number         0  usart.o ABSOLUTE
    RESET                                    0x08000000   Section      404  startup_stm32f401xc.o(RESET)
    .ARM.Collect$$$$00000000                 0x08000194   Section        0  entry.o(.ARM.Collect$$$$00000000)
    .ARM.Collect$$$$00000001                 0x08000194   Section        4  entry2.o(.ARM.Collect$$$$00000001)
    .ARM.Collect$$$$00000004                 0x08000198   Section        4  entry5.o(.ARM.Collect$$$$00000004)
    .ARM.Collect$$$$00000008                 0x0800019c   Section        0  entry7b.o(.ARM.Collect$$$$00000008)
    .ARM.Collect$$$$0000000A                 0x0800019c   Section        0  entry8b.o(.ARM.Collect$$$$0000000A)
    .ARM.Collect$$$$0000000B                 0x0800019c   Section        8  entry9a.o(.ARM.Collect$$$$0000000B)
    .ARM.Collect$$$$0000000D                 0x080001a4   Section        0  entry10a.o(.ARM.Collect$$$$0000000D)
    .ARM.Collect$$$$0000000F                 0x080001a4   Section        0  entry11a.o(.ARM.Collect$$$$0000000F)
    .ARM.Collect$$$$00002712                 0x080001a4   Section        4  entry2.o(.ARM.Collect$$$$00002712)
    __lit__00000000                          0x080001a4   Data           4  entry2.o(.ARM.Collect$$$$00002712)
    .text                                    0x080001a8   Section       36  startup_stm32f401xc.o(.text)
    $v0                                      0x080001a8   Number         0  startup_stm32f401xc.o(.text)
    .text                                    0x080001cc   Section        0  uldiv.o(.text)
    .text                                    0x0800022e   Section        0  slabs.o(.text)
    .text                                    0x08000236   Section        0  memseta.o(.text)
    .text                                    0x0800025a   Section        0  llshl.o(.text)
    .text                                    0x08000278   Section        0  llushr.o(.text)
    .text                                    0x08000298   Section       36  init.o(.text)
    [Anonymous Symbol]                       0x080002bc   Section        0  stm32f4xx_it.o(.text.BusFault_Handler)
    [Anonymous Symbol]                       0x080002c0   Section        0  encoder.o(.text.CopeSerial1Data)
    [Anonymous Symbol]                       0x080003c8   Section        0  stm32f4xx_it.o(.text.DebugMon_Handler)
    [Anonymous Symbol]                       0x080003cc   Section        0  main.o(.text.Error_Handler)
    [Anonymous Symbol]                       0x080003d4   Section        0  stm32f4xx_hal_dma.o(.text.HAL_DMA_Abort)
    [Anonymous Symbol]                       0x080004d0   Section        0  stm32f4xx_hal_dma.o(.text.HAL_DMA_Abort_IT)
    [Anonymous Symbol]                       0x08000518   Section        0  stm32f4xx_hal_gpio.o(.text.HAL_GPIO_Init)
    [Anonymous Symbol]                       0x08000894   Section        0  stm32f4xx_hal_gpio.o(.text.HAL_GPIO_TogglePin)
    [Anonymous Symbol]                       0x080008c4   Section        0  stm32f4xx_hal_gpio.o(.text.HAL_GPIO_WritePin)
    [Anonymous Symbol]                       0x08000908   Section        0  stm32f4xx_hal.o(.text.HAL_GetTick)
    [Anonymous Symbol]                       0x08000914   Section        0  stm32f4xx_hal.o(.text.HAL_IncTick)
    [Anonymous Symbol]                       0x08000930   Section        0  stm32f4xx_hal.o(.text.HAL_Init)
    [Anonymous Symbol]                       0x0800096c   Section        0  stm32f4xx_hal.o(.text.HAL_InitTick)
    [Anonymous Symbol]                       0x080009e4   Section        0  stm32f4xx_hal_msp.o(.text.HAL_MspInit)
    [Anonymous Symbol]                       0x08000a34   Section        0  stm32f4xx_hal_cortex.o(.text.HAL_NVIC_EnableIRQ)
    [Anonymous Symbol]                       0x08000a4c   Section        0  stm32f4xx_hal_cortex.o(.text.HAL_NVIC_SetPriority)
    [Anonymous Symbol]                       0x08000a94   Section        0  stm32f4xx_hal_cortex.o(.text.HAL_NVIC_SetPriorityGrouping)
    [Anonymous Symbol]                       0x08000aa8   Section        0  stm32f4xx_hal_rcc.o(.text.HAL_RCC_ClockConfig)
    [Anonymous Symbol]                       0x08000d20   Section        0  stm32f4xx_hal_rcc.o(.text.HAL_RCC_GetHCLKFreq)
    [Anonymous Symbol]                       0x08000d2c   Section        0  stm32f4xx_hal_rcc.o(.text.HAL_RCC_GetPCLK1Freq)
    [Anonymous Symbol]                       0x08000d54   Section        0  stm32f4xx_hal_rcc.o(.text.HAL_RCC_GetPCLK2Freq)
    [Anonymous Symbol]                       0x08000d7c   Section        0  stm32f4xx_hal_rcc.o(.text.HAL_RCC_GetSysClockFreq)
    [Anonymous Symbol]                       0x08000e64   Section        0  stm32f4xx_hal_rcc.o(.text.HAL_RCC_OscConfig)
    [Anonymous Symbol]                       0x08001564   Section        0  stm32f4xx_hal_cortex.o(.text.HAL_SYSTICK_Config)
    [Anonymous Symbol]                       0x08001578   Section        0  stm32f4xx_hal_tim_ex.o(.text.HAL_TIMEx_BreakCallback)
    [Anonymous Symbol]                       0x08001584   Section        0  stm32f4xx_hal_tim_ex.o(.text.HAL_TIMEx_CommutCallback)
    [Anonymous Symbol]                       0x08001590   Section        0  stm32f4xx_hal_tim_ex.o(.text.HAL_TIMEx_ConfigBreakDeadTime)
    [Anonymous Symbol]                       0x0800164c   Section        0  stm32f4xx_hal_tim_ex.o(.text.HAL_TIMEx_MasterConfigSynchronization)
    [Anonymous Symbol]                       0x08001754   Section        0  stm32f4xx_hal_tim.o(.text.HAL_TIM_Base_Init)
    [Anonymous Symbol]                       0x08001800   Section        0  tim.o(.text.HAL_TIM_Base_MspInit)
    [Anonymous Symbol]                       0x08001890   Section        0  stm32f4xx_hal_tim.o(.text.HAL_TIM_Base_Start_IT)
    [Anonymous Symbol]                       0x08001968   Section        0  stm32f4xx_hal_tim.o(.text.HAL_TIM_ConfigClockSource)
    [Anonymous Symbol]                       0x08001b14   Section        0  stm32f4xx_hal_tim.o(.text.HAL_TIM_Encoder_Init)
    [Anonymous Symbol]                       0x08001c58   Section        0  tim.o(.text.HAL_TIM_Encoder_MspInit)
    [Anonymous Symbol]                       0x08001eb0   Section        0  stm32f4xx_hal_tim.o(.text.HAL_TIM_Encoder_Start)
    [Anonymous Symbol]                       0x0800200c   Section        0  stm32f4xx_hal_tim.o(.text.HAL_TIM_IC_CaptureCallback)
    [Anonymous Symbol]                       0x08002018   Section        0  stm32f4xx_hal_tim.o(.text.HAL_TIM_IRQHandler)
    [Anonymous Symbol]                       0x08002220   Section        0  tim.o(.text.HAL_TIM_MspPostInit)
    [Anonymous Symbol]                       0x080022e8   Section        0  stm32f4xx_hal_tim.o(.text.HAL_TIM_OC_DelayElapsedCallback)
    [Anonymous Symbol]                       0x080022f4   Section        0  stm32f4xx_hal_tim.o(.text.HAL_TIM_PWM_ConfigChannel)
    [Anonymous Symbol]                       0x08002454   Section        0  stm32f4xx_hal_tim.o(.text.HAL_TIM_PWM_Init)
    [Anonymous Symbol]                       0x08002500   Section        0  stm32f4xx_hal_tim.o(.text.HAL_TIM_PWM_MspInit)
    [Anonymous Symbol]                       0x0800250c   Section        0  stm32f4xx_hal_tim.o(.text.HAL_TIM_PWM_PulseFinishedCallback)
    [Anonymous Symbol]                       0x08002518   Section        0  stm32f4xx_hal_tim.o(.text.HAL_TIM_PWM_Start)
    [Anonymous Symbol]                       0x080026a8   Section        0  encoder.o(.text.HAL_TIM_PeriodElapsedCallback)
    __arm_cp.9_4                             0x08002a18   Number         4  encoder.o(.text.HAL_TIM_PeriodElapsedCallback)
    __arm_cp.9_5                             0x08002a1c   Number         4  encoder.o(.text.HAL_TIM_PeriodElapsedCallback)
    __arm_cp.9_6                             0x08002a20   Number         4  encoder.o(.text.HAL_TIM_PeriodElapsedCallback)
    [Anonymous Symbol]                       0x08002f3c   Section        0  stm32f4xx_hal_tim.o(.text.HAL_TIM_TriggerCallback)
    [Anonymous Symbol]                       0x08002f48   Section        0  stm32f4xx_hal_uart.o(.text.HAL_UARTEx_RxEventCallback)
    [Anonymous Symbol]                       0x08002f5c   Section        0  stm32f4xx_hal_uart.o(.text.HAL_UART_ErrorCallback)
    [Anonymous Symbol]                       0x08002f68   Section        0  stm32f4xx_hal_uart.o(.text.HAL_UART_IRQHandler)
    [Anonymous Symbol]                       0x080033ec   Section        0  stm32f4xx_hal_uart.o(.text.HAL_UART_Init)
    [Anonymous Symbol]                       0x08003498   Section        0  usart.o(.text.HAL_UART_MspInit)
    [Anonymous Symbol]                       0x08003548   Section        0  stm32f4xx_hal_uart.o(.text.HAL_UART_Receive_IT)
    [Anonymous Symbol]                       0x080035b4   Section        0  usart.o(.text.HAL_UART_RxCpltCallback)
    [Anonymous Symbol]                       0x08003610   Section        0  stm32f4xx_hal_uart.o(.text.HAL_UART_TxCpltCallback)
    [Anonymous Symbol]                       0x0800361c   Section        0  stm32f4xx_it.o(.text.HardFault_Handler)
    [Anonymous Symbol]                       0x08003620   Section        0  pid.o(.text.Incremental_PID_Left)
    [Anonymous Symbol]                       0x0800371c   Section        0  pid.o(.text.Incremental_PID_Right)
    [Anonymous Symbol]                       0x08003818   Section        0  pid.o(.text.JY61P_Yaw_correct)
    [Anonymous Symbol]                       0x080039ec   Section        0  gpio.o(.text.MX_GPIO_Init)
    [Anonymous Symbol]                       0x08003b1c   Section        0  tim.o(.text.MX_TIM1_Init)
    [Anonymous Symbol]                       0x08003c68   Section        0  tim.o(.text.MX_TIM2_Init)
    [Anonymous Symbol]                       0x08003cf0   Section        0  tim.o(.text.MX_TIM3_Init)
    [Anonymous Symbol]                       0x08003d7c   Section        0  tim.o(.text.MX_TIM4_Init)
    [Anonymous Symbol]                       0x08003e08   Section        0  tim.o(.text.MX_TIM5_Init)
    [Anonymous Symbol]                       0x08003e94   Section        0  tim.o(.text.MX_TIM9_Init)
    [Anonymous Symbol]                       0x08003f78   Section        0  usart.o(.text.MX_USART1_UART_Init)
    [Anonymous Symbol]                       0x08003fb4   Section        0  stm32f4xx_it.o(.text.MemManage_Handler)
    [Anonymous Symbol]                       0x08003fb8   Section        0  motor.o(.text.Motor1_SetSpeed)
    [Anonymous Symbol]                       0x08004030   Section        0  motor.o(.text.Motor2_SetSpeed)
    [Anonymous Symbol]                       0x080040a8   Section        0  motor.o(.text.Motor3_SetSpeed)
    [Anonymous Symbol]                       0x08004114   Section        0  motor.o(.text.Motor4_SetSpeed)
    [Anonymous Symbol]                       0x08004180   Section        0  stm32f4xx_it.o(.text.NMI_Handler)
    [Anonymous Symbol]                       0x08004184   Section        0  stm32f4xx_hal_cortex.o(.text.NVIC_EncodePriority)
    NVIC_EncodePriority                      0x08004185   Thumb Code   128  stm32f4xx_hal_cortex.o(.text.NVIC_EncodePriority)
    [Anonymous Symbol]                       0x08004204   Section        0  encoder.o(.text.Num_AllEncoder)
    [Anonymous Symbol]                       0x08004240   Section        0  port.o(.text.PendSV_Handler)
    pxCurrentTCBConst                        0x080042a0   Number         0  port.o(.text.PendSV_Handler)
    [Anonymous Symbol]                       0x080042a4   Section        0  pid.o(.text.Position_PID_Left)
    [Anonymous Symbol]                       0x080043e4   Section        0  pid.o(.text.Position_PID_Right)
    [Anonymous Symbol]                       0x08004524   Section        0  encoder.o(.text.Pulse_Encoder_Cnt)
    [Anonymous Symbol]                       0x08004550   Section        0  encoder.o(.text.Rpm_Encoder_Cnt)
    [Anonymous Symbol]                       0x08004590   Section        0  port.o(.text.SVC_Handler)
    pxCurrentTCBConst2                       0x080045b0   Number         0  port.o(.text.SVC_Handler)
    [Anonymous Symbol]                       0x080045b4   Section        0  stm32f4xx_hal_cortex.o(.text.SysTick_Config)
    SysTick_Config                           0x080045b5   Thumb Code    90  stm32f4xx_hal_cortex.o(.text.SysTick_Config)
    [Anonymous Symbol]                       0x08004610   Section        0  stm32f4xx_it.o(.text.SysTick_Handler)
    [Anonymous Symbol]                       0x08004628   Section        0  main.o(.text.SystemClock_Config)
    [Anonymous Symbol]                       0x080046ec   Section        0  system_stm32f4xx.o(.text.SystemInit)
    [Anonymous Symbol]                       0x08004700   Section        0  stm32f4xx_it.o(.text.TIM1_UP_TIM10_IRQHandler)
    [Anonymous Symbol]                       0x08004710   Section        0  stm32f4xx_hal_tim.o(.text.TIM_Base_SetConfig)
    [Anonymous Symbol]                       0x0800485c   Section        0  stm32f4xx_hal_tim.o(.text.TIM_CCxChannelCmd)
    [Anonymous Symbol]                       0x080048a8   Section        0  stm32f4xx_hal_tim.o(.text.TIM_ETR_SetConfig)
    [Anonymous Symbol]                       0x080048f4   Section        0  stm32f4xx_hal_tim.o(.text.TIM_ITRx_SetConfig)
    TIM_ITRx_SetConfig                       0x080048f5   Thumb Code    50  stm32f4xx_hal_tim.o(.text.TIM_ITRx_SetConfig)
    [Anonymous Symbol]                       0x08004928   Section        0  stm32f4xx_hal_tim.o(.text.TIM_OC1_SetConfig)
    TIM_OC1_SetConfig                        0x08004929   Thumb Code   210  stm32f4xx_hal_tim.o(.text.TIM_OC1_SetConfig)
    [Anonymous Symbol]                       0x080049fc   Section        0  stm32f4xx_hal_tim.o(.text.TIM_OC2_SetConfig)
    [Anonymous Symbol]                       0x08004ad8   Section        0  stm32f4xx_hal_tim.o(.text.TIM_OC3_SetConfig)
    TIM_OC3_SetConfig                        0x08004ad9   Thumb Code   218  stm32f4xx_hal_tim.o(.text.TIM_OC3_SetConfig)
    [Anonymous Symbol]                       0x08004bb4   Section        0  stm32f4xx_hal_tim.o(.text.TIM_OC4_SetConfig)
    TIM_OC4_SetConfig                        0x08004bb5   Thumb Code   156  stm32f4xx_hal_tim.o(.text.TIM_OC4_SetConfig)
    [Anonymous Symbol]                       0x08004c50   Section        0  stm32f4xx_hal_tim.o(.text.TIM_TI1_ConfigInputStage)
    TIM_TI1_ConfigInputStage                 0x08004c51   Thumb Code    98  stm32f4xx_hal_tim.o(.text.TIM_TI1_ConfigInputStage)
    [Anonymous Symbol]                       0x08004cb4   Section        0  stm32f4xx_hal_tim.o(.text.TIM_TI2_ConfigInputStage)
    TIM_TI2_ConfigInputStage                 0x08004cb5   Thumb Code   100  stm32f4xx_hal_tim.o(.text.TIM_TI2_ConfigInputStage)
    [Anonymous Symbol]                       0x08004d18   Section        0  stm32f4xx_hal_uart.o(.text.UART_DMAAbortOnError)
    UART_DMAAbortOnError                     0x08004d19   Thumb Code    32  stm32f4xx_hal_uart.o(.text.UART_DMAAbortOnError)
    [Anonymous Symbol]                       0x08004d38   Section        0  stm32f4xx_hal_uart.o(.text.UART_EndRxTransfer)
    UART_EndRxTransfer                       0x08004d39   Thumb Code   152  stm32f4xx_hal_uart.o(.text.UART_EndRxTransfer)
    [Anonymous Symbol]                       0x08004dd0   Section        0  stm32f4xx_hal_uart.o(.text.UART_EndTransmit_IT)
    UART_EndTransmit_IT                      0x08004dd1   Thumb Code    42  stm32f4xx_hal_uart.o(.text.UART_EndTransmit_IT)
    [Anonymous Symbol]                       0x08004dfc   Section        0  usart.o(.text.UART_ProcessBuffer)
    [Anonymous Symbol]                       0x08004e20   Section        0  stm32f4xx_hal_uart.o(.text.UART_Receive_IT)
    UART_Receive_IT                          0x08004e21   Thumb Code   374  stm32f4xx_hal_uart.o(.text.UART_Receive_IT)
    [Anonymous Symbol]                       0x08004f98   Section        0  stm32f4xx_hal_uart.o(.text.UART_SetConfig)
    UART_SetConfig                           0x08004f99   Thumb Code   358  stm32f4xx_hal_uart.o(.text.UART_SetConfig)
    [Anonymous Symbol]                       0x08005100   Section        0  stm32f4xx_hal_uart.o(.text.UART_Start_Receive_IT)
    [Anonymous Symbol]                       0x08005178   Section        0  stm32f4xx_hal_uart.o(.text.UART_Transmit_IT)
    UART_Transmit_IT                         0x08005179   Thumb Code   158  stm32f4xx_hal_uart.o(.text.UART_Transmit_IT)
    [Anonymous Symbol]                       0x08005218   Section        0  stm32f4xx_it.o(.text.USART1_IRQHandler)
    [Anonymous Symbol]                       0x08005228   Section        0  stm32f4xx_it.o(.text.UsageFault_Handler)
    [Anonymous Symbol]                       0x0800522c   Section        0  encoder.o(.text.Xianfu)
    [Anonymous Symbol]                       0x08005264   Section        0  stm32f4xx_hal_cortex.o(.text.__NVIC_EnableIRQ)
    __NVIC_EnableIRQ                         0x08005265   Thumb Code    54  stm32f4xx_hal_cortex.o(.text.__NVIC_EnableIRQ)
    [Anonymous Symbol]                       0x0800529c   Section        0  stm32f4xx_hal_cortex.o(.text.__NVIC_GetPriorityGrouping)
    __NVIC_GetPriorityGrouping               0x0800529d   Thumb Code    16  stm32f4xx_hal_cortex.o(.text.__NVIC_GetPriorityGrouping)
    [Anonymous Symbol]                       0x080052ac   Section        0  stm32f4xx_hal_cortex.o(.text.__NVIC_SetPriority)
    __NVIC_SetPriority                       0x080052ad   Thumb Code    74  stm32f4xx_hal_cortex.o(.text.__NVIC_SetPriority)
    [Anonymous Symbol]                       0x080052f8   Section        0  stm32f4xx_hal_cortex.o(.text.__NVIC_SetPriorityGrouping)
    __NVIC_SetPriorityGrouping               0x080052f9   Thumb Code    64  stm32f4xx_hal_cortex.o(.text.__NVIC_SetPriorityGrouping)
    [Anonymous Symbol]                       0x08005338   Section        0  encoder.o(.text.limitSpeedChange)
    [Anonymous Symbol]                       0x080053c0   Section        0  main.o(.text.main)
    [Anonymous Symbol]                       0x08005530   Section        0  usart.o(.text.uart_dequeue)
    uart_dequeue                             0x08005531   Thumb Code    88  usart.o(.text.uart_dequeue)
    [Anonymous Symbol]                       0x08005588   Section        0  usart.o(.text.uart_enqueue)
    uart_enqueue                             0x08005589   Thumb Code   100  usart.o(.text.uart_enqueue)
    [Anonymous Symbol]                       0x080055ec   Section        0  freertos_hooks.o(.text.vApplicationStackOverflowHook)
    [Anonymous Symbol]                       0x08005600   Section        0  freertos_hooks.o(.text.vAssertCalled)
    [Anonymous Symbol]                       0x08005614   Section        0  tasks.o(.text.vTaskSwitchContext)
    __tagsym$$used.0                         0x08005614   Number         0  tasks.o(.text.vTaskSwitchContext)
    [Anonymous Symbol]                       0x08005734   Section        0  tasks.o(.text.xTaskGetSchedulerState)
    i.__scatterload_copy                     0x08005770   Section       14  handlers.o(i.__scatterload_copy)
    i.__scatterload_null                     0x0800577e   Section        2  handlers.o(i.__scatterload_null)
    i.__scatterload_zeroinit                 0x08005780   Section       14  handlers.o(i.__scatterload_zeroinit)
    [Anonymous Symbol]                       0x080057a6   Section        0  tasks.o(.rodata.str1.1)
    .L.str                                   0x080057a6   Data           5  tasks.o(.rodata.str1.1)
    .L.str.1                                 0x080057a6   Data          27  tasks.o(.rodata.str1.1)
    [Anonymous Symbol]                       0x20000054   Section        0  encoder.o(.bss.CopeSerial1Data.buf)
    CopeSerial1Data.buf                      0x20000054   Data          11  encoder.o(.bss.CopeSerial1Data.buf)
    [Anonymous Symbol]                       0x20000060   Section        0  encoder.o(.bss.CopeSerial1Data.idx)
    CopeSerial1Data.idx                      0x20000060   Data           4  encoder.o(.bss.CopeSerial1Data.idx)
    [Anonymous Symbol]                       0x2000006c   Section        0  encoder.o(.bss.HAL_TIM_PeriodElapsedCallback.need_reset)
    HAL_TIM_PeriodElapsedCallback.need_reset 0x2000006c   Data           1  encoder.o(.bss.HAL_TIM_PeriodElapsedCallback.need_reset)
    [Anonymous Symbol]                       0x20000070   Section        0  encoder.o(.bss.HAL_TIM_PeriodElapsedCallback.prev_target_velocity_L1)
    HAL_TIM_PeriodElapsedCallback.prev_target_velocity_L1 0x20000070   Data           4  encoder.o(.bss.HAL_TIM_PeriodElapsedCallback.prev_target_velocity_L1)
    [Anonymous Symbol]                       0x20000074   Section        0  encoder.o(.bss.HAL_TIM_PeriodElapsedCallback.prev_target_velocity_L2)
    HAL_TIM_PeriodElapsedCallback.prev_target_velocity_L2 0x20000074   Data           4  encoder.o(.bss.HAL_TIM_PeriodElapsedCallback.prev_target_velocity_L2)
    [Anonymous Symbol]                       0x20000078   Section        0  encoder.o(.bss.HAL_TIM_PeriodElapsedCallback.prev_target_velocity_R1)
    HAL_TIM_PeriodElapsedCallback.prev_target_velocity_R1 0x20000078   Data           4  encoder.o(.bss.HAL_TIM_PeriodElapsedCallback.prev_target_velocity_R1)
    [Anonymous Symbol]                       0x2000007c   Section        0  encoder.o(.bss.HAL_TIM_PeriodElapsedCallback.prev_target_velocity_R2)
    HAL_TIM_PeriodElapsedCallback.prev_target_velocity_R2 0x2000007c   Data           4  encoder.o(.bss.HAL_TIM_PeriodElapsedCallback.prev_target_velocity_R2)
    [Anonymous Symbol]                       0x20000080   Section        0  encoder.o(.bss.HAL_TIM_PeriodElapsedCallback.timecnt)
    HAL_TIM_PeriodElapsedCallback.timecnt    0x20000080   Data           4  encoder.o(.bss.HAL_TIM_PeriodElapsedCallback.timecnt)
    [Anonymous Symbol]                       0x20000084   Section        0  pid.o(.bss.Incremental_PID_Left.Pwm)
    Incremental_PID_Left.Pwm                 0x20000084   Data           4  pid.o(.bss.Incremental_PID_Left.Pwm)
    [Anonymous Symbol]                       0x20000088   Section        0  pid.o(.bss.Incremental_PID_Right.Pwm)
    Incremental_PID_Right.Pwm                0x20000088   Data           4  pid.o(.bss.Incremental_PID_Right.Pwm)
    [Anonymous Symbol]                       0x20000098   Section        0  pid.o(.bss.JY61P_Yaw_correct.PWM_OUT)
    JY61P_Yaw_correct.PWM_OUT                0x20000098   Data           4  pid.o(.bss.JY61P_Yaw_correct.PWM_OUT)
    [Anonymous Symbol]                       0x200000b0   Section        0  pid.o(.bss.Position_PID_Left.Bias)
    Position_PID_Left.Bias                   0x200000b0   Data           4  pid.o(.bss.Position_PID_Left.Bias)
    [Anonymous Symbol]                       0x200000b4   Section        0  pid.o(.bss.Position_PID_Left.Last_Bias)
    Position_PID_Left.Last_Bias              0x200000b4   Data           4  pid.o(.bss.Position_PID_Left.Last_Bias)
    [Anonymous Symbol]                       0x200000b8   Section        0  pid.o(.bss.Position_PID_Left.PWM_OUT)
    Position_PID_Left.PWM_OUT                0x200000b8   Data           4  pid.o(.bss.Position_PID_Left.PWM_OUT)
    [Anonymous Symbol]                       0x200000bc   Section        0  pid.o(.bss.Position_PID_Right.Bias)
    Position_PID_Right.Bias                  0x200000bc   Data           4  pid.o(.bss.Position_PID_Right.Bias)
    [Anonymous Symbol]                       0x200000c0   Section        0  pid.o(.bss.Position_PID_Right.Last_Bias)
    Position_PID_Right.Last_Bias             0x200000c0   Data           4  pid.o(.bss.Position_PID_Right.Last_Bias)
    [Anonymous Symbol]                       0x200000c4   Section        0  pid.o(.bss.Position_PID_Right.PWM_OUT)
    Position_PID_Right.PWM_OUT               0x200000c4   Data           4  pid.o(.bss.Position_PID_Right.PWM_OUT)
    [Anonymous Symbol]                       0x200002e8   Section        0  main.o(.bss.main.target_yaw)
    main.target_yaw                          0x200002e8   Data           4  main.o(.bss.main.target_yaw)
    __tagsym$$used.1                         0x20000304   Number         0  tasks.o(.bss.pxCurrentTCB)
    [Anonymous Symbol]                       0x20000308   Section        0  tasks.o(.bss.pxReadyTasksLists)
    pxReadyTasksLists                        0x20000308   Data         140  tasks.o(.bss.pxReadyTasksLists)
    [Anonymous Symbol]                       0x200003c4   Section        0  usart.o(.bss.uart_buf)
    uart_buf                                 0x200003c4   Data          16  usart.o(.bss.uart_buf)
    [Anonymous Symbol]                       0x200003d4   Section        0  usart.o(.bss.uart_head)
    uart_head                                0x200003d4   Data           1  usart.o(.bss.uart_head)
    [Anonymous Symbol]                       0x200003d5   Section        0  usart.o(.bss.uart_tail)
    uart_tail                                0x200003d5   Data           1  usart.o(.bss.uart_tail)
    [Anonymous Symbol]                       0x200003dc   Section        0  tasks.o(.bss.uxSchedulerSuspended)
    uxSchedulerSuspended                     0x200003dc   Data           4  tasks.o(.bss.uxSchedulerSuspended)
    [Anonymous Symbol]                       0x200003e0   Section        0  tasks.o(.bss.uxTopReadyPriority)
    uxTopReadyPriority                       0x200003e0   Data           4  tasks.o(.bss.uxTopReadyPriority)
    [Anonymous Symbol]                       0x200003e4   Section        0  tasks.o(.bss.xSchedulerRunning)
    xSchedulerRunning                        0x200003e4   Data           4  tasks.o(.bss.xSchedulerRunning)
    [Anonymous Symbol]                       0x200003e8   Section        0  tasks.o(.bss.xYieldPending)
    xYieldPending                            0x200003e8   Data           4  tasks.o(.bss.xYieldPending)
    STACK                                    0x200003f0   Section     1024  startup_stm32f401xc.o(STACK)

    Global Symbols

    Symbol Name                              Value     Ov Type        Size  Object(Section)

    BuildAttributes$$THM_ISAv4$E$P$D$K$B$S$7EM$VFPi3$EXTD16$VFPS$VFMA$PE$A:L22UL41UL21$X:L11$S22US41US21$IEEE1$IW$~IW$USESV6$~STKCKD$USESV7$~SHL$OTIME$ROPI$IEEEJ$EBA8$MICROLIB$REQ8$PRES8$EABIv2 0x00000000   Number         0  anon$$obj.o ABSOLUTE
    __cpp_initialize__aeabi_                  - Undefined Weak Reference
    __cxa_finalize                            - Undefined Weak Reference
    __decompress                              - Undefined Weak Reference
    _clock_init                               - Undefined Weak Reference
    _microlib_exit                            - Undefined Weak Reference
    __Vectors_Size                           0x00000194   Number         0  startup_stm32f401xc.o ABSOLUTE
    __Vectors                                0x08000000   Data           4  startup_stm32f401xc.o(RESET)
    __Vectors_End                            0x08000194   Data           0  startup_stm32f401xc.o(RESET)
    __main                                   0x08000195   Thumb Code     0  entry.o(.ARM.Collect$$$$00000000)
    _main_stk                                0x08000195   Thumb Code     0  entry2.o(.ARM.Collect$$$$00000001)
    _main_scatterload                        0x08000199   Thumb Code     0  entry5.o(.ARM.Collect$$$$00000004)
    __main_after_scatterload                 0x0800019d   Thumb Code     0  entry5.o(.ARM.Collect$$$$00000004)
    _main_clock                              0x0800019d   Thumb Code     0  entry7b.o(.ARM.Collect$$$$00000008)
    _main_cpp_init                           0x0800019d   Thumb Code     0  entry8b.o(.ARM.Collect$$$$0000000A)
    _main_init                               0x0800019d   Thumb Code     0  entry9a.o(.ARM.Collect$$$$0000000B)
    __rt_final_cpp                           0x080001a5   Thumb Code     0  entry10a.o(.ARM.Collect$$$$0000000D)
    __rt_final_exit                          0x080001a5   Thumb Code     0  entry11a.o(.ARM.Collect$$$$0000000F)
    Reset_Handler                            0x080001a9   Thumb Code     8  startup_stm32f401xc.o(.text)
    ADC_IRQHandler                           0x080001c3   Thumb Code     0  startup_stm32f401xc.o(.text)
    DMA1_Stream0_IRQHandler                  0x080001c3   Thumb Code     0  startup_stm32f401xc.o(.text)
    DMA1_Stream1_IRQHandler                  0x080001c3   Thumb Code     0  startup_stm32f401xc.o(.text)
    DMA1_Stream2_IRQHandler                  0x080001c3   Thumb Code     0  startup_stm32f401xc.o(.text)
    DMA1_Stream3_IRQHandler                  0x080001c3   Thumb Code     0  startup_stm32f401xc.o(.text)
    DMA1_Stream4_IRQHandler                  0x080001c3   Thumb Code     0  startup_stm32f401xc.o(.text)
    DMA1_Stream5_IRQHandler                  0x080001c3   Thumb Code     0  startup_stm32f401xc.o(.text)
    DMA1_Stream6_IRQHandler                  0x080001c3   Thumb Code     0  startup_stm32f401xc.o(.text)
    DMA1_Stream7_IRQHandler                  0x080001c3   Thumb Code     0  startup_stm32f401xc.o(.text)
    DMA2_Stream0_IRQHandler                  0x080001c3   Thumb Code     0  startup_stm32f401xc.o(.text)
    DMA2_Stream1_IRQHandler                  0x080001c3   Thumb Code     0  startup_stm32f401xc.o(.text)
    DMA2_Stream2_IRQHandler                  0x080001c3   Thumb Code     0  startup_stm32f401xc.o(.text)
    DMA2_Stream3_IRQHandler                  0x080001c3   Thumb Code     0  startup_stm32f401xc.o(.text)
    DMA2_Stream4_IRQHandler                  0x080001c3   Thumb Code     0  startup_stm32f401xc.o(.text)
    DMA2_Stream5_IRQHandler                  0x080001c3   Thumb Code     0  startup_stm32f401xc.o(.text)
    DMA2_Stream6_IRQHandler                  0x080001c3   Thumb Code     0  startup_stm32f401xc.o(.text)
    DMA2_Stream7_IRQHandler                  0x080001c3   Thumb Code     0  startup_stm32f401xc.o(.text)
    EXTI0_IRQHandler                         0x080001c3   Thumb Code     0  startup_stm32f401xc.o(.text)
    EXTI15_10_IRQHandler                     0x080001c3   Thumb Code     0  startup_stm32f401xc.o(.text)
    EXTI1_IRQHandler                         0x080001c3   Thumb Code     0  startup_stm32f401xc.o(.text)
    EXTI2_IRQHandler                         0x080001c3   Thumb Code     0  startup_stm32f401xc.o(.text)
    EXTI3_IRQHandler                         0x080001c3   Thumb Code     0  startup_stm32f401xc.o(.text)
    EXTI4_IRQHandler                         0x080001c3   Thumb Code     0  startup_stm32f401xc.o(.text)
    EXTI9_5_IRQHandler                       0x080001c3   Thumb Code     0  startup_stm32f401xc.o(.text)
    FLASH_IRQHandler                         0x080001c3   Thumb Code     0  startup_stm32f401xc.o(.text)
    FPU_IRQHandler                           0x080001c3   Thumb Code     0  startup_stm32f401xc.o(.text)
    I2C1_ER_IRQHandler                       0x080001c3   Thumb Code     0  startup_stm32f401xc.o(.text)
    I2C1_EV_IRQHandler                       0x080001c3   Thumb Code     0  startup_stm32f401xc.o(.text)
    I2C2_ER_IRQHandler                       0x080001c3   Thumb Code     0  startup_stm32f401xc.o(.text)
    I2C2_EV_IRQHandler                       0x080001c3   Thumb Code     0  startup_stm32f401xc.o(.text)
    I2C3_ER_IRQHandler                       0x080001c3   Thumb Code     0  startup_stm32f401xc.o(.text)
    I2C3_EV_IRQHandler                       0x080001c3   Thumb Code     0  startup_stm32f401xc.o(.text)
    OTG_FS_IRQHandler                        0x080001c3   Thumb Code     0  startup_stm32f401xc.o(.text)
    OTG_FS_WKUP_IRQHandler                   0x080001c3   Thumb Code     0  startup_stm32f401xc.o(.text)
    PVD_IRQHandler                           0x080001c3   Thumb Code     0  startup_stm32f401xc.o(.text)
    RCC_IRQHandler                           0x080001c3   Thumb Code     0  startup_stm32f401xc.o(.text)
    RTC_Alarm_IRQHandler                     0x080001c3   Thumb Code     0  startup_stm32f401xc.o(.text)
    RTC_WKUP_IRQHandler                      0x080001c3   Thumb Code     0  startup_stm32f401xc.o(.text)
    SDIO_IRQHandler                          0x080001c3   Thumb Code     0  startup_stm32f401xc.o(.text)
    SPI1_IRQHandler                          0x080001c3   Thumb Code     0  startup_stm32f401xc.o(.text)
    SPI2_IRQHandler                          0x080001c3   Thumb Code     0  startup_stm32f401xc.o(.text)
    SPI3_IRQHandler                          0x080001c3   Thumb Code     0  startup_stm32f401xc.o(.text)
    SPI4_IRQHandler                          0x080001c3   Thumb Code     0  startup_stm32f401xc.o(.text)
    TAMP_STAMP_IRQHandler                    0x080001c3   Thumb Code     0  startup_stm32f401xc.o(.text)
    TIM1_BRK_TIM9_IRQHandler                 0x080001c3   Thumb Code     0  startup_stm32f401xc.o(.text)
    TIM1_CC_IRQHandler                       0x080001c3   Thumb Code     0  startup_stm32f401xc.o(.text)
    TIM1_TRG_COM_TIM11_IRQHandler            0x080001c3   Thumb Code     0  startup_stm32f401xc.o(.text)
    TIM2_IRQHandler                          0x080001c3   Thumb Code     0  startup_stm32f401xc.o(.text)
    TIM3_IRQHandler                          0x080001c3   Thumb Code     0  startup_stm32f401xc.o(.text)
    TIM4_IRQHandler                          0x080001c3   Thumb Code     0  startup_stm32f401xc.o(.text)
    TIM5_IRQHandler                          0x080001c3   Thumb Code     0  startup_stm32f401xc.o(.text)
    USART2_IRQHandler                        0x080001c3   Thumb Code     0  startup_stm32f401xc.o(.text)
    USART6_IRQHandler                        0x080001c3   Thumb Code     0  startup_stm32f401xc.o(.text)
    WWDG_IRQHandler                          0x080001c3   Thumb Code     0  startup_stm32f401xc.o(.text)
    __aeabi_uldivmod                         0x080001cd   Thumb Code    98  uldiv.o(.text)
    labs                                     0x0800022f   Thumb Code     8  slabs.o(.text)
    __aeabi_memset                           0x08000237   Thumb Code    14  memseta.o(.text)
    __aeabi_memset4                          0x08000237   Thumb Code     0  memseta.o(.text)
    __aeabi_memset8                          0x08000237   Thumb Code     0  memseta.o(.text)
    __aeabi_memclr                           0x08000245   Thumb Code     4  memseta.o(.text)
    __aeabi_memclr4                          0x08000245   Thumb Code     0  memseta.o(.text)
    __aeabi_memclr8                          0x08000245   Thumb Code     0  memseta.o(.text)
    _memset$wrapper                          0x08000249   Thumb Code    18  memseta.o(.text)
    __aeabi_llsl                             0x0800025b   Thumb Code    30  llshl.o(.text)
    _ll_shift_l                              0x0800025b   Thumb Code     0  llshl.o(.text)
    __aeabi_llsr                             0x08000279   Thumb Code    32  llushr.o(.text)
    _ll_ushift_r                             0x08000279   Thumb Code     0  llushr.o(.text)
    __scatterload                            0x08000299   Thumb Code    28  init.o(.text)
    __scatterload_rt2                        0x08000299   Thumb Code     0  init.o(.text)
    BusFault_Handler                         0x080002bd   Thumb Code     4  stm32f4xx_it.o(.text.BusFault_Handler)
    CopeSerial1Data                          0x080002c1   Thumb Code   262  encoder.o(.text.CopeSerial1Data)
    DebugMon_Handler                         0x080003c9   Thumb Code     2  stm32f4xx_it.o(.text.DebugMon_Handler)
    Error_Handler                            0x080003cd   Thumb Code     6  main.o(.text.Error_Handler)
    HAL_DMA_Abort                            0x080003d5   Thumb Code   252  stm32f4xx_hal_dma.o(.text.HAL_DMA_Abort)
    HAL_DMA_Abort_IT                         0x080004d1   Thumb Code    72  stm32f4xx_hal_dma.o(.text.HAL_DMA_Abort_IT)
    HAL_GPIO_Init                            0x08000519   Thumb Code   892  stm32f4xx_hal_gpio.o(.text.HAL_GPIO_Init)
    HAL_GPIO_TogglePin                       0x08000895   Thumb Code    48  stm32f4xx_hal_gpio.o(.text.HAL_GPIO_TogglePin)
    HAL_GPIO_WritePin                        0x080008c5   Thumb Code    66  stm32f4xx_hal_gpio.o(.text.HAL_GPIO_WritePin)
    HAL_GetTick                              0x08000909   Thumb Code    12  stm32f4xx_hal.o(.text.HAL_GetTick)
    HAL_IncTick                              0x08000915   Thumb Code    26  stm32f4xx_hal.o(.text.HAL_IncTick)
    HAL_Init                                 0x08000931   Thumb Code    60  stm32f4xx_hal.o(.text.HAL_Init)
    HAL_InitTick                             0x0800096d   Thumb Code   118  stm32f4xx_hal.o(.text.HAL_InitTick)
    HAL_MspInit                              0x080009e5   Thumb Code    78  stm32f4xx_hal_msp.o(.text.HAL_MspInit)
    HAL_NVIC_EnableIRQ                       0x08000a35   Thumb Code    24  stm32f4xx_hal_cortex.o(.text.HAL_NVIC_EnableIRQ)
    HAL_NVIC_SetPriority                     0x08000a4d   Thumb Code    70  stm32f4xx_hal_cortex.o(.text.HAL_NVIC_SetPriority)
    HAL_NVIC_SetPriorityGrouping             0x08000a95   Thumb Code    20  stm32f4xx_hal_cortex.o(.text.HAL_NVIC_SetPriorityGrouping)
    HAL_RCC_ClockConfig                      0x08000aa9   Thumb Code   630  stm32f4xx_hal_rcc.o(.text.HAL_RCC_ClockConfig)
    HAL_RCC_GetHCLKFreq                      0x08000d21   Thumb Code    12  stm32f4xx_hal_rcc.o(.text.HAL_RCC_GetHCLKFreq)
    HAL_RCC_GetPCLK1Freq                     0x08000d2d   Thumb Code    38  stm32f4xx_hal_rcc.o(.text.HAL_RCC_GetPCLK1Freq)
    HAL_RCC_GetPCLK2Freq                     0x08000d55   Thumb Code    38  stm32f4xx_hal_rcc.o(.text.HAL_RCC_GetPCLK2Freq)
    HAL_RCC_GetSysClockFreq                  0x08000d7d   Thumb Code   232  stm32f4xx_hal_rcc.o(.text.HAL_RCC_GetSysClockFreq)
    HAL_RCC_OscConfig                        0x08000e65   Thumb Code  1792  stm32f4xx_hal_rcc.o(.text.HAL_RCC_OscConfig)
    HAL_SYSTICK_Config                       0x08001565   Thumb Code    20  stm32f4xx_hal_cortex.o(.text.HAL_SYSTICK_Config)
    HAL_TIMEx_BreakCallback                  0x08001579   Thumb Code    12  stm32f4xx_hal_tim_ex.o(.text.HAL_TIMEx_BreakCallback)
    HAL_TIMEx_CommutCallback                 0x08001585   Thumb Code    12  stm32f4xx_hal_tim_ex.o(.text.HAL_TIMEx_CommutCallback)
    HAL_TIMEx_ConfigBreakDeadTime            0x08001591   Thumb Code   186  stm32f4xx_hal_tim_ex.o(.text.HAL_TIMEx_ConfigBreakDeadTime)
    HAL_TIMEx_MasterConfigSynchronization    0x0800164d   Thumb Code   262  stm32f4xx_hal_tim_ex.o(.text.HAL_TIMEx_MasterConfigSynchronization)
    HAL_TIM_Base_Init                        0x08001755   Thumb Code   170  stm32f4xx_hal_tim.o(.text.HAL_TIM_Base_Init)
    HAL_TIM_Base_MspInit                     0x08001801   Thumb Code   144  tim.o(.text.HAL_TIM_Base_MspInit)
    HAL_TIM_Base_Start_IT                    0x08001891   Thumb Code   214  stm32f4xx_hal_tim.o(.text.HAL_TIM_Base_Start_IT)
    HAL_TIM_ConfigClockSource                0x08001969   Thumb Code   428  stm32f4xx_hal_tim.o(.text.HAL_TIM_ConfigClockSource)
    HAL_TIM_Encoder_Init                     0x08001b15   Thumb Code   322  stm32f4xx_hal_tim.o(.text.HAL_TIM_Encoder_Init)
    HAL_TIM_Encoder_MspInit                  0x08001c59   Thumb Code   598  tim.o(.text.HAL_TIM_Encoder_MspInit)
    HAL_TIM_Encoder_Start                    0x08001eb1   Thumb Code   346  stm32f4xx_hal_tim.o(.text.HAL_TIM_Encoder_Start)
    HAL_TIM_IC_CaptureCallback               0x0800200d   Thumb Code    12  stm32f4xx_hal_tim.o(.text.HAL_TIM_IC_CaptureCallback)
    HAL_TIM_IRQHandler                       0x08002019   Thumb Code   518  stm32f4xx_hal_tim.o(.text.HAL_TIM_IRQHandler)
    HAL_TIM_MspPostInit                      0x08002221   Thumb Code   200  tim.o(.text.HAL_TIM_MspPostInit)
    HAL_TIM_OC_DelayElapsedCallback          0x080022e9   Thumb Code    12  stm32f4xx_hal_tim.o(.text.HAL_TIM_OC_DelayElapsedCallback)
    HAL_TIM_PWM_ConfigChannel                0x080022f5   Thumb Code   350  stm32f4xx_hal_tim.o(.text.HAL_TIM_PWM_ConfigChannel)
    HAL_TIM_PWM_Init                         0x08002455   Thumb Code   170  stm32f4xx_hal_tim.o(.text.HAL_TIM_PWM_Init)
    HAL_TIM_PWM_MspInit                      0x08002501   Thumb Code    12  stm32f4xx_hal_tim.o(.text.HAL_TIM_PWM_MspInit)
    HAL_TIM_PWM_PulseFinishedCallback        0x0800250d   Thumb Code    12  stm32f4xx_hal_tim.o(.text.HAL_TIM_PWM_PulseFinishedCallback)
    HAL_TIM_PWM_Start                        0x08002519   Thumb Code   398  stm32f4xx_hal_tim.o(.text.HAL_TIM_PWM_Start)
    HAL_TIM_PeriodElapsedCallback            0x080026a9   Thumb Code  2196  encoder.o(.text.HAL_TIM_PeriodElapsedCallback)
    HAL_TIM_TriggerCallback                  0x08002f3d   Thumb Code    12  stm32f4xx_hal_tim.o(.text.HAL_TIM_TriggerCallback)
    HAL_UARTEx_RxEventCallback               0x08002f49   Thumb Code    20  stm32f4xx_hal_uart.o(.text.HAL_UARTEx_RxEventCallback)
    HAL_UART_ErrorCallback                   0x08002f5d   Thumb Code    12  stm32f4xx_hal_uart.o(.text.HAL_UART_ErrorCallback)
    HAL_UART_IRQHandler                      0x08002f69   Thumb Code  1154  stm32f4xx_hal_uart.o(.text.HAL_UART_IRQHandler)
    HAL_UART_Init                            0x080033ed   Thumb Code   170  stm32f4xx_hal_uart.o(.text.HAL_UART_Init)
    HAL_UART_MspInit                         0x08003499   Thumb Code   176  usart.o(.text.HAL_UART_MspInit)
    HAL_UART_Receive_IT                      0x08003549   Thumb Code   106  stm32f4xx_hal_uart.o(.text.HAL_UART_Receive_IT)
    HAL_UART_RxCpltCallback                  0x080035b5   Thumb Code    90  usart.o(.text.HAL_UART_RxCpltCallback)
    HAL_UART_TxCpltCallback                  0x08003611   Thumb Code    12  stm32f4xx_hal_uart.o(.text.HAL_UART_TxCpltCallback)
    HardFault_Handler                        0x0800361d   Thumb Code     4  stm32f4xx_it.o(.text.HardFault_Handler)
    Incremental_PID_Left                     0x08003621   Thumb Code   250  pid.o(.text.Incremental_PID_Left)
    Incremental_PID_Right                    0x0800371d   Thumb Code   250  pid.o(.text.Incremental_PID_Right)
    JY61P_Yaw_correct                        0x08003819   Thumb Code   468  pid.o(.text.JY61P_Yaw_correct)
    MX_GPIO_Init                             0x080039ed   Thumb Code   304  gpio.o(.text.MX_GPIO_Init)
    MX_TIM1_Init                             0x08003b1d   Thumb Code   332  tim.o(.text.MX_TIM1_Init)
    MX_TIM2_Init                             0x08003c69   Thumb Code   136  tim.o(.text.MX_TIM2_Init)
    MX_TIM3_Init                             0x08003cf1   Thumb Code   140  tim.o(.text.MX_TIM3_Init)
    MX_TIM4_Init                             0x08003d7d   Thumb Code   140  tim.o(.text.MX_TIM4_Init)
    MX_TIM5_Init                             0x08003e09   Thumb Code   140  tim.o(.text.MX_TIM5_Init)
    MX_TIM9_Init                             0x08003e95   Thumb Code   228  tim.o(.text.MX_TIM9_Init)
    MX_USART1_UART_Init                      0x08003f79   Thumb Code    60  usart.o(.text.MX_USART1_UART_Init)
    MemManage_Handler                        0x08003fb5   Thumb Code     4  stm32f4xx_it.o(.text.MemManage_Handler)
    Motor1_SetSpeed                          0x08003fb9   Thumb Code   120  motor.o(.text.Motor1_SetSpeed)
    Motor2_SetSpeed                          0x08004031   Thumb Code   120  motor.o(.text.Motor2_SetSpeed)
    Motor3_SetSpeed                          0x080040a9   Thumb Code   108  motor.o(.text.Motor3_SetSpeed)
    Motor4_SetSpeed                          0x08004115   Thumb Code   108  motor.o(.text.Motor4_SetSpeed)
    NMI_Handler                              0x08004181   Thumb Code     4  stm32f4xx_it.o(.text.NMI_Handler)
    Num_AllEncoder                           0x08004205   Thumb Code    48  encoder.o(.text.Num_AllEncoder)
    PendSV_Handler                           0x08004241   Thumb Code   100  port.o(.text.PendSV_Handler)
    Position_PID_Left                        0x080042a5   Thumb Code   318  pid.o(.text.Position_PID_Left)
    Position_PID_Right                       0x080043e5   Thumb Code   318  pid.o(.text.Position_PID_Right)
    Pulse_Encoder_Cnt                        0x08004525   Thumb Code    44  encoder.o(.text.Pulse_Encoder_Cnt)
    Rpm_Encoder_Cnt                          0x08004551   Thumb Code    56  encoder.o(.text.Rpm_Encoder_Cnt)
    SVC_Handler                              0x08004591   Thumb Code    36  port.o(.text.SVC_Handler)
    SysTick_Handler                          0x08004611   Thumb Code    24  stm32f4xx_it.o(.text.SysTick_Handler)
    SystemClock_Config                       0x08004629   Thumb Code   196  main.o(.text.SystemClock_Config)
    SystemInit                               0x080046ed   Thumb Code    18  system_stm32f4xx.o(.text.SystemInit)
    TIM1_UP_TIM10_IRQHandler                 0x08004701   Thumb Code    16  stm32f4xx_it.o(.text.TIM1_UP_TIM10_IRQHandler)
    TIM_Base_SetConfig                       0x08004711   Thumb Code   332  stm32f4xx_hal_tim.o(.text.TIM_Base_SetConfig)
    TIM_CCxChannelCmd                        0x0800485d   Thumb Code    74  stm32f4xx_hal_tim.o(.text.TIM_CCxChannelCmd)
    TIM_ETR_SetConfig                        0x080048a9   Thumb Code    74  stm32f4xx_hal_tim.o(.text.TIM_ETR_SetConfig)
    TIM_OC2_SetConfig                        0x080049fd   Thumb Code   220  stm32f4xx_hal_tim.o(.text.TIM_OC2_SetConfig)
    UART_ProcessBuffer                       0x08004dfd   Thumb Code    34  usart.o(.text.UART_ProcessBuffer)
    UART_Start_Receive_IT                    0x08005101   Thumb Code   118  stm32f4xx_hal_uart.o(.text.UART_Start_Receive_IT)
    USART1_IRQHandler                        0x08005219   Thumb Code    16  stm32f4xx_it.o(.text.USART1_IRQHandler)
    UsageFault_Handler                       0x08005229   Thumb Code     4  stm32f4xx_it.o(.text.UsageFault_Handler)
    Xianfu                                   0x0800522d   Thumb Code    56  encoder.o(.text.Xianfu)
    limitSpeedChange                         0x08005339   Thumb Code   136  encoder.o(.text.limitSpeedChange)
    main                                     0x080053c1   Thumb Code   368  main.o(.text.main)
    vApplicationStackOverflowHook            0x080055ed   Thumb Code    18  freertos_hooks.o(.text.vApplicationStackOverflowHook)
    vAssertCalled                            0x08005601   Thumb Code    18  freertos_hooks.o(.text.vAssertCalled)
    vTaskSwitchContext                       0x08005615   Thumb Code   288  tasks.o(.text.vTaskSwitchContext)
    xTaskGetSchedulerState                   0x08005735   Thumb Code    60  tasks.o(.text.xTaskGetSchedulerState)
    __scatterload_copy                       0x08005771   Thumb Code    14  handlers.o(i.__scatterload_copy)
    __scatterload_null                       0x0800577f   Thumb Code     2  handlers.o(i.__scatterload_null)
    __scatterload_zeroinit                   0x08005781   Thumb Code    14  handlers.o(i.__scatterload_zeroinit)
    AHBPrescTable                            0x0800578e   Data          16  system_stm32f4xx.o(.rodata.AHBPrescTable)
    APBPrescTable                            0x0800579e   Data           8  system_stm32f4xx.o(.rodata.APBPrescTable)
    Region$$Table$$Base                      0x080057c4   Number         0  anon$$obj.o(Region$$Table)
    Region$$Table$$Limit                     0x080057e4   Number         0  anon$$obj.o(Region$$Table)
    Incremental_KD_L                         0x20000000   Data           4  pid.o(.data.Incremental_KD_L)
    Incremental_KD_R                         0x20000004   Data           4  pid.o(.data.Incremental_KD_R)
    Incremental_KI_L                         0x20000008   Data           4  pid.o(.data.Incremental_KI_L)
    Incremental_KI_R                         0x2000000c   Data           4  pid.o(.data.Incremental_KI_R)
    Incremental_KP_L                         0x20000010   Data           4  pid.o(.data.Incremental_KP_L)
    Incremental_KP_R                         0x20000014   Data           4  pid.o(.data.Incremental_KP_R)
    Position_KD_L                            0x20000018   Data           4  pid.o(.data.Position_KD_L)
    Position_KD_R                            0x2000001c   Data           4  pid.o(.data.Position_KD_R)
    Position_KI_L                            0x20000020   Data           4  pid.o(.data.Position_KI_L)
    Position_KI_R                            0x20000024   Data           4  pid.o(.data.Position_KI_R)
    Position_KP_L                            0x20000028   Data           4  pid.o(.data.Position_KP_L)
    Position_KP_R                            0x2000002c   Data           4  pid.o(.data.Position_KP_R)
    SystemCoreClock                          0x20000030   Data           4  system_stm32f4xx.o(.data.SystemCoreClock)
    Yaw_KP                                   0x20000034   Data           4  pid.o(.data.Yaw_KP)
    num                                      0x20000038   Data           4  encoder.o(.data.num)
    rpm                                      0x2000003c   Data           4  encoder.o(.data.rpm)
    uwTickFreq                               0x20000040   Data           1  stm32f4xx_hal.o(.data.uwTickFreq)
    uwTickPrio                               0x20000044   Data           4  stm32f4xx_hal.o(.data.uwTickPrio)
    Bias_Left                                0x20000048   Data           4  pid.o(.bss.Bias_Left)
    Bias_Right                               0x2000004c   Data           4  pid.o(.bss.Bias_Right)
    Bias_yaw                                 0x20000050   Data           4  pid.o(.bss.Bias_yaw)
    Encoder1_cnt                             0x20000064   Data           2  encoder.o(.bss.Encoder1_cnt)
    Encoder2_cnt                             0x20000066   Data           2  encoder.o(.bss.Encoder2_cnt)
    Encoder3_cnt                             0x20000068   Data           2  encoder.o(.bss.Encoder3_cnt)
    Encoder4_cnt                             0x2000006a   Data           2  encoder.o(.bss.Encoder4_cnt)
    Integral_bias_Left                       0x2000008c   Data           4  pid.o(.bss.Integral_bias_Left)
    Integral_bias_Right                      0x20000090   Data           4  pid.o(.bss.Integral_bias_Right)
    Integral_bias_yaw                        0x20000094   Data           4  pid.o(.bss.Integral_bias_yaw)
    Last_bias_Left                           0x2000009c   Data           4  pid.o(.bss.Last_bias_Left)
    Last_bias_Right                          0x200000a0   Data           4  pid.o(.bss.Last_bias_Right)
    Last_bias_yaw                            0x200000a4   Data           4  pid.o(.bss.Last_bias_yaw)
    Motor1Speed                              0x200000a8   Data           2  encoder.o(.bss.Motor1Speed)
    Motor2Speed                              0x200000aa   Data           2  encoder.o(.bss.Motor2Speed)
    Motor3Speed                              0x200000ac   Data           2  encoder.o(.bss.Motor3Speed)
    Motor4Speed                              0x200000ae   Data           2  encoder.o(.bss.Motor4Speed)
    Prev_bias_Left                           0x200000c8   Data           4  pid.o(.bss.Prev_bias_Left)
    Prev_bias_Right                          0x200000cc   Data           4  pid.o(.bss.Prev_bias_Right)
    Rpm_Num_L                                0x200000d0   Data           4  encoder.o(.bss.Rpm_Num_L)
    Rpm_Num_R                                0x200000d4   Data           4  encoder.o(.bss.Rpm_Num_R)
    RxByte                                   0x200000d8   Data           1  usart.o(.bss.RxByte)
    Target_Position                          0x200000dc   Data           4  encoder.o(.bss.Target_Position)
    Target_Velocity                          0x200000e0   Data           4  encoder.o(.bss.Target_Velocity)
    Yaw_KD                                   0x200000e4   Data           4  pid.o(.bss.Yaw_KD)
    Yaw_KI                                   0x200000e8   Data           4  pid.o(.bss.Yaw_KI)
    current_yaw                              0x200000ec   Data           4  encoder.o(.bss.current_yaw)
    htim1                                    0x200000f0   Data          72  tim.o(.bss.htim1)
    htim2                                    0x20000138   Data          72  tim.o(.bss.htim2)
    htim3                                    0x20000180   Data          72  tim.o(.bss.htim3)
    htim4                                    0x200001c8   Data          72  tim.o(.bss.htim4)
    htim5                                    0x20000210   Data          72  tim.o(.bss.htim5)
    htim9                                    0x20000258   Data          72  tim.o(.bss.htim9)
    huart1                                   0x200002a0   Data          72  usart.o(.bss.huart1)
    now_position1                            0x200002ec   Data           4  encoder.o(.bss.now_position1)
    now_position2                            0x200002f0   Data           4  encoder.o(.bss.now_position2)
    now_position3                            0x200002f4   Data           4  encoder.o(.bss.now_position3)
    now_position4                            0x200002f8   Data           4  encoder.o(.bss.now_position4)
    now_position_L                           0x200002fc   Data           4  encoder.o(.bss.now_position_L)
    now_position_R                           0x20000300   Data           4  encoder.o(.bss.now_position_R)
    pxCurrentTCB                             0x20000304   Data           4  tasks.o(.bss.pxCurrentTCB)
    speed_output_L1                          0x20000394   Data           4  encoder.o(.bss.speed_output_L1)
    speed_output_L2                          0x20000398   Data           4  encoder.o(.bss.speed_output_L2)
    speed_output_R1                          0x2000039c   Data           4  encoder.o(.bss.speed_output_R1)
    speed_output_R2                          0x200003a0   Data           4  encoder.o(.bss.speed_output_R2)
    stcAngle                                 0x200003a4   Data           8  encoder.o(.bss.stcAngle)
    stcAngle_seq                             0x200003ac   Data           1  encoder.o(.bss.stcAngle_seq)
    target_velocity_L1                       0x200003b0   Data           4  encoder.o(.bss.target_velocity_L1)
    target_velocity_L2                       0x200003b4   Data           4  encoder.o(.bss.target_velocity_L2)
    target_velocity_R1                       0x200003b8   Data           4  encoder.o(.bss.target_velocity_R1)
    target_velocity_R2                       0x200003bc   Data           4  encoder.o(.bss.target_velocity_R2)
    target_yaw                               0x200003c0   Data           4  main.o(.bss.target_yaw)
    uwTick                                   0x200003d8   Data           4  stm32f4xx_hal.o(.bss.uwTick)
    yaw_correction                           0x200003ec   Data           4  encoder.o(.bss.yaw_correction)
    __initial_sp                             0x200007f0   Data           0  startup_stm32f401xc.o(STACK)



==============================================================================

Memory Map of the image

  Image Entry point : 0x08000195

  Load Region LR_IROM1 (Base: 0x08000000, Size: 0x00005830, Max: 0x00040000, ABSOLUTE)

    Execution Region ER_IROM1 (Exec base: 0x08000000, Load base: 0x08000000, Size: 0x000057e4, Max: 0x00040000, ABSOLUTE)

    Exec Addr    Load Addr    Size         Type   Attr      Idx    E Section Name        Object

    0x08000000   0x08000000   0x00000194   Data   RO            3    RESET               startup_stm32f401xc.o
    0x08000194   0x08000194   0x00000000   Code   RO         1759  * .ARM.Collect$$$$00000000  mc_w.l(entry.o)
    0x08000194   0x08000194   0x00000004   Code   RO         1780    .ARM.Collect$$$$00000001  mc_w.l(entry2.o)
    0x08000198   0x08000198   0x00000004   Code   RO         1783    .ARM.Collect$$$$00000004  mc_w.l(entry5.o)
    0x0800019c   0x0800019c   0x00000000   Code   RO         1785    .ARM.Collect$$$$00000008  mc_w.l(entry7b.o)
    0x0800019c   0x0800019c   0x00000000   Code   RO         1787    .ARM.Collect$$$$0000000A  mc_w.l(entry8b.o)
    0x0800019c   0x0800019c   0x00000008   Code   RO         1788    .ARM.Collect$$$$0000000B  mc_w.l(entry9a.o)
    0x080001a4   0x080001a4   0x00000000   Code   RO         1790    .ARM.Collect$$$$0000000D  mc_w.l(entry10a.o)
    0x080001a4   0x080001a4   0x00000000   Code   RO         1792    .ARM.Collect$$$$0000000F  mc_w.l(entry11a.o)
    0x080001a4   0x080001a4   0x00000004   Code   RO         1781    .ARM.Collect$$$$00002712  mc_w.l(entry2.o)
    0x080001a8   0x080001a8   0x00000024   Code   RO            4    .text               startup_stm32f401xc.o
    0x080001cc   0x080001cc   0x00000062   Code   RO         1762    .text               mc_w.l(uldiv.o)
    0x0800022e   0x0800022e   0x00000008   Code   RO         1764    .text               mc_w.l(slabs.o)
    0x08000236   0x08000236   0x00000024   Code   RO         1770    .text               mc_w.l(memseta.o)
    0x0800025a   0x0800025a   0x0000001e   Code   RO         1794    .text               mc_w.l(llshl.o)
    0x08000278   0x08000278   0x00000020   Code   RO         1796    .text               mc_w.l(llushr.o)
    0x08000298   0x08000298   0x00000024   Code   RO         1799    .text               mc_w.l(init.o)
    0x080002bc   0x080002bc   0x00000004   Code   RO          116    .text.BusFault_Handler  stm32f4xx_it.o
    0x080002c0   0x080002c0   0x00000106   Code   RO         1597    .text.CopeSerial1Data  encoder.o
    0x080003c6   0x080003c6   0x00000002   PAD
    0x080003c8   0x080003c8   0x00000002   Code   RO          120    .text.DebugMon_Handler  stm32f4xx_it.o
    0x080003ca   0x080003ca   0x00000002   PAD
    0x080003cc   0x080003cc   0x00000006   Code   RO           15    .text.Error_Handler  main.o
    0x080003d2   0x080003d2   0x00000002   PAD
    0x080003d4   0x080003d4   0x000000fc   Code   RO          710    .text.HAL_DMA_Abort  stm32f4xx_hal_dma.o
    0x080004d0   0x080004d0   0x00000048   Code   RO          712    .text.HAL_DMA_Abort_IT  stm32f4xx_hal_dma.o
    0x08000518   0x08000518   0x0000037c   Code   RO          652    .text.HAL_GPIO_Init  stm32f4xx_hal_gpio.o
    0x08000894   0x08000894   0x00000030   Code   RO          660    .text.HAL_GPIO_TogglePin  stm32f4xx_hal_gpio.o
    0x080008c4   0x080008c4   0x00000042   Code   RO          658    .text.HAL_GPIO_WritePin  stm32f4xx_hal_gpio.o
    0x08000906   0x08000906   0x00000002   PAD
    0x08000908   0x08000908   0x0000000c   Code   RO          903    .text.HAL_GetTick   stm32f4xx_hal.o
    0x08000914   0x08000914   0x0000001a   Code   RO          901    .text.HAL_IncTick   stm32f4xx_hal.o
    0x0800092e   0x0800092e   0x00000002   PAD
    0x08000930   0x08000930   0x0000003c   Code   RO          891    .text.HAL_Init      stm32f4xx_hal.o
    0x0800096c   0x0800096c   0x00000076   Code   RO          893    .text.HAL_InitTick  stm32f4xx_hal.o
    0x080009e2   0x080009e2   0x00000002   PAD
    0x080009e4   0x080009e4   0x0000004e   Code   RO          138    .text.HAL_MspInit   stm32f4xx_hal_msp.o
    0x08000a32   0x08000a32   0x00000002   PAD
    0x08000a34   0x08000a34   0x00000018   Code   RO          823    .text.HAL_NVIC_EnableIRQ  stm32f4xx_hal_cortex.o
    0x08000a4c   0x08000a4c   0x00000046   Code   RO          815    .text.HAL_NVIC_SetPriority  stm32f4xx_hal_cortex.o
    0x08000a92   0x08000a92   0x00000002   PAD
    0x08000a94   0x08000a94   0x00000014   Code   RO          811    .text.HAL_NVIC_SetPriorityGrouping  stm32f4xx_hal_cortex.o
    0x08000aa8   0x08000aa8   0x00000276   Code   RO          496    .text.HAL_RCC_ClockConfig  stm32f4xx_hal_rcc.o
    0x08000d1e   0x08000d1e   0x00000002   PAD
    0x08000d20   0x08000d20   0x0000000c   Code   RO          506    .text.HAL_RCC_GetHCLKFreq  stm32f4xx_hal_rcc.o
    0x08000d2c   0x08000d2c   0x00000026   Code   RO          508    .text.HAL_RCC_GetPCLK1Freq  stm32f4xx_hal_rcc.o
    0x08000d52   0x08000d52   0x00000002   PAD
    0x08000d54   0x08000d54   0x00000026   Code   RO          510    .text.HAL_RCC_GetPCLK2Freq  stm32f4xx_hal_rcc.o
    0x08000d7a   0x08000d7a   0x00000002   PAD
    0x08000d7c   0x08000d7c   0x000000e8   Code   RO          498    .text.HAL_RCC_GetSysClockFreq  stm32f4xx_hal_rcc.o
    0x08000e64   0x08000e64   0x00000700   Code   RO          494    .text.HAL_RCC_OscConfig  stm32f4xx_hal_rcc.o
    0x08001564   0x08001564   0x00000014   Code   RO          835    .text.HAL_SYSTICK_Config  stm32f4xx_hal_cortex.o
    0x08001578   0x08001578   0x0000000c   Code   RO          476    .text.HAL_TIMEx_BreakCallback  stm32f4xx_hal_tim_ex.o
    0x08001584   0x08001584   0x0000000c   Code   RO          472    .text.HAL_TIMEx_CommutCallback  stm32f4xx_hal_tim_ex.o
    0x08001590   0x08001590   0x000000ba   Code   RO          468    .text.HAL_TIMEx_ConfigBreakDeadTime  stm32f4xx_hal_tim_ex.o
    0x0800164a   0x0800164a   0x00000002   PAD
    0x0800164c   0x0800164c   0x00000106   Code   RO          466    .text.HAL_TIMEx_MasterConfigSynchronization  stm32f4xx_hal_tim_ex.o
    0x08001752   0x08001752   0x00000002   PAD
    0x08001754   0x08001754   0x000000aa   Code   RO          150    .text.HAL_TIM_Base_Init  stm32f4xx_hal_tim.o
    0x080017fe   0x080017fe   0x00000002   PAD
    0x08001800   0x08001800   0x00000090   Code   RO           57    .text.HAL_TIM_Base_MspInit  tim.o
    0x08001890   0x08001890   0x000000d6   Code   RO          164    .text.HAL_TIM_Base_Start_IT  stm32f4xx_hal_tim.o
    0x08001966   0x08001966   0x00000002   PAD
    0x08001968   0x08001968   0x000001ac   Code   RO          342    .text.HAL_TIM_ConfigClockSource  stm32f4xx_hal_tim.o
    0x08001b14   0x08001b14   0x00000142   Code   RO          264    .text.HAL_TIM_Encoder_Init  stm32f4xx_hal_tim.o
    0x08001c56   0x08001c56   0x00000002   PAD
    0x08001c58   0x08001c58   0x00000256   Code   RO           59    .text.HAL_TIM_Encoder_MspInit  tim.o
    0x08001eae   0x08001eae   0x00000002   PAD
    0x08001eb0   0x08001eb0   0x0000015a   Code   RO          272    .text.HAL_TIM_Encoder_Start  stm32f4xx_hal_tim.o
    0x0800200a   0x0800200a   0x00000002   PAD
    0x0800200c   0x0800200c   0x0000000c   Code   RO          286    .text.HAL_TIM_IC_CaptureCallback  stm32f4xx_hal_tim.o
    0x08002018   0x08002018   0x00000206   Code   RO          284    .text.HAL_TIM_IRQHandler  stm32f4xx_hal_tim.o
    0x0800221e   0x0800221e   0x00000002   PAD
    0x08002220   0x08002220   0x000000c8   Code   RO           45    .text.HAL_TIM_MspPostInit  tim.o
    0x080022e8   0x080022e8   0x0000000c   Code   RO          288    .text.HAL_TIM_OC_DelayElapsedCallback  stm32f4xx_hal_tim.o
    0x080022f4   0x080022f4   0x0000015e   Code   RO          316    .text.HAL_TIM_PWM_ConfigChannel  stm32f4xx_hal_tim.o
    0x08002452   0x08002452   0x00000002   PAD
    0x08002454   0x08002454   0x000000aa   Code   RO          204    .text.HAL_TIM_PWM_Init  stm32f4xx_hal_tim.o
    0x080024fe   0x080024fe   0x00000002   PAD
    0x08002500   0x08002500   0x0000000c   Code   RO          206    .text.HAL_TIM_PWM_MspInit  stm32f4xx_hal_tim.o
    0x0800250c   0x0800250c   0x0000000c   Code   RO          290    .text.HAL_TIM_PWM_PulseFinishedCallback  stm32f4xx_hal_tim.o
    0x08002518   0x08002518   0x0000018e   Code   RO          212    .text.HAL_TIM_PWM_Start  stm32f4xx_hal_tim.o
    0x080026a6   0x080026a6   0x00000002   PAD
    0x080026a8   0x080026a8   0x00000894   Code   RO         1599    .text.HAL_TIM_PeriodElapsedCallback  encoder.o
    0x08002f3c   0x08002f3c   0x0000000c   Code   RO          294    .text.HAL_TIM_TriggerCallback  stm32f4xx_hal_tim.o
    0x08002f48   0x08002f48   0x00000014   Code   RO         1078    .text.HAL_UARTEx_RxEventCallback  stm32f4xx_hal_uart.o
    0x08002f5c   0x08002f5c   0x0000000c   Code   RO         1076    .text.HAL_UART_ErrorCallback  stm32f4xx_hal_uart.o
    0x08002f68   0x08002f68   0x00000482   Code   RO         1070    .text.HAL_UART_IRQHandler  stm32f4xx_hal_uart.o
    0x080033ea   0x080033ea   0x00000002   PAD
    0x080033ec   0x080033ec   0x000000aa   Code   RO          986    .text.HAL_UART_Init  stm32f4xx_hal_uart.o
    0x08003496   0x08003496   0x00000002   PAD
    0x08003498   0x08003498   0x000000b0   Code   RO           83    .text.HAL_UART_MspInit  usart.o
    0x08003548   0x08003548   0x0000006a   Code   RO         1010    .text.HAL_UART_Receive_IT  stm32f4xx_hal_uart.o
    0x080035b2   0x080035b2   0x00000002   PAD
    0x080035b4   0x080035b4   0x0000005a   Code   RO           87    .text.HAL_UART_RxCpltCallback  usart.o
    0x0800360e   0x0800360e   0x00000002   PAD
    0x08003610   0x08003610   0x0000000c   Code   RO         1084    .text.HAL_UART_TxCpltCallback  stm32f4xx_hal_uart.o
    0x0800361c   0x0800361c   0x00000004   Code   RO          112    .text.HardFault_Handler  stm32f4xx_it.o
    0x08003620   0x08003620   0x000000fa   Code   RO         1686    .text.Incremental_PID_Left  pid.o
    0x0800371a   0x0800371a   0x00000002   PAD
    0x0800371c   0x0800371c   0x000000fa   Code   RO         1688    .text.Incremental_PID_Right  pid.o
    0x08003816   0x08003816   0x00000002   PAD
    0x08003818   0x08003818   0x000001d4   Code   RO         1690    .text.JY61P_Yaw_correct  pid.o
    0x080039ec   0x080039ec   0x00000130   Code   RO           31    .text.MX_GPIO_Init  gpio.o
    0x08003b1c   0x08003b1c   0x0000014c   Code   RO           43    .text.MX_TIM1_Init  tim.o
    0x08003c68   0x08003c68   0x00000088   Code   RO           47    .text.MX_TIM2_Init  tim.o
    0x08003cf0   0x08003cf0   0x0000008c   Code   RO           49    .text.MX_TIM3_Init  tim.o
    0x08003d7c   0x08003d7c   0x0000008c   Code   RO           51    .text.MX_TIM4_Init  tim.o
    0x08003e08   0x08003e08   0x0000008c   Code   RO           53    .text.MX_TIM5_Init  tim.o
    0x08003e94   0x08003e94   0x000000e4   Code   RO           55    .text.MX_TIM9_Init  tim.o
    0x08003f78   0x08003f78   0x0000003c   Code   RO           81    .text.MX_USART1_UART_Init  usart.o
    0x08003fb4   0x08003fb4   0x00000004   Code   RO          114    .text.MemManage_Handler  stm32f4xx_it.o
    0x08003fb8   0x08003fb8   0x00000078   Code   RO         1664    .text.Motor1_SetSpeed  motor.o
    0x08004030   0x08004030   0x00000078   Code   RO         1666    .text.Motor2_SetSpeed  motor.o
    0x080040a8   0x080040a8   0x0000006c   Code   RO         1668    .text.Motor3_SetSpeed  motor.o
    0x08004114   0x08004114   0x0000006c   Code   RO         1670    .text.Motor4_SetSpeed  motor.o
    0x08004180   0x08004180   0x00000004   Code   RO          110    .text.NMI_Handler   stm32f4xx_it.o
    0x08004184   0x08004184   0x00000080   Code   RO          821    .text.NVIC_EncodePriority  stm32f4xx_hal_cortex.o
    0x08004204   0x08004204   0x00000030   Code   RO         1591    .text.Num_AllEncoder  encoder.o
    0x08004234   0x08004234   0x0000000c   PAD
    0x08004240   0x08004240   0x00000064   Code   RO         1547    .text.PendSV_Handler  port.o
    0x080042a4   0x080042a4   0x0000013e   Code   RO         1682    .text.Position_PID_Left  pid.o
    0x080043e2   0x080043e2   0x00000002   PAD
    0x080043e4   0x080043e4   0x0000013e   Code   RO         1684    .text.Position_PID_Right  pid.o
    0x08004522   0x08004522   0x00000002   PAD
    0x08004524   0x08004524   0x0000002c   Code   RO         1585    .text.Pulse_Encoder_Cnt  encoder.o
    0x08004550   0x08004550   0x00000038   Code   RO         1587    .text.Rpm_Encoder_Cnt  encoder.o
    0x08004588   0x08004588   0x00000008   PAD
    0x08004590   0x08004590   0x00000024   Code   RO         1531    .text.SVC_Handler   port.o
    0x080045b4   0x080045b4   0x0000005a   Code   RO          837    .text.SysTick_Config  stm32f4xx_hal_cortex.o
    0x0800460e   0x0800460e   0x00000002   PAD
    0x08004610   0x08004610   0x00000018   Code   RO          122    .text.SysTick_Handler  stm32f4xx_it.o
    0x08004628   0x08004628   0x000000c4   Code   RO           13    .text.SystemClock_Config  main.o
    0x080046ec   0x080046ec   0x00000012   Code   RO         1120    .text.SystemInit    system_stm32f4xx.o
    0x080046fe   0x080046fe   0x00000002   PAD
    0x08004700   0x08004700   0x00000010   Code   RO          124    .text.TIM1_UP_TIM10_IRQHandler  stm32f4xx_it.o
    0x08004710   0x08004710   0x0000014c   Code   RO          154    .text.TIM_Base_SetConfig  stm32f4xx_hal_tim.o
    0x0800485c   0x0800485c   0x0000004a   Code   RO          188    .text.TIM_CCxChannelCmd  stm32f4xx_hal_tim.o
    0x080048a6   0x080048a6   0x00000002   PAD
    0x080048a8   0x080048a8   0x0000004a   Code   RO          340    .text.TIM_ETR_SetConfig  stm32f4xx_hal_tim.o
    0x080048f2   0x080048f2   0x00000002   PAD
    0x080048f4   0x080048f4   0x00000032   Code   RO          346    .text.TIM_ITRx_SetConfig  stm32f4xx_hal_tim.o
    0x08004926   0x08004926   0x00000002   PAD
    0x08004928   0x08004928   0x000000d2   Code   RO          298    .text.TIM_OC1_SetConfig  stm32f4xx_hal_tim.o
    0x080049fa   0x080049fa   0x00000002   PAD
    0x080049fc   0x080049fc   0x000000dc   Code   RO          300    .text.TIM_OC2_SetConfig  stm32f4xx_hal_tim.o
    0x08004ad8   0x08004ad8   0x000000da   Code   RO          302    .text.TIM_OC3_SetConfig  stm32f4xx_hal_tim.o
    0x08004bb2   0x08004bb2   0x00000002   PAD
    0x08004bb4   0x08004bb4   0x0000009c   Code   RO          304    .text.TIM_OC4_SetConfig  stm32f4xx_hal_tim.o
    0x08004c50   0x08004c50   0x00000062   Code   RO          344    .text.TIM_TI1_ConfigInputStage  stm32f4xx_hal_tim.o
    0x08004cb2   0x08004cb2   0x00000002   PAD
    0x08004cb4   0x08004cb4   0x00000064   Code   RO          348    .text.TIM_TI2_ConfigInputStage  stm32f4xx_hal_tim.o
    0x08004d18   0x08004d18   0x00000020   Code   RO         1074    .text.UART_DMAAbortOnError  stm32f4xx_hal_uart.o
    0x08004d38   0x08004d38   0x00000098   Code   RO         1034    .text.UART_EndRxTransfer  stm32f4xx_hal_uart.o
    0x08004dd0   0x08004dd0   0x0000002a   Code   RO         1082    .text.UART_EndTransmit_IT  stm32f4xx_hal_uart.o
    0x08004dfa   0x08004dfa   0x00000002   PAD
    0x08004dfc   0x08004dfc   0x00000022   Code   RO           91    .text.UART_ProcessBuffer  usart.o
    0x08004e1e   0x08004e1e   0x00000002   PAD
    0x08004e20   0x08004e20   0x00000176   Code   RO         1072    .text.UART_Receive_IT  stm32f4xx_hal_uart.o
    0x08004f96   0x08004f96   0x00000002   PAD
    0x08004f98   0x08004f98   0x00000166   Code   RO          990    .text.UART_SetConfig  stm32f4xx_hal_uart.o
    0x080050fe   0x080050fe   0x00000002   PAD
    0x08005100   0x08005100   0x00000076   Code   RO         1012    .text.UART_Start_Receive_IT  stm32f4xx_hal_uart.o
    0x08005176   0x08005176   0x00000002   PAD
    0x08005178   0x08005178   0x0000009e   Code   RO         1080    .text.UART_Transmit_IT  stm32f4xx_hal_uart.o
    0x08005216   0x08005216   0x00000002   PAD
    0x08005218   0x08005218   0x00000010   Code   RO          126    .text.USART1_IRQHandler  stm32f4xx_it.o
    0x08005228   0x08005228   0x00000004   Code   RO          118    .text.UsageFault_Handler  stm32f4xx_it.o
    0x0800522c   0x0800522c   0x00000038   Code   RO         1583    .text.Xianfu        encoder.o
    0x08005264   0x08005264   0x00000036   Code   RO          825    .text.__NVIC_EnableIRQ  stm32f4xx_hal_cortex.o
    0x0800529a   0x0800529a   0x00000002   PAD
    0x0800529c   0x0800529c   0x00000010   Code   RO          817    .text.__NVIC_GetPriorityGrouping  stm32f4xx_hal_cortex.o
    0x080052ac   0x080052ac   0x0000004a   Code   RO          819    .text.__NVIC_SetPriority  stm32f4xx_hal_cortex.o
    0x080052f6   0x080052f6   0x00000002   PAD
    0x080052f8   0x080052f8   0x00000040   Code   RO          813    .text.__NVIC_SetPriorityGrouping  stm32f4xx_hal_cortex.o
    0x08005338   0x08005338   0x00000088   Code   RO         1581    .text.limitSpeedChange  encoder.o
    0x080053c0   0x080053c0   0x00000170   Code   RO           11    .text.main          main.o
    0x08005530   0x08005530   0x00000058   Code   RO           93    .text.uart_dequeue  usart.o
    0x08005588   0x08005588   0x00000064   Code   RO           89    .text.uart_enqueue  usart.o
    0x080055ec   0x080055ec   0x00000012   Code   RO         1565    .text.vApplicationStackOverflowHook  freertos_hooks.o
    0x080055fe   0x080055fe   0x00000002   PAD
    0x08005600   0x08005600   0x00000012   Code   RO         1569    .text.vAssertCalled  freertos_hooks.o
    0x08005612   0x08005612   0x00000002   PAD
    0x08005614   0x08005614   0x00000120   Code   RO         1341    .text.vTaskSwitchContext  tasks.o
    0x08005734   0x08005734   0x0000003c   Code   RO         1365    .text.xTaskGetSchedulerState  tasks.o
    0x08005770   0x08005770   0x0000000e   Code   RO         1803    i.__scatterload_copy  mc_w.l(handlers.o)
    0x0800577e   0x0800577e   0x00000002   Code   RO         1804    i.__scatterload_null  mc_w.l(handlers.o)
    0x08005780   0x08005780   0x0000000e   Code   RO         1805    i.__scatterload_zeroinit  mc_w.l(handlers.o)
    0x0800578e   0x0800578e   0x00000010   Data   RO         1125    .rodata.AHBPrescTable  system_stm32f4xx.o
    0x0800579e   0x0800579e   0x00000008   Data   RO         1126    .rodata.APBPrescTable  system_stm32f4xx.o
    0x080057a6   0x080057a6   0x0000001b   Data   RO         1397    .rodata.str1.1      tasks.o
    0x080057c1   0x080057c1   0x00000003   PAD
    0x080057c4   0x080057c4   0x00000020   Data   RO         1801    Region$$Table       anon$$obj.o


    Execution Region RW_IRAM1 (Exec base: 0x20000000, Load base: 0x080057e8, Size: 0x000007f0, Max: 0x00010000, ABSOLUTE)

    Exec Addr    Load Addr    Size         Type   Attr      Idx    E Section Name        Object

    0x20000000   0x080057e8   0x00000004   Data   RW         1711    .data.Incremental_KD_L  pid.o
    0x20000004   0x080057ec   0x00000004   Data   RW         1714    .data.Incremental_KD_R  pid.o
    0x20000008   0x080057f0   0x00000004   Data   RW         1710    .data.Incremental_KI_L  pid.o
    0x2000000c   0x080057f4   0x00000004   Data   RW         1713    .data.Incremental_KI_R  pid.o
    0x20000010   0x080057f8   0x00000004   Data   RW         1709    .data.Incremental_KP_L  pid.o
    0x20000014   0x080057fc   0x00000004   Data   RW         1712    .data.Incremental_KP_R  pid.o
    0x20000018   0x08005800   0x00000004   Data   RW         1705    .data.Position_KD_L  pid.o
    0x2000001c   0x08005804   0x00000004   Data   RW         1708    .data.Position_KD_R  pid.o
    0x20000020   0x08005808   0x00000004   Data   RW         1704    .data.Position_KI_L  pid.o
    0x20000024   0x0800580c   0x00000004   Data   RW         1707    .data.Position_KI_R  pid.o
    0x20000028   0x08005810   0x00000004   Data   RW         1703    .data.Position_KP_L  pid.o
    0x2000002c   0x08005814   0x00000004   Data   RW         1706    .data.Position_KP_R  pid.o
    0x20000030   0x08005818   0x00000004   Data   RW         1124    .data.SystemCoreClock  system_stm32f4xx.o
    0x20000034   0x0800581c   0x00000004   Data   RW         1715    .data.Yaw_KP        pid.o
    0x20000038   0x08005820   0x00000004   Data   RW         1603    .data.num           encoder.o
    0x2000003c   0x08005824   0x00000004   Data   RW         1604    .data.rpm           encoder.o
    0x20000040   0x08005828   0x00000001   Data   RW          946    .data.uwTickFreq    stm32f4xx_hal.o
    0x20000041   0x08005829   0x00000003   PAD
    0x20000044   0x0800582c   0x00000004   Data   RW          945    .data.uwTickPrio    stm32f4xx_hal.o
    0x20000048        -       0x00000004   Zero   RW         1694    .bss.Bias_Left      pid.o
    0x2000004c        -       0x00000004   Zero   RW         1697    .bss.Bias_Right     pid.o
    0x20000050        -       0x00000004   Zero   RW         1700    .bss.Bias_yaw       pid.o
    0x20000054        -       0x0000000b   Zero   RW         1616    .bss.CopeSerial1Data.buf  encoder.o
    0x2000005f   0x08005830   0x00000001   PAD
    0x20000060        -       0x00000004   Zero   RW         1617    .bss.CopeSerial1Data.idx  encoder.o
    0x20000064        -       0x00000002   Zero   RW         1630    .bss.Encoder1_cnt   encoder.o
    0x20000066        -       0x00000002   Zero   RW         1631    .bss.Encoder2_cnt   encoder.o
    0x20000068        -       0x00000002   Zero   RW         1632    .bss.Encoder3_cnt   encoder.o
    0x2000006a        -       0x00000002   Zero   RW         1633    .bss.Encoder4_cnt   encoder.o
    0x2000006c        -       0x00000001   Zero   RW         1622    .bss.HAL_TIM_PeriodElapsedCallback.need_reset  encoder.o
    0x2000006d   0x08005830   0x00000003   PAD
    0x20000070        -       0x00000004   Zero   RW         1638    .bss.HAL_TIM_PeriodElapsedCallback.prev_target_velocity_L1  encoder.o
    0x20000074        -       0x00000004   Zero   RW         1639    .bss.HAL_TIM_PeriodElapsedCallback.prev_target_velocity_L2  encoder.o
    0x20000078        -       0x00000004   Zero   RW         1640    .bss.HAL_TIM_PeriodElapsedCallback.prev_target_velocity_R1  encoder.o
    0x2000007c        -       0x00000004   Zero   RW         1641    .bss.HAL_TIM_PeriodElapsedCallback.prev_target_velocity_R2  encoder.o
    0x20000080        -       0x00000004   Zero   RW         1619    .bss.HAL_TIM_PeriodElapsedCallback.timecnt  encoder.o
    0x20000084        -       0x00000004   Zero   RW         1725    .bss.Incremental_PID_Left.Pwm  pid.o
    0x20000088        -       0x00000004   Zero   RW         1726    .bss.Incremental_PID_Right.Pwm  pid.o
    0x2000008c        -       0x00000004   Zero   RW         1692    .bss.Integral_bias_Left  pid.o
    0x20000090        -       0x00000004   Zero   RW         1693    .bss.Integral_bias_Right  pid.o
    0x20000094        -       0x00000004   Zero   RW         1702    .bss.Integral_bias_yaw  pid.o
    0x20000098        -       0x00000004   Zero   RW         1727    .bss.JY61P_Yaw_correct.PWM_OUT  pid.o
    0x2000009c        -       0x00000004   Zero   RW         1695    .bss.Last_bias_Left  pid.o
    0x200000a0        -       0x00000004   Zero   RW         1698    .bss.Last_bias_Right  pid.o
    0x200000a4        -       0x00000004   Zero   RW         1701    .bss.Last_bias_yaw  pid.o
    0x200000a8        -       0x00000002   Zero   RW         1626    .bss.Motor1Speed    encoder.o
    0x200000aa        -       0x00000002   Zero   RW         1627    .bss.Motor2Speed    encoder.o
    0x200000ac        -       0x00000002   Zero   RW         1628    .bss.Motor3Speed    encoder.o
    0x200000ae        -       0x00000002   Zero   RW         1629    .bss.Motor4Speed    encoder.o
    0x200000b0        -       0x00000004   Zero   RW         1719    .bss.Position_PID_Left.Bias  pid.o
    0x200000b4        -       0x00000004   Zero   RW         1720    .bss.Position_PID_Left.Last_Bias  pid.o
    0x200000b8        -       0x00000004   Zero   RW         1721    .bss.Position_PID_Left.PWM_OUT  pid.o
    0x200000bc        -       0x00000004   Zero   RW         1722    .bss.Position_PID_Right.Bias  pid.o
    0x200000c0        -       0x00000004   Zero   RW         1723    .bss.Position_PID_Right.Last_Bias  pid.o
    0x200000c4        -       0x00000004   Zero   RW         1724    .bss.Position_PID_Right.PWM_OUT  pid.o
    0x200000c8        -       0x00000004   Zero   RW         1696    .bss.Prev_bias_Left  pid.o
    0x200000cc        -       0x00000004   Zero   RW         1699    .bss.Prev_bias_Right  pid.o
    0x200000d0        -       0x00000004   Zero   RW         1607    .bss.Rpm_Num_L      encoder.o
    0x200000d4        -       0x00000004   Zero   RW         1608    .bss.Rpm_Num_R      encoder.o
    0x200000d8        -       0x00000001   Zero   RW           96    .bss.RxByte         usart.o
    0x200000d9   0x08005830   0x00000003   PAD
    0x200000dc        -       0x00000004   Zero   RW         1621    .bss.Target_Position  encoder.o
    0x200000e0        -       0x00000004   Zero   RW         1620    .bss.Target_Velocity  encoder.o
    0x200000e4        -       0x00000004   Zero   RW         1717    .bss.Yaw_KD         pid.o
    0x200000e8        -       0x00000004   Zero   RW         1716    .bss.Yaw_KI         pid.o
    0x200000ec        -       0x00000004   Zero   RW         1602    .bss.current_yaw    encoder.o
    0x200000f0        -       0x00000048   Zero   RW           65    .bss.htim1          tim.o
    0x20000138        -       0x00000048   Zero   RW           66    .bss.htim2          tim.o
    0x20000180        -       0x00000048   Zero   RW           67    .bss.htim3          tim.o
    0x200001c8        -       0x00000048   Zero   RW           68    .bss.htim4          tim.o
    0x20000210        -       0x00000048   Zero   RW           69    .bss.htim5          tim.o
    0x20000258        -       0x00000048   Zero   RW           70    .bss.htim9          tim.o
    0x200002a0        -       0x00000048   Zero   RW           95    .bss.huart1         usart.o
    0x200002e8        -       0x00000004   Zero   RW           18    .bss.main.target_yaw  main.o
    0x200002ec        -       0x00000004   Zero   RW         1634    .bss.now_position1  encoder.o
    0x200002f0        -       0x00000004   Zero   RW         1635    .bss.now_position2  encoder.o
    0x200002f4        -       0x00000004   Zero   RW         1636    .bss.now_position3  encoder.o
    0x200002f8        -       0x00000004   Zero   RW         1637    .bss.now_position4  encoder.o
    0x200002fc        -       0x00000004   Zero   RW         1624    .bss.now_position_L  encoder.o
    0x20000300        -       0x00000004   Zero   RW         1625    .bss.now_position_R  encoder.o
    0x20000304        -       0x00000004   Zero   RW         1395    .bss.pxCurrentTCB   tasks.o
    0x20000308        -       0x0000008c   Zero   RW         1406    .bss.pxReadyTasksLists  tasks.o
    0x20000394        -       0x00000004   Zero   RW         1642    .bss.speed_output_L1  encoder.o
    0x20000398        -       0x00000004   Zero   RW         1643    .bss.speed_output_L2  encoder.o
    0x2000039c        -       0x00000004   Zero   RW         1644    .bss.speed_output_R1  encoder.o
    0x200003a0        -       0x00000004   Zero   RW         1645    .bss.speed_output_R2  encoder.o
    0x200003a4        -       0x00000008   Zero   RW         1618    .bss.stcAngle       encoder.o
    0x200003ac        -       0x00000001   Zero   RW         1601    .bss.stcAngle_seq   encoder.o
    0x200003ad   0x08005830   0x00000003   PAD
    0x200003b0        -       0x00000004   Zero   RW         1612    .bss.target_velocity_L1  encoder.o
    0x200003b4        -       0x00000004   Zero   RW         1613    .bss.target_velocity_L2  encoder.o
    0x200003b8        -       0x00000004   Zero   RW         1614    .bss.target_velocity_R1  encoder.o
    0x200003bc        -       0x00000004   Zero   RW         1615    .bss.target_velocity_R2  encoder.o
    0x200003c0        -       0x00000004   Zero   RW           19    .bss.target_yaw     main.o
    0x200003c4        -       0x00000010   Zero   RW           99    .bss.uart_buf       usart.o
    0x200003d4        -       0x00000001   Zero   RW           97    .bss.uart_head      usart.o
    0x200003d5        -       0x00000001   Zero   RW           98    .bss.uart_tail      usart.o
    0x200003d6   0x08005830   0x00000002   PAD
    0x200003d8        -       0x00000004   Zero   RW          947    .bss.uwTick         stm32f4xx_hal.o
    0x200003dc        -       0x00000004   Zero   RW         1402    .bss.uxSchedulerSuspended  tasks.o
    0x200003e0        -       0x00000004   Zero   RW         1405    .bss.uxTopReadyPriority  tasks.o
    0x200003e4        -       0x00000004   Zero   RW         1400    .bss.xSchedulerRunning  tasks.o
    0x200003e8        -       0x00000004   Zero   RW         1407    .bss.xYieldPending  tasks.o
    0x200003ec        -       0x00000004   Zero   RW         1623    .bss.yaw_correction  encoder.o
    0x200003f0        -       0x00000400   Zero   RW            1    STACK               startup_stm32f401xc.o


==============================================================================

Image component sizes


      Code (inc. data)   RO Data    RW Data    ZI Data      Debug   Object Name

      2798         28          0          8        141      11536   encoder.o
        36          0          0          0          0        991   freertos_hooks.o
       304          0          0          0          0       2338   gpio.o
       570          8          0          0          8       3436   main.o
       456          0          0          0          0       1712   motor.o
      1604         16          0         52         88       3539   pid.o
       136          8          0          0          0       3748   port.o
        36          8        404          0       1024        812   startup_stm32f401xc.o
       216          0          0          5          4       7510   stm32f4xx_hal.o
       560          0          0          0          0      10280   stm32f4xx_hal_cortex.o
       324          0          0          0          0       8965   stm32f4xx_hal_dma.o
      1006          0          0          0          0       5460   stm32f4xx_hal_gpio.o
        78          0          0          0          0       1569   stm32f4xx_hal_msp.o
      2742          0          0          0          0       7685   stm32f4xx_hal_rcc.o
      4508         14          0          0          0      38719   stm32f4xx_hal_tim.o
       472          0          0          0          0      16711   stm32f4xx_hal_tim_ex.o
      2708          0          0          0          0      22075   stm32f4xx_hal_uart.o
        78          0          0          0          0       1442   stm32f4xx_it.o
        18          0         24          4          0       2712   system_stm32f4xx.o
       348          0         27          0        160      17682   tasks.o
      2058          0          0          0        432      11103   tim.o
       548          0          0          0         91       7694   usart.o

    ----------------------------------------------------------------------
     21720         90        490         72       1960     187719   Object Totals
         0          0         32          0          0          0   (incl. Generated)
       116          8          3          3         12          0   (incl. Padding)

    ----------------------------------------------------------------------

      Code (inc. data)   RO Data    RW Data    ZI Data      Debug   Library Member Name

         0          0          0          0          0          0   entry.o
         0          0          0          0          0          0   entry10a.o
         0          0          0          0          0          0   entry11a.o
         8          4          0          0          0          0   entry2.o
         4          0          0          0          0          0   entry5.o
         0          0          0          0          0          0   entry7b.o
         0          0          0          0          0          0   entry8b.o
         8          4          0          0          0          0   entry9a.o
        30          0          0          0          0          0   handlers.o
        36          8          0          0          0         68   init.o
        30          0          0          0          0         68   llshl.o
        32          0          0          0          0         68   llushr.o
        36          0          0          0          0        108   memseta.o
         8          0          0          0          0         68   slabs.o
        98          0          0          0          0         92   uldiv.o

    ----------------------------------------------------------------------
       290         16          0          0          0        472   Library Totals
         0          0          0          0          0          0   (incl. Padding)

    ----------------------------------------------------------------------

      Code (inc. data)   RO Data    RW Data    ZI Data      Debug   Library Name

       290         16          0          0          0        472   mc_w.l

    ----------------------------------------------------------------------
       290         16          0          0          0        472   Library Totals

    ----------------------------------------------------------------------

==============================================================================


      Code (inc. data)   RO Data    RW Data    ZI Data      Debug   

     22010        106        490         72       1960     187971   Grand Totals
     22010        106        490         72       1960     187971   ELF Image Totals
     22010        106        490         72          0          0   ROM Totals

==============================================================================

    Total RO  Size (Code + RO Data)                22500 (  21.97kB)
    Total RW  Size (RW Data + ZI Data)              2032 (   1.98kB)
    Total ROM Size (Code + RO Data + RW Data)      22572 (  22.04kB)

==============================================================================

