Component: ARM Compiler 6.7 Tool: armlink [5c9ef700]

==============================================================================

Section Cross References

    startup_stm32f401xc.o(STACK) refers (Special) to heapauxi.o(.text) for __use_two_region_memory
    startup_stm32f401xc.o(HEAP) refers (Special) to heapauxi.o(.text) for __use_two_region_memory
    startup_stm32f401xc.o(RESET) refers (Special) to heapauxi.o(.text) for __use_two_region_memory
    startup_stm32f401xc.o(RESET) refers to startup_stm32f401xc.o(STACK) for __initial_sp
    startup_stm32f401xc.o(RESET) refers to startup_stm32f401xc.o(.text) for Reset_Handler
    startup_stm32f401xc.o(RESET) refers to stm32f4xx_it.o(.text.NMI_Handler) for NMI_Handler
    startup_stm32f401xc.o(RESET) refers to stm32f4xx_it.o(.text.HardFault_Handler) for HardFault_Handler
    startup_stm32f401xc.o(RESET) refers to stm32f4xx_it.o(.text.MemManage_Handler) for MemManage_Handler
    startup_stm32f401xc.o(RESET) refers to stm32f4xx_it.o(.text.BusFault_Handler) for BusFault_Handler
    startup_stm32f401xc.o(RESET) refers to stm32f4xx_it.o(.text.UsageFault_Handler) for UsageFault_Handler
    startup_stm32f401xc.o(RESET) refers to stm32f4xx_it.o(.text.SVC_Handler) for SVC_Handler
    startup_stm32f401xc.o(RESET) refers to stm32f4xx_it.o(.text.DebugMon_Handler) for DebugMon_Handler
    startup_stm32f401xc.o(RESET) refers to stm32f4xx_it.o(.text.PendSV_Handler) for PendSV_Handler
    startup_stm32f401xc.o(RESET) refers to stm32f4xx_it.o(.text.SysTick_Handler) for SysTick_Handler
    startup_stm32f401xc.o(RESET) refers to stm32f4xx_it.o(.text.TIM1_UP_TIM10_IRQHandler) for TIM1_UP_TIM10_IRQHandler
    startup_stm32f401xc.o(RESET) refers to stm32f4xx_it.o(.text.USART1_IRQHandler) for USART1_IRQHandler
    startup_stm32f401xc.o(RESET) refers to stm32f4xx_it.o(.text.EXTI15_10_IRQHandler) for EXTI15_10_IRQHandler
    startup_stm32f401xc.o(.text) refers (Special) to heapauxi.o(.text) for __use_two_region_memory
    startup_stm32f401xc.o(.text) refers to system_stm32f4xx.o(.text.SystemInit) for SystemInit
    startup_stm32f401xc.o(.text) refers to __main.o(!!!main) for __main
    startup_stm32f401xc.o(.text) refers to startup_stm32f401xc.o(HEAP) for Heap_Mem
    startup_stm32f401xc.o(.text) refers to startup_stm32f401xc.o(STACK) for Stack_Mem
    main.o(.text.main) refers to stm32f4xx_hal.o(.text.HAL_Init) for HAL_Init
    main.o(.text.main) refers to jy61.o(.text.JY61_Init) for JY61_Init
    main.o(.text.main) refers to main.o(.text.SystemClock_Config) for SystemClock_Config
    main.o(.text.main) refers to gpio.o(.text.MX_GPIO_Init) for MX_GPIO_Init
    main.o(.text.main) refers to tim.o(.text.MX_TIM1_Init) for MX_TIM1_Init
    main.o(.text.main) refers to tim.o(.text.MX_TIM2_Init) for MX_TIM2_Init
    main.o(.text.main) refers to tim.o(.text.MX_TIM3_Init) for MX_TIM3_Init
    main.o(.text.main) refers to tim.o(.text.MX_TIM4_Init) for MX_TIM4_Init
    main.o(.text.main) refers to tim.o(.text.MX_TIM5_Init) for MX_TIM5_Init
    main.o(.text.main) refers to tim.o(.text.MX_TIM9_Init) for MX_TIM9_Init
    main.o(.text.main) refers to usart.o(.text.MX_USART1_UART_Init) for MX_USART1_UART_Init
    main.o(.text.main) refers to i2c.o(.text.MX_I2C1_Init) for MX_I2C1_Init
    main.o(.text.main) refers to usart.o(.bss.huart1) for huart1
    main.o(.text.main) refers to tim.o(.bss.htim2) for htim2
    main.o(.text.main) refers to stm32f4xx_hal_tim.o(.text.HAL_TIM_Encoder_Start) for HAL_TIM_Encoder_Start
    main.o(.text.main) refers to tim.o(.bss.htim3) for htim3
    main.o(.text.main) refers to tim.o(.bss.htim4) for htim4
    main.o(.text.main) refers to tim.o(.bss.htim5) for htim5
    main.o(.text.main) refers to tim.o(.bss.htim1) for htim1
    main.o(.text.main) refers to stm32f4xx_hal_tim.o(.text.HAL_TIM_PWM_Start) for HAL_TIM_PWM_Start
    main.o(.text.main) refers to tim.o(.bss.htim9) for htim9
    main.o(.text.main) refers to stm32f4xx_hal_tim.o(.text.HAL_TIM_Base_Start_IT) for HAL_TIM_Base_Start_IT
    main.o(.ARM.exidx.text.main) refers to main.o(.text.main) for [Anonymous Symbol]
    main.o(.text.SystemClock_Config) refers to rt_memclr_w.o(.text) for __aeabi_memclr4
    main.o(.text.SystemClock_Config) refers to stm32f4xx_hal_rcc.o(.text.HAL_RCC_OscConfig) for HAL_RCC_OscConfig
    main.o(.text.SystemClock_Config) refers to stm32f4xx_hal_rcc.o(.text.HAL_RCC_ClockConfig) for HAL_RCC_ClockConfig
    main.o(.ARM.exidx.text.SystemClock_Config) refers to main.o(.text.SystemClock_Config) for [Anonymous Symbol]
    main.o(.ARM.exidx.text.Error_Handler) refers to main.o(.text.Error_Handler) for [Anonymous Symbol]
    gpio.o(.text.MX_GPIO_Init) refers to stm32f4xx_hal_cortex.o(.text.HAL_NVIC_SetPriority) for HAL_NVIC_SetPriority
    gpio.o(.text.MX_GPIO_Init) refers to stm32f4xx_hal_cortex.o(.text.HAL_NVIC_EnableIRQ) for HAL_NVIC_EnableIRQ
    gpio.o(.text.MX_GPIO_Init) refers to stm32f4xx_hal_gpio.o(.text.HAL_GPIO_WritePin) for HAL_GPIO_WritePin
[...]
    .ARM.Collect$$rtexit$$00000000           0x08000226   Section        2  rtexit.o(.ARM.Collect$$rtexit$$00000000)
    .ARM.Collect$$rtexit$$00000002           0x08000228   Section        0  rtexit2.o(.ARM.Collect$$rtexit$$00000002)
    .ARM.Collect$$rtexit$$00000003           0x08000228   Section        4  rtexit2.o(.ARM.Collect$$rtexit$$00000003)
    .ARM.Collect$$rtexit$$00000004           0x0800022c   Section        6  rtexit2.o(.ARM.Collect$$rtexit$$00000004)
    .text                                    0x08000234   Section       64  startup_stm32f401xc.o(.text)
    $v0                                      0x08000234   Number         0  startup_stm32f401xc.o(.text)
    .text                                    0x08000274   Section      238  lludivv7m.o(.text)
    .text                                    0x08000362   Section       78  rt_memclr_w.o(.text)
    .text                                    0x080003b0   Section        0  heapauxi.o(.text)
    .text                                    0x080003b6   Section       74  sys_stackheap_outer.o(.text)
    .text                                    0x08000400   Section        0  exit.o(.text)
    .text                                    0x08000414   Section        8  libspace.o(.text)
    .text                                    0x0800041c   Section        0  sys_exit.o(.text)
    .text                                    0x08000428   Section        2  use_no_semi.o(.text)
    [Anonymous Symbol]                       0x0800042a   Section        0  stm32f4xx_it.o(.text.BusFault_Handler)
    .text                                    0x0800042a   Section        0  indicate_semi.o(.text)
    [Anonymous Symbol]                       0x0800042c   Section        0  anuo.o(.text.Data_send)
    __arm_cp.0_0                             0x080004d4   Number         4  anuo.o(.text.Data_send)
    __arm_cp.0_1                             0x080004d8   Number         4  anuo.o(.text.Data_send)
    [Anonymous Symbol]                       0x080004dc   Section        0  stm32f4xx_it.o(.text.DebugMon_Handler)
    [Anonymous Symbol]                       0x080004de   Section        0  stm32f4xx_it.o(.text.EXTI15_10_IRQHandler)
    [Anonymous Symbol]                       0x080004e6   Section        0  main.o(.text.Error_Handler)
    [Anonymous Symbol]                       0x080004ea   Section        0  stm32f4xx_hal_dma.o(.text.HAL_DMA_Abort)
    [Anonymous Symbol]                       0x0800056e   Section        0  stm32f4xx_hal_dma.o(.text.HAL_DMA_Abort_IT)
    [Anonymous Symbol]                       0x08000592   Section        0  stm32f4xx_hal_gpio.o(.text.HAL_GPIO_EXTI_Callback)
    [Anonymous Symbol]                       0x08000594   Section        0  stm32f4xx_hal_gpio.o(.text.HAL_GPIO_EXTI_IRQHandler)
    __arm_cp.6_0                             0x080005a4   Number         4  stm32f4xx_hal_gpio.o(.text.HAL_GPIO_EXTI_IRQHandler)
    [Anonymous Symbol]                       0x080005a8   Section        0  stm32f4xx_hal_gpio.o(.text.HAL_GPIO_Init)
    __arm_cp.0_0                             0x0800071c   Number         4  stm32f4xx_hal_gpio.o(.text.HAL_GPIO_Init)
    __arm_cp.0_1                             0x08000720   Number         4  stm32f4xx_hal_gpio.o(.text.HAL_GPIO_Init)
    __arm_cp.0_2                             0x08000724   Number         4  stm32f4xx_hal_gpio.o(.text.HAL_GPIO_Init)
    __arm_cp.0_3                             0x08000728   Number         4  stm32f4xx_hal_gpio.o(.text.HAL_GPIO_Init)
    __arm_cp.0_4                             0x0800072c   Number         4  stm32f4xx_hal_gpio.o(.text.HAL_GPIO_Init)
    __arm_cp.0_5                             0x08000730   Number         4  stm32f4xx_hal_gpio.o(.text.HAL_GPIO_Init)
    __arm_cp.0_6                             0x08000734   Number         4  stm32f4xx_hal_gpio.o(.text.HAL_GPIO_Init)
    [Anonymous Symbol]                       0x08000738   Section        0  stm32f4xx_hal_gpio.o(.text.HAL_GPIO_TogglePin)
    [Anonymous Symbol]                       0x08000748   Section        0  stm32f4xx_hal_gpio.o(.text.HAL_GPIO_WritePin)
    [Anonymous Symbol]                       0x08000754   Section        0  stm32f4xx_hal.o(.text.HAL_GetTick)
    [Anonymous Symbol]                       0x0800075c   Section        0  stm32f4xx_hal_i2c.o(.text.HAL_I2C_Init)
    __arm_cp.0_0                             0x080008bc   Number         4  stm32f4xx_hal_i2c.o(.text.HAL_I2C_Init)
    __arm_cp.0_1                             0x080008c0   Number         4  stm32f4xx_hal_i2c.o(.text.HAL_I2C_Init)
    __arm_cp.0_2                             0x080008c4   Number         4  stm32f4xx_hal_i2c.o(.text.HAL_I2C_Init)
    __arm_cp.0_3                             0x080008c8   Number         4  stm32f4xx_hal_i2c.o(.text.HAL_I2C_Init)
    [Anonymous Symbol]                       0x080008cc   Section        0  i2c.o(.text.HAL_I2C_MspInit)
    __arm_cp.1_0                             0x08000934   Number         4  i2c.o(.text.HAL_I2C_MspInit)
    __arm_cp.1_1                             0x08000938   Number         4  i2c.o(.text.HAL_I2C_MspInit)
    [Anonymous Symbol]                       0x0800093c   Section        0  stm32f4xx_hal.o(.text.HAL_IncTick)
    [Anonymous Symbol]                       0x08000948   Section        0  stm32f4xx_hal.o(.text.HAL_Init)
    __arm_cp.0_0                             0x08000978   Number         4  stm32f4xx_hal.o(.text.HAL_Init)
    [Anonymous Symbol]                       0x0800097c   Section        0  stm32f4xx_hal.o(.text.HAL_InitTick)
    __arm_cp.1_0                             0x080009b4   Number         4  stm32f4xx_hal.o(.text.HAL_InitTick)
    [Anonymous Symbol]                       0x080009b8   Section        0  stm32f4xx_hal_msp.o(.text.HAL_MspInit)
    __arm_cp.0_0                             0x080009ec   Number         4  stm32f4xx_hal_msp.o(.text.HAL_MspInit)
    [Anonymous Symbol]                       0x080009f0   Section        0  stm32f4xx_hal_cortex.o(.text.HAL_NVIC_EnableIRQ)
    __arm_cp.2_0                             0x08000a08   Number         4  stm32f4xx_hal_cortex.o(.text.HAL_NVIC_EnableIRQ)
    [Anonymous Symbol]                       0x08000a0c   Section        0  stm32f4xx_hal_cortex.o(.text.HAL_NVIC_SetPriority)
    __arm_cp.1_0                             0x08000a60   Number         4  stm32f4xx_hal_cortex.o(.text.HAL_NVIC_SetPriority)
    [Anonymous Symbol]                       0x08000a64   Section        0  stm32f4xx_hal_cortex.o(.text.HAL_NVIC_SetPriorityGrouping)
    __arm_cp.0_0                             0x08000a7c   Number         4  stm32f4xx_hal_cortex.o(.text.HAL_NVIC_SetPriorityGrouping)
    __arm_cp.0_1                             0x08000a80   Number         4  stm32f4xx_hal_cortex.o(.text.HAL_NVIC_SetPriorityGrouping)
    [Anonymous Symbol]                       0x08000a84   Section        0  stm32f4xx_hal_rcc.o(.text.HAL_RCC_ClockConfig)
    __arm_cp.2_0                             0x08000ba4   Number         4  stm32f4xx_hal_rcc.o(.text.HAL_RCC_ClockConfig)
    __arm_cp.2_1                             0x08000ba8   Number         4  stm32f4xx_hal_rcc.o(.text.HAL_RCC_ClockConfig)
    __arm_cp.2_3                             0x08000bac   Number         4  stm32f4xx_hal_rcc.o(.text.HAL_RCC_ClockConfig)
    [Anonymous Symbol]                       0x08000bb0   Section        0  stm32f4xx_hal_rcc.o(.text.HAL_RCC_GetPCLK1Freq)
    [Anonymous Symbol]                       0x08000bc4   Section        0  stm32f4xx_hal_rcc.o(.text.HAL_RCC_GetPCLK2Freq)
    __arm_cp.9_0                             0x08000bd8   Number         4  stm32f4xx_hal_rcc.o(.text.HAL_RCC_GetPCLK2Freq)
    __arm_cp.9_1                             0x08000bdc   Number         4  stm32f4xx_hal_rcc.o(.text.HAL_RCC_GetPCLK2Freq)
    __arm_cp.9_2                             0x08000be0   Number         4  stm32f4xx_hal_rcc.o(.text.HAL_RCC_GetPCLK2Freq)
    [Anonymous Symbol]                       0x08000be4   Section        0  stm32f4xx_hal_rcc.o(.text.HAL_RCC_GetSysClockFreq)
    __arm_cp.3_1                             0x08000c38   Number         4  stm32f4xx_hal_rcc.o(.text.HAL_RCC_GetSysClockFreq)
    __arm_cp.3_2                             0x08000c3c   Number         4  stm32f4xx_hal_rcc.o(.text.HAL_RCC_GetSysClockFreq)
    [Anonymous Symbol]                       0x08000c40   Section        0  stm32f4xx_hal_rcc.o(.text.HAL_RCC_OscConfig)
    __arm_cp.1_0                             0x08000fa4   Number         4  stm32f4xx_hal_rcc.o(.text.HAL_RCC_OscConfig)
    __arm_cp.1_1                             0x08000fa8   Number         4  stm32f4xx_hal_rcc.o(.text.HAL_RCC_OscConfig)
    __arm_cp.1_2                             0x08000fac   Number         4  stm32f4xx_hal_rcc.o(.text.HAL_RCC_OscConfig)
    __arm_cp.1_3                             0x08000fb0   Number         4  stm32f4xx_hal_rcc.o(.text.HAL_RCC_OscConfig)
    [Anonymous Symbol]                       0x08000fb4   Section        0  stm32f4xx_hal_cortex.o(.text.HAL_SYSTICK_Config)
    __arm_cp.5_0                             0x08000fd4   Number         4  stm32f4xx_hal_cortex.o(.text.HAL_SYSTICK_Config)
    __arm_cp.5_1                             0x08000fd8   Number         4  stm32f4xx_hal_cortex.o(.text.HAL_SYSTICK_Config)
    [Anonymous Symbol]                       0x08000fdc   Section        0  stm32f4xx_hal_tim_ex.o(.text.HAL_TIMEx_BreakCallback)
    [Anonymous Symbol]                       0x08000fde   Section        0  stm32f4xx_hal_tim_ex.o(.text.HAL_TIMEx_CommutCallback)
    [Anonymous Symbol]                       0x08000fe0   Section        0  stm32f4xx_hal_tim_ex.o(.text.HAL_TIMEx_ConfigBreakDeadTime)
    [Anonymous Symbol]                       0x08001030   Section        0  stm32f4xx_hal_tim_ex.o(.text.HAL_TIMEx_MasterConfigSynchronization)
    [Anonymous Symbol]                       0x080010a0   Section        0  stm32f4xx_hal_tim.o(.text.HAL_TIM_Base_Init)
    [Anonymous Symbol]                       0x080010f8   Section        0  tim.o(.text.HAL_TIM_Base_MspInit)
    __arm_cp.7_0                             0x08001150   Number         4  tim.o(.text.HAL_TIM_Base_MspInit)
    [Anonymous Symbol]                       0x08001154   Section        0  stm32f4xx_hal_tim.o(.text.HAL_TIM_Base_Start_IT)
    __arm_cp.7_0                             0x080011ac   Number         4  stm32f4xx_hal_tim.o(.text.HAL_TIM_Base_Start_IT)
    __arm_cp.7_1                             0x080011b0   Number         4  stm32f4xx_hal_tim.o(.text.HAL_TIM_Base_Start_IT)
    __arm_cp.7_2                             0x080011b4   Number         4  stm32f4xx_hal_tim.o(.text.HAL_TIM_Base_Start_IT)
    __arm_cp.7_3                             0x080011b8   Number         4  stm32f4xx_hal_tim.o(.text.HAL_TIM_Base_Start_IT)
    __arm_cp.7_4                             0x080011bc   Number         4  stm32f4xx_hal_tim.o(.text.HAL_TIM_Base_Start_IT)
    [Anonymous Symbol]                       0x080011c0   Section        0  stm32f4xx_hal_tim.o(.text.HAL_TIM_ConfigClockSource)
    [Anonymous Symbol]                       0x080012b8   Section        0  stm32f4xx_hal_tim.o(.text.HAL_TIM_Encoder_Init)
    [Anonymous Symbol]                       0x08001368   Section        0  tim.o(.text.HAL_TIM_Encoder_MspInit)
    __arm_cp.8_0                             0x080014b8   Number         4  tim.o(.text.HAL_TIM_Encoder_MspInit)
    [Anonymous Symbol]                       0x080014bc   Section        0  stm32f4xx_hal_tim.o(.text.HAL_TIM_Encoder_Start)
    [Anonymous Symbol]                       0x08001568   Section        0  stm32f4xx_hal_tim.o(.text.HAL_TIM_IC_CaptureCallback)
    [Anonymous Symbol]                       0x0800156a   Section        0  stm32f4xx_hal_tim.o(.text.HAL_TIM_IRQHandler)
    [Anonymous Symbol]                       0x08001684   Section        0  tim.o(.text.HAL_TIM_MspPostInit)
    __arm_cp.1_0                             0x080016fc   Number         4  tim.o(.text.HAL_TIM_MspPostInit)
    __arm_cp.1_1                             0x08001700   Number         4  tim.o(.text.HAL_TIM_MspPostInit)
    [Anonymous Symbol]                       0x08001704   Section        0  stm32f4xx_hal_tim.o(.text.HAL_TIM_OC_DelayElapsedCallback)
    [Anonymous Symbol]                       0x08001708   Section        0  stm32f4xx_hal_tim.o(.text.HAL_TIM_PWM_ConfigChannel)
    [Anonymous Symbol]                       0x080017a2   Section        0  stm32f4xx_hal_tim.o(.text.HAL_TIM_PWM_Init)
    [Anonymous Symbol]                       0x080017fa   Section        0  stm32f4xx_hal_tim.o(.text.HAL_TIM_PWM_MspInit)
    [Anonymous Symbol]                       0x080017fc   Section        0  stm32f4xx_hal_tim.o(.text.HAL_TIM_PWM_PulseFinishedCallback)
    [Anonymous Symbol]                       0x08001800   Section        0  stm32f4xx_hal_tim.o(.text.HAL_TIM_PWM_Start)
    __arm_cp.31_0                            0x080018a4   Number         4  stm32f4xx_hal_tim.o(.text.HAL_TIM_PWM_Start)
    __arm_cp.31_1                            0x080018a8   Number         4  stm32f4xx_hal_tim.o(.text.HAL_TIM_PWM_Start)
    __arm_cp.31_2                            0x080018ac   Number         4  stm32f4xx_hal_tim.o(.text.HAL_TIM_PWM_Start)
    __arm_cp.31_3                            0x080018b0   Number         4  stm32f4xx_hal_tim.o(.text.HAL_TIM_PWM_Start)
    __arm_cp.31_4                            0x080018b4   Number         4  stm32f4xx_hal_tim.o(.text.HAL_TIM_PWM_Start)
    __arm_cp.31_5                            0x080018b8   Number         4  stm32f4xx_hal_tim.o(.text.HAL_TIM_PWM_Start)
    [Anonymous Symbol]                       0x080018bc   Section        0  encoder.o(.text.HAL_TIM_PeriodElapsedCallback)
    __arm_cp.7_12                            0x08001a8c   Number         4  encoder.o(.text.HAL_TIM_PeriodElapsedCallback)
    __arm_cp.7_13                            0x08001a90   Number         4  encoder.o(.text.HAL_TIM_PeriodElapsedCallback)
    __arm_cp.7_14                            0x08001a94   Number         4  encoder.o(.text.HAL_TIM_PeriodElapsedCallback)
    __arm_cp.7_1                             0x08001db4   Number         4  encoder.o(.text.HAL_TIM_PeriodElapsedCallback)
    __arm_cp.7_2                             0x08001db8   Number         4  encoder.o(.text.HAL_TIM_PeriodElapsedCallback)
    __arm_cp.7_6                             0x08001dbc   Number         4  encoder.o(.text.HAL_TIM_PeriodElapsedCallback)
    __arm_cp.7_7                             0x08001dc0   Number         4  encoder.o(.text.HAL_TIM_PeriodElapsedCallback)
    [Anonymous Symbol]                       0x08001dc4   Section        0  stm32f4xx_hal_tim.o(.text.HAL_TIM_TriggerCallback)
    [Anonymous Symbol]                       0x08001dc6   Section        0  stm32f4xx_hal_uart.o(.text.HAL_UARTEx_RxEventCallback)
    [Anonymous Symbol]                       0x08001dc8   Section        0  stm32f4xx_hal_uart.o(.text.HAL_UART_ErrorCallback)
    [Anonymous Symbol]                       0x08001dcc   Section        0  stm32f4xx_hal_uart.o(.text.HAL_UART_IRQHandler)
    __arm_cp.42_0                            0x08002080   Number         4  stm32f4xx_hal_uart.o(.text.HAL_UART_IRQHandler)
    [Anonymous Symbol]                       0x08002084   Section        0  stm32f4xx_hal_uart.o(.text.HAL_UART_Init)
    [Anonymous Symbol]                       0x080020e4   Section        0  usart.o(.text.HAL_UART_MspInit)
    __arm_cp.1_0                             0x08002158   Number         4  usart.o(.text.HAL_UART_MspInit)
    [Anonymous Symbol]                       0x0800215c   Section        0  stm32f4xx_hal_uart.o(.text.HAL_UART_Receive_IT)
    [Anonymous Symbol]                       0x0800217c   Section        0  jy61.o(.text.HAL_UART_RxCpltCallback)
    [Anonymous Symbol]                       0x0800218c   Section        0  stm32f4xx_hal_uart.o(.text.HAL_UART_TxCpltCallback)
    [Anonymous Symbol]                       0x0800218e   Section        0  stm32f4xx_it.o(.text.HardFault_Handler)
    [Anonymous Symbol]                       0x08002190   Section        0  pid.o(.text.Incremental_PID_Left)
    __arm_cp.2_1                             0x08002208   Number         4  pid.o(.text.Incremental_PID_Left)
    [Anonymous Symbol]                       0x0800220c   Section        0  pid.o(.text.Incremental_PID_Right)
    __arm_cp.3_0                             0x08002284   Number         4  pid.o(.text.Incremental_PID_Right)
    __arm_cp.3_1                             0x08002288   Number         4  pid.o(.text.Incremental_PID_Right)
    [Anonymous Symbol]                       0x0800228c   Section        0  jy61.o(.text.JY61_GetPitch)
    __arm_cp.4_0                             0x080022ac   Number         4  jy61.o(.text.JY61_GetPitch)
    [Anonymous Symbol]                       0x080022b8   Section        0  jy61.o(.text.JY61_GetRoll)
    __arm_cp.5_0                             0x080022d8   Number         4  jy61.o(.text.JY61_GetRoll)
    [Anonymous Symbol]                       0x080022e4   Section        0  jy61.o(.text.JY61_GetYaw)
    __arm_cp.3_0                             0x08002304   Number         4  jy61.o(.text.JY61_GetYaw)
    [Anonymous Symbol]                       0x08002310   Section        0  jy61.o(.text.JY61_Init)
    [Anonymous Symbol]                       0x0800231c   Section        0  jy61.o(.text.JY61_ReceiveHandler)
    __arm_cp.1_0                             0x08002368   Number         4  jy61.o(.text.JY61_ReceiveHandler)
    __arm_cp.1_1                             0x0800236c   Number         4  jy61.o(.text.JY61_ReceiveHandler)
    [Anonymous Symbol]                       0x08002370   Section        0  gpio.o(.text.MX_GPIO_Init)
    __arm_cp.0_0                             0x08002470   Number         4  gpio.o(.text.MX_GPIO_Init)
    __arm_cp.0_1                             0x08002474   Number         4  gpio.o(.text.MX_GPIO_Init)
    __arm_cp.0_2                             0x08002478   Number         4  gpio.o(.text.MX_GPIO_Init)
    __arm_cp.0_3                             0x0800247c   Number         4  gpio.o(.text.MX_GPIO_Init)
    [Anonymous Symbol]                       0x08002480   Section        0  i2c.o(.text.MX_I2C1_Init)
    __arm_cp.0_0                             0x080024b0   Number         4  i2c.o(.text.MX_I2C1_Init)
    __arm_cp.0_1                             0x080024b4   Number         4  i2c.o(.text.MX_I2C1_Init)
    __arm_cp.0_2                             0x080024b8   Number         4  i2c.o(.text.MX_I2C1_Init)
    [Anonymous Symbol]                       0x080024bc   Section        0  tim.o(.text.MX_TIM1_Init)
    __arm_cp.0_1                             0x0800258c   Number         4  tim.o(.text.MX_TIM1_Init)
    [Anonymous Symbol]                       0x08002590   Section        0  tim.o(.text.MX_TIM2_Init)
    __arm_cp.2_0                             0x080025e8   Number         4  tim.o(.text.MX_TIM2_Init)
    [Anonymous Symbol]                       0x080025ec   Section        0  tim.o(.text.MX_TIM3_Init)
    __arm_cp.3_0                             0x08002644   Number         4  tim.o(.text.MX_TIM3_Init)
    __arm_cp.3_1                             0x08002648   Number         4  tim.o(.text.MX_TIM3_Init)
    [Anonymous Symbol]                       0x0800264c   Section        0  tim.o(.text.MX_TIM4_Init)
    __arm_cp.4_0                             0x080026a4   Number         4  tim.o(.text.MX_TIM4_Init)
    __arm_cp.4_1                             0x080026a8   Number         4  tim.o(.text.MX_TIM4_Init)
    [Anonymous Symbol]                       0x080026ac   Section        0  tim.o(.text.MX_TIM5_Init)
    __arm_cp.5_0                             0x08002704   Number         4  tim.o(.text.MX_TIM5_Init)
    __arm_cp.5_1                             0x08002708   Number         4  tim.o(.text.MX_TIM5_Init)
    [Anonymous Symbol]                       0x0800270c   Section        0  tim.o(.text.MX_TIM9_Init)
    __arm_cp.6_1                             0x08002798   Number         4  tim.o(.text.MX_TIM9_Init)
    [Anonymous Symbol]                       0x0800279c   Section        0  usart.o(.text.MX_USART1_UART_Init)
    __arm_cp.0_0                             0x080027cc   Number         4  usart.o(.text.MX_USART1_UART_Init)
    __arm_cp.0_1                             0x080027d0   Number         4  usart.o(.text.MX_USART1_UART_Init)
    [Anonymous Symbol]                       0x080027d4   Section        0  stm32f4xx_it.o(.text.MemManage_Handler)
    [Anonymous Symbol]                       0x080027d8   Section        0  motor.o(.text.Motor1_SetSpeed)
    [Anonymous Symbol]                       0x08002818   Section        0  motor.o(.text.Motor2_SetSpeed)
    __arm_cp.1_0                             0x0800285c   Number         4  motor.o(.text.Motor2_SetSpeed)
    __arm_cp.1_1                             0x08002860   Number         4  motor.o(.text.Motor2_SetSpeed)
    [Anonymous Symbol]                       0x08002864   Section        0  motor.o(.text.Motor3_SetSpeed)
    [Anonymous Symbol]                       0x080028a0   Section        0  motor.o(.text.Motor4_SetSpeed)
    __arm_cp.3_0                             0x080028dc   Number         4  motor.o(.text.Motor4_SetSpeed)
    __arm_cp.3_1                             0x080028e0   Number         4  motor.o(.text.Motor4_SetSpeed)
    [Anonymous Symbol]                       0x080028e4   Section        0  stm32f4xx_it.o(.text.NMI_Handler)
    [Anonymous Symbol]                       0x080028e6   Section        0  stm32f4xx_it.o(.text.PendSV_Handler)
    [Anonymous Symbol]                       0x080028e8   Section        0  pid.o(.text.Position_PID_Left)
    [Anonymous Symbol]                       0x08002968   Section        0  pid.o(.text.Position_PID_Right)
    __arm_cp.1_0                             0x080029e8   Number         4  pid.o(.text.Position_PID_Right)
    __arm_cp.1_1                             0x080029ec   Number         4  pid.o(.text.Position_PID_Right)
    __arm_cp.1_2                             0x080029f0   Number         4  pid.o(.text.Position_PID_Right)
    [Anonymous Symbol]                       0x080029f4   Section        0  stm32f4xx_it.o(.text.SVC_Handler)
    [Anonymous Symbol]                       0x080029f6   Section        0  stm32f4xx_it.o(.text.SysTick_Handler)
    [Anonymous Symbol]                       0x080029fc   Section        0  main.o(.text.SystemClock_Config)
    __arm_cp.1_0                             0x08002a8c   Number         4  main.o(.text.SystemClock_Config)
    __arm_cp.1_1                             0x08002a90   Number         4  main.o(.text.SystemClock_Config)
    [Anonymous Symbol]                       0x08002a94   Section        0  system_stm32f4xx.o(.text.SystemInit)
    __arm_cp.0_0                             0x08002aa0   Number         4  system_stm32f4xx.o(.text.SystemInit)
    [Anonymous Symbol]                       0x08002aa4   Section        0  stm32f4xx_it.o(.text.TIM1_UP_TIM10_IRQHandler)
    __arm_cp.9_0                             0x08002aac   Number         4  stm32f4xx_it.o(.text.TIM1_UP_TIM10_IRQHandler)
    [Anonymous Symbol]                       0x08002ab0   Section        0  stm32f4xx_hal_tim.o(.text.TIM_Base_SetConfig)
    __arm_cp.2_1                             0x08002b40   Number         4  stm32f4xx_hal_tim.o(.text.TIM_Base_SetConfig)
    __arm_cp.2_2                             0x08002b44   Number         4  stm32f4xx_hal_tim.o(.text.TIM_Base_SetConfig)
    __arm_cp.2_3                             0x08002b48   Number         4  stm32f4xx_hal_tim.o(.text.TIM_Base_SetConfig)
    __arm_cp.2_4                             0x08002b4c   Number         4  stm32f4xx_hal_tim.o(.text.TIM_Base_SetConfig)
    __arm_cp.2_5                             0x08002b50   Number         4  stm32f4xx_hal_tim.o(.text.TIM_Base_SetConfig)
    __arm_cp.2_6                             0x08002b54   Number         4  stm32f4xx_hal_tim.o(.text.TIM_Base_SetConfig)
    [Anonymous Symbol]                       0x08002b58   Section        0  stm32f4xx_hal_tim.o(.text.TIM_OC1_SetConfig)
    TIM_OC1_SetConfig                        0x08002b59   Thumb Code    92  stm32f4xx_hal_tim.o(.text.TIM_OC1_SetConfig)
    [Anonymous Symbol]                       0x08002bb0   Section        0  stm32f4xx_hal_tim.o(.text.TIM_OC2_SetConfig)
    [Anonymous Symbol]                       0x08002c10   Section        0  stm32f4xx_hal_tim.o(.text.TIM_OC3_SetConfig)
    TIM_OC3_SetConfig                        0x08002c11   Thumb Code   100  stm32f4xx_hal_tim.o(.text.TIM_OC3_SetConfig)
    [Anonymous Symbol]                       0x08002c70   Section        0  stm32f4xx_hal_tim.o(.text.TIM_OC4_SetConfig)
    TIM_OC4_SetConfig                        0x08002c71   Thumb Code    76  stm32f4xx_hal_tim.o(.text.TIM_OC4_SetConfig)
    __arm_cp.77_0                            0x08002cb8   Number         4  stm32f4xx_hal_tim.o(.text.TIM_OC4_SetConfig)
    [Anonymous Symbol]                       0x08002cbc   Section        0  stm32f4xx_hal_tim.o(.text.TIM_TI1_ConfigInputStage)
    TIM_TI1_ConfigInputStage                 0x08002cbd   Thumb Code    34  stm32f4xx_hal_tim.o(.text.TIM_TI1_ConfigInputStage)
    [Anonymous Symbol]                       0x08002cde   Section        0  stm32f4xx_hal_tim.o(.text.TIM_TI2_ConfigInputStage)
    TIM_TI2_ConfigInputStage                 0x08002cdf   Thumb Code    36  stm32f4xx_hal_tim.o(.text.TIM_TI2_ConfigInputStage)
    [Anonymous Symbol]                       0x08002d02   Section        0  stm32f4xx_hal_uart.o(.text.UART_DMAAbortOnError)
    UART_DMAAbortOnError                     0x08002d03   Thumb Code    10  stm32f4xx_hal_uart.o(.text.UART_DMAAbortOnError)
    [Anonymous Symbol]                       0x08002d0c   Section        0  stm32f4xx_hal_uart.o(.text.UART_EndRxTransfer)
    UART_EndRxTransfer                       0x08002d0d   Thumb Code    78  stm32f4xx_hal_uart.o(.text.UART_EndRxTransfer)
    [Anonymous Symbol]                       0x08002d5a   Section        0  stm32f4xx_hal_uart.o(.text.UART_Receive_IT)
    UART_Receive_IT                          0x08002d5b   Thumb Code   202  stm32f4xx_hal_uart.o(.text.UART_Receive_IT)
    [Anonymous Symbol]                       0x08002e24   Section        0  stm32f4xx_hal_uart.o(.text.UART_SetConfig)
    UART_SetConfig                           0x08002e25   Thumb Code   204  stm32f4xx_hal_uart.o(.text.UART_SetConfig)
    __arm_cp.2_0                             0x08002eec   Number         4  stm32f4xx_hal_uart.o(.text.UART_SetConfig)
    [Anonymous Symbol]                       0x08002ef0   Section        0  stm32f4xx_hal_uart.o(.text.UART_Start_Receive_IT)
    [Anonymous Symbol]                       0x08002f24   Section        0  stm32f4xx_it.o(.text.USART1_IRQHandler)
    [Anonymous Symbol]                       0x08002f2c   Section        0  stm32f4xx_it.o(.text.UsageFault_Handler)
    [Anonymous Symbol]                       0x08002f30   Section        0  main.o(.text.main)
    __arm_cp.0_0                             0x08002fd8   Number         4  main.o(.text.main)
    __arm_cp.0_1                             0x08002fdc   Number         4  main.o(.text.main)
    __arm_cp.0_2                             0x08002fe0   Number         4  main.o(.text.main)
    __arm_cp.0_3                             0x08002fe4   Number         4  main.o(.text.main)
    __arm_cp.0_4                             0x08002fe8   Number         4  main.o(.text.main)
    __arm_cp.0_5                             0x08002fec   Number         4  main.o(.text.main)
    __arm_cp.0_6                             0x08002ff0   Number         4  main.o(.text.main)
    __arm_cp.0_7                             0x08002ff4   Number         4  main.o(.text.main)
    __arm_cp.0_8                             0x08002ff8   Number         4  main.o(.text.main)
    __arm_cp.0_9                             0x08002ffc   Number         4  main.o(.text.main)
    x$fpl$fpinit                             0x08003000   Section       10  fpinit.o(x$fpl$fpinit)
    $v0                                      0x08003000   Number         0  fpinit.o(x$fpl$fpinit)
    [Anonymous Symbol]                       0x20000000   Section        0  stm32f4xx_hal.o(.data..L_MergedGlobals)
    [Anonymous Symbol]                       0x20000010   Section        0  pid.o(.data..L_MergedGlobals)
    [Anonymous Symbol]                       0x20000080   Section        0  encoder.o(.data..L_MergedGlobals)
    .bss                                     0x20000110   Section       96  libspace.o(.bss)
    [Anonymous Symbol]                       0x20000170   Section        0  jy61.o(.bss..L_MergedGlobals)
    [Anonymous Symbol]                       0x20000190   Section        0  pid.o(.bss..L_MergedGlobals.1)
    Position_PID_Left.Bias                   0x20000190   Data           4  pid.o(.bss..L_MergedGlobals.1)
    Position_PID_Left.Last_Bias              0x20000194   Data           4  pid.o(.bss..L_MergedGlobals.1)
    Position_PID_Left.PWM_OUT                0x20000198   Data           4  pid.o(.bss..L_MergedGlobals.1)
    Position_PID_Right.Bias                  0x2000019c   Data           4  pid.o(.bss..L_MergedGlobals.1)
    Position_PID_Right.Last_Bias             0x200001a0   Data           4  pid.o(.bss..L_MergedGlobals.1)
    Position_PID_Right.PWM_OUT               0x200001a4   Data           4  pid.o(.bss..L_MergedGlobals.1)
    [Anonymous Symbol]                       0x200001a8   Section        0  encoder.o(.bss..L_MergedGlobals.1)
    HAL_TIM_PeriodElapsedCallback.need_reset 0x200001a8   Data           1  encoder.o(.bss..L_MergedGlobals.1)
    HAL_TIM_PeriodElapsedCallback.timecnt    0x200001ac   Data           4  encoder.o(.bss..L_MergedGlobals.1)
    [Anonymous Symbol]                       0x200001b0   Section        0  pid.o(.bss.Incremental_PID_Left.Pwm)
    Incremental_PID_Left.Pwm                 0x200001b0   Data           4  pid.o(.bss.Incremental_PID_Left.Pwm)
    [Anonymous Symbol]                       0x200001b4   Section        0  pid.o(.bss.Incremental_PID_Right.Pwm)
    Incremental_PID_Right.Pwm                0x200001b4   Data           4  pid.o(.bss.Incremental_PID_Right.Pwm)
    HEAP                                     0x20000410   Section      512  startup_stm32f401xc.o(HEAP)
    Heap_Mem                                 0x20000410   Data         512  startup_stm32f401xc.o(HEAP)
    STACK                                    0x20000610   Section     1024  startup_stm32f401xc.o(STACK)
    Stack_Mem                                0x20000610   Data        1024  startup_stm32f401xc.o(STACK)
    __initial_sp                             0x20000a10   Data           0  startup_stm32f401xc.o(STACK)

    Global Symbols

    Symbol Name                              Value     Ov Type        Size  Object(Section)

    BuildAttributes$$THM_ISAv4$E$P$D$K$B$S$7EM$VFPi3$EXTD16$VFPS$VFMA$PE$A:L22UL41UL21$X:L11$S22US41US21$IEEE1$IW$~IW$USESV6$~STKCKD$USESV7$~SHL$OSPACE$ROPI$EBA8$UX$STANDARDLIB$REQ8$PRES8$EABIv2 0x00000000   Number         0  anon$$obj.o ABSOLUTE
    __ARM_exceptions_init                     - Undefined Weak Reference
    __alloca_initialize                       - Undefined Weak Reference
    __arm_preinit_                            - Undefined Weak Reference
    __cpp_initialize__aeabi_                  - Undefined Weak Reference
    __cxa_finalize                            - Undefined Weak Reference
    __rt_locale                               - Undefined Weak Reference
    __sigvec_lookup                           - Undefined Weak Reference
    _atexit_init                              - Undefined Weak Reference
    _call_atexit_fns                          - Undefined Weak Reference
    _clock_init                               - Undefined Weak Reference
    _fp_trap_init                             - Undefined Weak Reference
    _fp_trap_shutdown                         - Undefined Weak Reference
    _get_lc_collate                           - Undefined Weak Reference
    _get_lc_ctype                             - Undefined Weak Reference
    _get_lc_monetary                          - Undefined Weak Reference
    _get_lc_numeric                           - Undefined Weak Reference
    _get_lc_time                              - Undefined Weak Reference
    _getenv_init                              - Undefined Weak Reference
    _handle_redirection                       - Undefined Weak Reference
    _init_alloc                               - Undefined Weak Reference
    _init_user_alloc                          - Undefined Weak Reference
    _initio                                   - Undefined Weak Reference
    _rand_init                                - Undefined Weak Reference
    _signal_finish                            - Undefined Weak Reference
    _signal_init                              - Undefined Weak Reference
    _terminate_alloc                          - Undefined Weak Reference
    _terminate_user_alloc                     - Undefined Weak Reference
    _terminateio                              - Undefined Weak Reference
    __Vectors_Size                           0x00000194   Number         0  startup_stm32f401xc.o ABSOLUTE
    __Vectors                                0x08000000   Data           4  startup_stm32f401xc.o(RESET)
    __Vectors_End                            0x08000194   Data           0  startup_stm32f401xc.o(RESET)
    __main                                   0x08000195   Thumb Code     8  __main.o(!!!main)
    __scatterload                            0x0800019d   Thumb Code     0  __scatter.o(!!!scatter)
    __scatterload_rt2                        0x0800019d   Thumb Code    44  __scatter.o(!!!scatter)
    __scatterload_rt2_thumb_only             0x0800019d   Thumb Code     0  __scatter.o(!!!scatter)
    __scatterload_null                       0x080001ab   Thumb Code     0  __scatter.o(!!!scatter)
    __scatterload_copy                       0x080001d1   Thumb Code    26  __scatter_copy.o(!!handler_copy)
    __scatterload_zeroinit                   0x080001ed   Thumb Code    28  __scatter_zi.o(!!handler_zi)
    __rt_lib_init                            0x08000209   Thumb Code     0  libinit.o(.ARM.Collect$$libinit$$00000000)
    __rt_lib_init_fp_1                       0x0800020b   Thumb Code     0  libinit2.o(.ARM.Collect$$libinit$$00000001)
    __rt_lib_init_alloca_1                   0x0800020f   Thumb Code     0  libinit2.o(.ARM.Collect$$libinit$$0000002E)
    __rt_lib_init_argv_1                     0x0800020f   Thumb Code     0  libinit2.o(.ARM.Collect$$libinit$$0000002C)
    __rt_lib_init_atexit_1                   0x0800020f   Thumb Code     0  libinit2.o(.ARM.Collect$$libinit$$0000001B)
    __rt_lib_init_clock_1                    0x0800020f   Thumb Code     0  libinit2.o(.ARM.Collect$$libinit$$00000021)
    __rt_lib_init_cpp_1                      0x0800020f   Thumb Code     0  libinit2.o(.ARM.Collect$$libinit$$00000032)
    __rt_lib_init_exceptions_1               0x0800020f   Thumb Code     0  libinit2.o(.ARM.Collect$$libinit$$00000030)
    __rt_lib_init_fp_trap_1                  0x0800020f   Thumb Code     0  libinit2.o(.ARM.Collect$$libinit$$0000001F)
    __rt_lib_init_getenv_1                   0x0800020f   Thumb Code     0  libinit2.o(.ARM.Collect$$libinit$$00000023)
    __rt_lib_init_heap_1                     0x0800020f   Thumb Code     0  libinit2.o(.ARM.Collect$$libinit$$0000000A)
    __rt_lib_init_lc_collate_1               0x0800020f   Thumb Code     0  libinit2.o(.ARM.Collect$$libinit$$00000011)
    __rt_lib_init_lc_ctype_1                 0x0800020f   Thumb Code     0  libinit2.o(.ARM.Collect$$libinit$$00000013)
    __rt_lib_init_lc_monetary_1              0x0800020f   Thumb Code     0  libinit2.o(.ARM.Collect$$libinit$$00000015)
    __rt_lib_init_lc_numeric_1               0x0800020f   Thumb Code     0  libinit2.o(.ARM.Collect$$libinit$$00000017)
    __rt_lib_init_lc_time_1                  0x0800020f   Thumb Code     0  libinit2.o(.ARM.Collect$$libinit$$00000019)
    __rt_lib_init_preinit_1                  0x0800020f   Thumb Code     0  libinit2.o(.ARM.Collect$$libinit$$00000004)
    __rt_lib_init_rand_1                     0x0800020f   Thumb Code     0  libinit2.o(.ARM.Collect$$libinit$$0000000E)
    __rt_lib_init_return                     0x0800020f   Thumb Code     0  libinit2.o(.ARM.Collect$$libinit$$00000033)
    __rt_lib_init_signal_1                   0x0800020f   Thumb Code     0  libinit2.o(.ARM.Collect$$libinit$$0000001D)
    __rt_lib_init_stdio_1                    0x0800020f   Thumb Code     0  libinit2.o(.ARM.Collect$$libinit$$00000025)
    __rt_lib_init_user_alloc_1               0x0800020f   Thumb Code     0  libinit2.o(.ARM.Collect$$libinit$$0000000C)
    __rt_lib_shutdown                        0x08000211   Thumb Code     0  libshutdown.o(.ARM.Collect$$libshutdown$$00000000)
    __rt_lib_shutdown_cpp_1                  0x08000213   Thumb Code     0  libshutdown2.o(.ARM.Collect$$libshutdown$$00000002)
    __rt_lib_shutdown_fp_trap_1              0x08000213   Thumb Code     0  libshutdown2.o(.ARM.Collect$$libshutdown$$00000007)
    __rt_lib_shutdown_heap_1                 0x08000213   Thumb Code     0  libshutdown2.o(.ARM.Collect$$libshutdown$$0000000F)
    __rt_lib_shutdown_return                 0x08000213   Thumb Code     0  libshutdown2.o(.ARM.Collect$$libshutdown$$00000010)
    __rt_lib_shutdown_signal_1               0x08000213   Thumb Code     0  libshutdown2.o(.ARM.Collect$$libshutdown$$0000000A)
    __rt_lib_shutdown_stdio_1                0x08000213   Thumb Code     0  libshutdown2.o(.ARM.Collect$$libshutdown$$00000004)
    __rt_lib_shutdown_user_alloc_1           0x08000213   Thumb Code     0  libshutdown2.o(.ARM.Collect$$libshutdown$$0000000C)
    __rt_entry                               0x08000215   Thumb Code     0  __rtentry.o(.ARM.Collect$$rtentry$$00000000)
    __rt_entry_presh_1                       0x08000215   Thumb Code     0  __rtentry2.o(.ARM.Collect$$rtentry$$00000002)
    __rt_entry_sh                            0x08000215   Thumb Code     0  __rtentry4.o(.ARM.Collect$$rtentry$$00000004)
    __rt_entry_li                            0x0800021b   Thumb Code     0  __rtentry2.o(.ARM.Collect$$rtentry$$0000000A)
    __rt_entry_postsh_1                      0x0800021b   Thumb Code     0  __rtentry2.o(.ARM.Collect$$rtentry$$00000009)
    __rt_entry_main                          0x0800021f   Thumb Code     0  __rtentry2.o(.ARM.Collect$$rtentry$$0000000D)
    __rt_entry_postli_1                      0x0800021f   Thumb Code     0  __rtentry2.o(.ARM.Collect$$rtentry$$0000000C)
    __rt_exit                                0x08000227   Thumb Code     0  rtexit.o(.ARM.Collect$$rtexit$$00000000)
    __rt_exit_ls                             0x08000229   Thumb Code     0  rtexit2.o(.ARM.Collect$$rtexit$$00000003)
    __rt_exit_prels_1                        0x08000229   Thumb Code     0  rtexit2.o(.ARM.Collect$$rtexit$$00000002)
    __rt_exit_exit                           0x0800022d   Thumb Code     0  rtexit2.o(.ARM.Collect$$rtexit$$00000004)
    Reset_Handler                            0x08000235   Thumb Code     8  startup_stm32f401xc.o(.text)
    ADC_IRQHandler                           0x0800024f   Thumb Code     0  startup_stm32f401xc.o(.text)
    DMA1_Stream0_IRQHandler                  0x0800024f   Thumb Code     0  startup_stm32f401xc.o(.text)
    DMA1_Stream1_IRQHandler                  0x0800024f   Thumb Code     0  startup_stm32f401xc.o(.text)
    DMA1_Stream2_IRQHandler                  0x0800024f   Thumb Code     0  startup_stm32f401xc.o(.text)
    DMA1_Stream3_IRQHandler                  0x0800024f   Thumb Code     0  startup_stm32f401xc.o(.text)
    DMA1_Stream4_IRQHandler                  0x0800024f   Thumb Code     0  startup_stm32f401xc.o(.text)
    DMA1_Stream5_IRQHandler                  0x0800024f   Thumb Code     0  startup_stm32f401xc.o(.text)
    DMA1_Stream6_IRQHandler                  0x0800024f   Thumb Code     0  startup_stm32f401xc.o(.text)
    DMA1_Stream7_IRQHandler                  0x0800024f   Thumb Code     0  startup_stm32f401xc.o(.text)
    DMA2_Stream0_IRQHandler                  0x0800024f   Thumb Code     0  startup_stm32f401xc.o(.text)
    DMA2_Stream1_IRQHandler                  0x0800024f   Thumb Code     0  startup_stm32f401xc.o(.text)
    DMA2_Stream2_IRQHandler                  0x0800024f   Thumb Code     0  startup_stm32f401xc.o(.text)
    DMA2_Stream3_IRQHandler                  0x0800024f   Thumb Code     0  startup_stm32f401xc.o(.text)
    DMA2_Stream4_IRQHandler                  0x0800024f   Thumb Code     0  startup_stm32f401xc.o(.text)
    DMA2_Stream5_IRQHandler                  0x0800024f   Thumb Code     0  startup_stm32f401xc.o(.text)
    DMA2_Stream6_IRQHandler                  0x0800024f   Thumb Code     0  startup_stm32f401xc.o(.text)
    DMA2_Stream7_IRQHandler                  0x0800024f   Thumb Code     0  startup_stm32f401xc.o(.text)
    EXTI0_IRQHandler                         0x0800024f   Thumb Code     0  startup_stm32f401xc.o(.text)
    EXTI1_IRQHandler                         0x0800024f   Thumb Code     0  startup_stm32f401xc.o(.text)
    EXTI2_IRQHandler                         0x0800024f   Thumb Code     0  startup_stm32f401xc.o(.text)
    EXTI3_IRQHandler                         0x0800024f   Thumb Code     0  startup_stm32f401xc.o(.text)
    EXTI4_IRQHandler                         0x0800024f   Thumb Code     0  startup_stm32f401xc.o(.text)
    EXTI9_5_IRQHandler                       0x0800024f   Thumb Code     0  startup_stm32f401xc.o(.text)
    FLASH_IRQHandler                         0x0800024f   Thumb Code     0  startup_stm32f401xc.o(.text)
    FPU_IRQHandler                           0x0800024f   Thumb Code     0  startup_stm32f401xc.o(.text)
    I2C1_ER_IRQHandler                       0x0800024f   Thumb Code     0  startup_stm32f401xc.o(.text)
    I2C1_EV_IRQHandler                       0x0800024f   Thumb Code     0  startup_stm32f401xc.o(.text)
    I2C2_ER_IRQHandler                       0x0800024f   Thumb Code     0  startup_stm32f401xc.o(.text)
    I2C2_EV_IRQHandler                       0x0800024f   Thumb Code     0  startup_stm32f401xc.o(.text)
    I2C3_ER_IRQHandler                       0x0800024f   Thumb Code     0  startup_stm32f401xc.o(.text)
    I2C3_EV_IRQHandler                       0x0800024f   Thumb Code     0  startup_stm32f401xc.o(.text)
    OTG_FS_IRQHandler                        0x0800024f   Thumb Code     0  startup_stm32f401xc.o(.text)
    OTG_FS_WKUP_IRQHandler                   0x0800024f   Thumb Code     0  startup_stm32f401xc.o(.text)
    PVD_IRQHandler                           0x0800024f   Thumb Code     0  startup_stm32f401xc.o(.text)
    RCC_IRQHandler                           0x0800024f   Thumb Code     0  startup_stm32f401xc.o(.text)
    RTC_Alarm_IRQHandler                     0x0800024f   Thumb Code     0  startup_stm32f401xc.o(.text)
    RTC_WKUP_IRQHandler                      0x0800024f   Thumb Code     0  startup_stm32f401xc.o(.text)
    SDIO_IRQHandler                          0x0800024f   Thumb Code     0  startup_stm32f401xc.o(.text)
    SPI1_IRQHandler                          0x0800024f   Thumb Code     0  startup_stm32f401xc.o(.text)
    SPI2_IRQHandler                          0x0800024f   Thumb Code     0  startup_stm32f401xc.o(.text)
    SPI3_IRQHandler                          0x0800024f   Thumb Code     0  startup_stm32f401xc.o(.text)
    SPI4_IRQHandler                          0x0800024f   Thumb Code     0  startup_stm32f401xc.o(.text)
    TAMP_STAMP_IRQHandler                    0x0800024f   Thumb Code     0  startup_stm32f401xc.o(.text)
    TIM1_BRK_TIM9_IRQHandler                 0x0800024f   Thumb Code     0  startup_stm32f401xc.o(.text)
    TIM1_CC_IRQHandler                       0x0800024f   Thumb Code     0  startup_stm32f401xc.o(.text)
    TIM1_TRG_COM_TIM11_IRQHandler            0x0800024f   Thumb Code     0  startup_stm32f401xc.o(.text)
    TIM2_IRQHandler                          0x0800024f   Thumb Code     0  startup_stm32f401xc.o(.text)
    TIM3_IRQHandler                          0x0800024f   Thumb Code     0  startup_stm32f401xc.o(.text)
    TIM4_IRQHandler                          0x0800024f   Thumb Code     0  startup_stm32f401xc.o(.text)
    TIM5_IRQHandler                          0x0800024f   Thumb Code     0  startup_stm32f401xc.o(.text)
    USART2_IRQHandler                        0x0800024f   Thumb Code     0  startup_stm32f401xc.o(.text)
    USART6_IRQHandler                        0x0800024f   Thumb Code     0  startup_stm32f401xc.o(.text)
    WWDG_IRQHandler                          0x0800024f   Thumb Code     0  startup_stm32f401xc.o(.text)
    __user_initial_stackheap                 0x08000251   Thumb Code     0  startup_stm32f401xc.o(.text)
    __aeabi_uldivmod                         0x08000275   Thumb Code     0  lludivv7m.o(.text)
    _ll_udiv                                 0x08000275   Thumb Code   238  lludivv7m.o(.text)
    __aeabi_memclr4                          0x08000363   Thumb Code     0  rt_memclr_w.o(.text)
    __aeabi_memclr8                          0x08000363   Thumb Code     0  rt_memclr_w.o(.text)
    __rt_memclr_w                            0x08000363   Thumb Code    78  rt_memclr_w.o(.text)
    _memset_w                                0x08000367   Thumb Code     0  rt_memclr_w.o(.text)
    __use_two_region_memory                  0x080003b1   Thumb Code     2  heapauxi.o(.text)
    __rt_heap_escrow$2region                 0x080003b3   Thumb Code     2  heapauxi.o(.text)
    __rt_heap_expand$2region                 0x080003b5   Thumb Code     2  heapauxi.o(.text)
    __user_setup_stackheap                   0x080003b7   Thumb Code    74  sys_stackheap_outer.o(.text)
    exit                                     0x08000401   Thumb Code    18  exit.o(.text)
    __user_libspace                          0x08000415   Thumb Code     8  libspace.o(.text)
    __user_perproc_libspace                  0x08000415   Thumb Code     0  libspace.o(.text)
    __user_perthread_libspace                0x08000415   Thumb Code     0  libspace.o(.text)
    _sys_exit                                0x0800041d   Thumb Code     8  sys_exit.o(.text)
    __I$use$semihosting                      0x08000429   Thumb Code     0  use_no_semi.o(.text)
    __use_no_semihosting_swi                 0x08000429   Thumb Code     2  use_no_semi.o(.text)
    BusFault_Handler                         0x0800042b   Thumb Code     2  stm32f4xx_it.o(.text.BusFault_Handler)
    __semihosting_library_function           0x0800042b   Thumb Code     0  indicate_semi.o(.text)
    Data_send                                0x0800042d   Thumb Code   176  anuo.o(.text.Data_send)
    DebugMon_Handler                         0x080004dd   Thumb Code     2  stm32f4xx_it.o(.text.DebugMon_Handler)
    EXTI15_10_IRQHandler                     0x080004df   Thumb Code     8  stm32f4xx_it.o(.text.EXTI15_10_IRQHandler)
    Error_Handler                            0x080004e7   Thumb Code     4  main.o(.text.Error_Handler)
    HAL_DMA_Abort                            0x080004eb   Thumb Code   132  stm32f4xx_hal_dma.o(.text.HAL_DMA_Abort)
    HAL_DMA_Abort_IT                         0x0800056f   Thumb Code    36  stm32f4xx_hal_dma.o(.text.HAL_DMA_Abort_IT)
    HAL_GPIO_EXTI_Callback                   0x08000593   Thumb Code     2  stm32f4xx_hal_gpio.o(.text.HAL_GPIO_EXTI_Callback)
    HAL_GPIO_EXTI_IRQHandler                 0x08000595   Thumb Code    20  stm32f4xx_hal_gpio.o(.text.HAL_GPIO_EXTI_IRQHandler)
    HAL_GPIO_Init                            0x080005a9   Thumb Code   400  stm32f4xx_hal_gpio.o(.text.HAL_GPIO_Init)
    HAL_GPIO_TogglePin                       0x08000739   Thumb Code    16  stm32f4xx_hal_gpio.o(.text.HAL_GPIO_TogglePin)
    HAL_GPIO_WritePin                        0x08000749   Thumb Code    10  stm32f4xx_hal_gpio.o(.text.HAL_GPIO_WritePin)
    HAL_GetTick                              0x08000755   Thumb Code    12  stm32f4xx_hal.o(.text.HAL_GetTick)
    HAL_I2C_Init                             0x0800075d   Thumb Code   368  stm32f4xx_hal_i2c.o(.text.HAL_I2C_Init)
    HAL_I2C_MspInit                          0x080008cd   Thumb Code   112  i2c.o(.text.HAL_I2C_MspInit)
    HAL_IncTick                              0x0800093d   Thumb Code    16  stm32f4xx_hal.o(.text.HAL_IncTick)
    HAL_Init                                 0x08000949   Thumb Code    52  stm32f4xx_hal.o(.text.HAL_Init)
    HAL_InitTick                             0x0800097d   Thumb Code    64  stm32f4xx_hal.o(.text.HAL_InitTick)
    HAL_MspInit                              0x080009b9   Thumb Code    56  stm32f4xx_hal_msp.o(.text.HAL_MspInit)
    HAL_NVIC_EnableIRQ                       0x080009f1   Thumb Code    28  stm32f4xx_hal_cortex.o(.text.HAL_NVIC_EnableIRQ)
    HAL_NVIC_SetPriority                     0x08000a0d   Thumb Code    92  stm32f4xx_hal_cortex.o(.text.HAL_NVIC_SetPriority)
    HAL_NVIC_SetPriorityGrouping             0x08000a65   Thumb Code    32  stm32f4xx_hal_cortex.o(.text.HAL_NVIC_SetPriorityGrouping)
    HAL_RCC_ClockConfig                      0x08000a85   Thumb Code   304  stm32f4xx_hal_rcc.o(.text.HAL_RCC_ClockConfig)
    HAL_RCC_GetPCLK1Freq                     0x08000bb1   Thumb Code    32  stm32f4xx_hal_rcc.o(.text.HAL_RCC_GetPCLK1Freq)
    HAL_RCC_GetPCLK2Freq                     0x08000bc5   Thumb Code    32  stm32f4xx_hal_rcc.o(.text.HAL_RCC_GetPCLK2Freq)
    HAL_RCC_GetSysClockFreq                  0x08000be5   Thumb Code    96  stm32f4xx_hal_rcc.o(.text.HAL_RCC_GetSysClockFreq)
    HAL_RCC_OscConfig                        0x08000c41   Thumb Code   884  stm32f4xx_hal_rcc.o(.text.HAL_RCC_OscConfig)
    HAL_SYSTICK_Config                       0x08000fb5   Thumb Code    40  stm32f4xx_hal_cortex.o(.text.HAL_SYSTICK_Config)
    HAL_TIMEx_BreakCallback                  0x08000fdd   Thumb Code     2  stm32f4xx_hal_tim_ex.o(.text.HAL_TIMEx_BreakCallback)
    HAL_TIMEx_CommutCallback                 0x08000fdf   Thumb Code     2  stm32f4xx_hal_tim_ex.o(.text.HAL_TIMEx_CommutCallback)
    HAL_TIMEx_ConfigBreakDeadTime            0x08000fe1   Thumb Code    80  stm32f4xx_hal_tim_ex.o(.text.HAL_TIMEx_ConfigBreakDeadTime)
    HAL_TIMEx_MasterConfigSynchronization    0x08001031   Thumb Code   132  stm32f4xx_hal_tim_ex.o(.text.HAL_TIMEx_MasterConfigSynchronization)
    HAL_TIM_Base_Init                        0x080010a1   Thumb Code    88  stm32f4xx_hal_tim.o(.text.HAL_TIM_Base_Init)
    HAL_TIM_Base_MspInit                     0x080010f9   Thumb Code   100  tim.o(.text.HAL_TIM_Base_MspInit)
    HAL_TIM_Base_Start_IT                    0x08001155   Thumb Code   108  stm32f4xx_hal_tim.o(.text.HAL_TIM_Base_Start_IT)
    HAL_TIM_ConfigClockSource                0x080011c1   Thumb Code   248  stm32f4xx_hal_tim.o(.text.HAL_TIM_ConfigClockSource)
    HAL_TIM_Encoder_Init                     0x080012b9   Thumb Code   176  stm32f4xx_hal_tim.o(.text.HAL_TIM_Encoder_Init)
    HAL_TIM_Encoder_MspInit                  0x08001369   Thumb Code   344  tim.o(.text.HAL_TIM_Encoder_MspInit)
    HAL_TIM_Encoder_Start                    0x080014bd   Thumb Code   172  stm32f4xx_hal_tim.o(.text.HAL_TIM_Encoder_Start)
    HAL_TIM_IC_CaptureCallback               0x08001569   Thumb Code     2  stm32f4xx_hal_tim.o(.text.HAL_TIM_IC_CaptureCallback)
    HAL_TIM_IRQHandler                       0x0800156b   Thumb Code   282  stm32f4xx_hal_tim.o(.text.HAL_TIM_IRQHandler)
    HAL_TIM_MspPostInit                      0x08001685   Thumb Code   136  tim.o(.text.HAL_TIM_MspPostInit)
    HAL_TIM_OC_DelayElapsedCallback          0x08001705   Thumb Code     2  stm32f4xx_hal_tim.o(.text.HAL_TIM_OC_DelayElapsedCallback)
    HAL_TIM_PWM_ConfigChannel                0x08001709   Thumb Code   154  stm32f4xx_hal_tim.o(.text.HAL_TIM_PWM_ConfigChannel)
    HAL_TIM_PWM_Init                         0x080017a3   Thumb Code    88  stm32f4xx_hal_tim.o(.text.HAL_TIM_PWM_Init)
    HAL_TIM_PWM_MspInit                      0x080017fb   Thumb Code     2  stm32f4xx_hal_tim.o(.text.HAL_TIM_PWM_MspInit)
    HAL_TIM_PWM_PulseFinishedCallback        0x080017fd   Thumb Code     2  stm32f4xx_hal_tim.o(.text.HAL_TIM_PWM_PulseFinishedCallback)
    HAL_TIM_PWM_Start                        0x08001801   Thumb Code   188  stm32f4xx_hal_tim.o(.text.HAL_TIM_PWM_Start)
    HAL_TIM_PeriodElapsedCallback            0x080018bd   Thumb Code  1304  encoder.o(.text.HAL_TIM_PeriodElapsedCallback)
    HAL_TIM_TriggerCallback                  0x08001dc5   Thumb Code     2  stm32f4xx_hal_tim.o(.text.HAL_TIM_TriggerCallback)
    HAL_UARTEx_RxEventCallback               0x08001dc7   Thumb Code     2  stm32f4xx_hal_uart.o(.text.HAL_UARTEx_RxEventCallback)
    HAL_UART_ErrorCallback                   0x08001dc9   Thumb Code     2  stm32f4xx_hal_uart.o(.text.HAL_UART_ErrorCallback)
    HAL_UART_IRQHandler                      0x08001dcd   Thumb Code   696  stm32f4xx_hal_uart.o(.text.HAL_UART_IRQHandler)
    HAL_UART_Init                            0x08002085   Thumb Code    94  stm32f4xx_hal_uart.o(.text.HAL_UART_Init)
    HAL_UART_MspInit                         0x080020e5   Thumb Code   124  usart.o(.text.HAL_UART_MspInit)
    HAL_UART_Receive_IT                      0x0800215d   Thumb Code    32  stm32f4xx_hal_uart.o(.text.HAL_UART_Receive_IT)
    HAL_UART_RxCpltCallback                  0x0800217d   Thumb Code    20  jy61.o(.text.HAL_UART_RxCpltCallback)
    HAL_UART_TxCpltCallback                  0x0800218d   Thumb Code     2  stm32f4xx_hal_uart.o(.text.HAL_UART_TxCpltCallback)
    HardFault_Handler                        0x0800218f   Thumb Code     2  stm32f4xx_it.o(.text.HardFault_Handler)
    Incremental_PID_Left                     0x08002191   Thumb Code   128  pid.o(.text.Incremental_PID_Left)
    Incremental_PID_Right                    0x0800220d   Thumb Code   128  pid.o(.text.Incremental_PID_Right)
    JY61_GetPitch                            0x0800228d   Thumb Code    44  jy61.o(.text.JY61_GetPitch)
    JY61_GetRoll                             0x080022b9   Thumb Code    44  jy61.o(.text.JY61_GetRoll)
    JY61_GetYaw                              0x080022e5   Thumb Code    44  jy61.o(.text.JY61_GetYaw)
    JY61_Init                                0x08002311   Thumb Code    16  jy61.o(.text.JY61_Init)
    JY61_ReceiveHandler                      0x0800231d   Thumb Code    84  jy61.o(.text.JY61_ReceiveHandler)
    MX_GPIO_Init                             0x08002371   Thumb Code   272  gpio.o(.text.MX_GPIO_Init)
    MX_I2C1_Init                             0x08002481   Thumb Code    60  i2c.o(.text.MX_I2C1_Init)
    MX_TIM1_Init                             0x080024bd   Thumb Code   216  tim.o(.text.MX_TIM1_Init)
    MX_TIM2_Init                             0x08002591   Thumb Code    92  tim.o(.text.MX_TIM2_Init)
    MX_TIM3_Init                             0x080025ed   Thumb Code    96  tim.o(.text.MX_TIM3_Init)
    MX_TIM4_Init                             0x0800264d   Thumb Code    96  tim.o(.text.MX_TIM4_Init)
    MX_TIM5_Init                             0x080026ad   Thumb Code    96  tim.o(.text.MX_TIM5_Init)
    MX_TIM9_Init                             0x0800270d   Thumb Code   148  tim.o(.text.MX_TIM9_Init)
    MX_USART1_UART_Init                      0x0800279d   Thumb Code    56  usart.o(.text.MX_USART1_UART_Init)
    MemManage_Handler                        0x080027d5   Thumb Code     2  stm32f4xx_it.o(.text.MemManage_Handler)
    Motor1_SetSpeed                          0x080027d9   Thumb Code    72  motor.o(.text.Motor1_SetSpeed)
    Motor2_SetSpeed                          0x08002819   Thumb Code    76  motor.o(.text.Motor2_SetSpeed)
    Motor3_SetSpeed                          0x08002865   Thumb Code    68  motor.o(.text.Motor3_SetSpeed)
    Motor4_SetSpeed                          0x080028a1   Thumb Code    68  motor.o(.text.Motor4_SetSpeed)
    NMI_Handler                              0x080028e5   Thumb Code     2  stm32f4xx_it.o(.text.NMI_Handler)
    PendSV_Handler                           0x080028e7   Thumb Code     2  stm32f4xx_it.o(.text.PendSV_Handler)
    Position_PID_Left                        0x080028e9   Thumb Code   140  pid.o(.text.Position_PID_Left)
    Position_PID_Right                       0x08002969   Thumb Code   140  pid.o(.text.Position_PID_Right)
    SVC_Handler                              0x080029f5   Thumb Code     2  stm32f4xx_it.o(.text.SVC_Handler)
    SysTick_Handler                          0x080029f7   Thumb Code     4  stm32f4xx_it.o(.text.SysTick_Handler)
    SystemClock_Config                       0x080029fd   Thumb Code   152  main.o(.text.SystemClock_Config)
    SystemInit                               0x08002a95   Thumb Code    16  system_stm32f4xx.o(.text.SystemInit)
    TIM1_UP_TIM10_IRQHandler                 0x08002aa5   Thumb Code    12  stm32f4xx_it.o(.text.TIM1_UP_TIM10_IRQHandler)
    TIM_Base_SetConfig                       0x08002ab1   Thumb Code   172  stm32f4xx_hal_tim.o(.text.TIM_Base_SetConfig)
    TIM_OC2_SetConfig                        0x08002bb1   Thumb Code   100  stm32f4xx_hal_tim.o(.text.TIM_OC2_SetConfig)
    UART_Start_Receive_IT                    0x08002ef1   Thumb Code    50  stm32f4xx_hal_uart.o(.text.UART_Start_Receive_IT)
    USART1_IRQHandler                        0x08002f25   Thumb Code    12  stm32f4xx_it.o(.text.USART1_IRQHandler)
    UsageFault_Handler                       0x08002f2d   Thumb Code     2  stm32f4xx_it.o(.text.UsageFault_Handler)
    main                                     0x08002f31   Thumb Code   208  main.o(.text.main)
    _fp_init                                 0x08003001   Thumb Code    10  fpinit.o(x$fpl$fpinit)
    __fplib_config_fpu_vfp                   0x08003009   Thumb Code     0  fpinit.o(x$fpl$fpinit)
    __fplib_config_pureend_doubles           0x08003009   Thumb Code     0  fpinit.o(x$fpl$fpinit)
    AHBPrescTable                            0x0800300a   Data          16  system_stm32f4xx.o(.rodata.AHBPrescTable)
    APBPrescTable                            0x0800301a   Data           8  system_stm32f4xx.o(.rodata.APBPrescTable)
    Region$$Table$$Base                      0x08003024   Number         0  anon$$obj.o(Region$$Table)
    Region$$Table$$Limit                     0x08003044   Number         0  anon$$obj.o(Region$$Table)
    uwTickFreq                               0x20000000   Data           1  stm32f4xx_hal.o(.data..L_MergedGlobals)
    uwTickPrio                               0x20000004   Data           4  stm32f4xx_hal.o(.data..L_MergedGlobals)
    uwTick                                   0x20000008   Data           4  stm32f4xx_hal.o(.data..L_MergedGlobals)
    Integral_bias_Left                       0x20000010   Data           4  pid.o(.data..L_MergedGlobals)
    Integral_bias_Right                      0x20000014   Data           4  pid.o(.data..L_MergedGlobals)
    Bias_Left                                0x20000018   Data           4  pid.o(.data..L_MergedGlobals)
    Last_bias_Left                           0x2000001c   Data           4  pid.o(.data..L_MergedGlobals)
    Prev_bias_Left                           0x20000020   Data           4  pid.o(.data..L_MergedGlobals)
    Bias_Right                               0x20000024   Data           4  pid.o(.data..L_MergedGlobals)
    Last_bias_Right                          0x20000028   Data           4  pid.o(.data..L_MergedGlobals)
    Prev_bias_Right                          0x2000002c   Data           4  pid.o(.data..L_MergedGlobals)
    Bias_yaw                                 0x20000030   Data           4  pid.o(.data..L_MergedGlobals)
    Last_bias_yaw                            0x20000034   Data           4  pid.o(.data..L_MergedGlobals)
    Integral_bias_yaw                        0x20000038   Data           4  pid.o(.data..L_MergedGlobals)
    Position_KP_L                            0x2000003c   Data           4  pid.o(.data..L_MergedGlobals)
    Position_KI_L                            0x20000040   Data           4  pid.o(.data..L_MergedGlobals)
    Position_KD_L                            0x20000044   Data           4  pid.o(.data..L_MergedGlobals)
    Position_KP_R                            0x20000048   Data           4  pid.o(.data..L_MergedGlobals)
    Position_KI_R                            0x2000004c   Data           4  pid.o(.data..L_MergedGlobals)
    Position_KD_R                            0x20000050   Data           4  pid.o(.data..L_MergedGlobals)
    Incremental_KP_L                         0x20000054   Data           4  pid.o(.data..L_MergedGlobals)
    Incremental_KI_L                         0x20000058   Data           4  pid.o(.data..L_MergedGlobals)
    Incremental_KD_L                         0x2000005c   Data           4  pid.o(.data..L_MergedGlobals)
    Incremental_KP_R                         0x20000060   Data           4  pid.o(.data..L_MergedGlobals)
    Incremental_KI_R                         0x20000064   Data           4  pid.o(.data..L_MergedGlobals)
    Incremental_KD_R                         0x20000068   Data           4  pid.o(.data..L_MergedGlobals)
    Yaw_KP                                   0x2000006c   Data           4  pid.o(.data..L_MergedGlobals)
    Yaw_KI                                   0x20000070   Data           4  pid.o(.data..L_MergedGlobals)
    Yaw_KD                                   0x20000074   Data           4  pid.o(.data..L_MergedGlobals)
    Motor1Speed                              0x20000080   Data           2  encoder.o(.data..L_MergedGlobals)
    Motor2Speed                              0x20000082   Data           2  encoder.o(.data..L_MergedGlobals)
    Motor3Speed                              0x20000084   Data           2  encoder.o(.data..L_MergedGlobals)
    Motor4Speed                              0x20000086   Data           2  encoder.o(.data..L_MergedGlobals)
    Encoder1_cnt                             0x20000088   Data           2  encoder.o(.data..L_MergedGlobals)
    Encoder2_cnt                             0x2000008a   Data           2  encoder.o(.data..L_MergedGlobals)
    Encoder3_cnt                             0x2000008c   Data           2  encoder.o(.data..L_MergedGlobals)
    Encoder4_cnt                             0x2000008e   Data           2  encoder.o(.data..L_MergedGlobals)
    num                                      0x20000090   Data           4  encoder.o(.data..L_MergedGlobals)
    rpm                                      0x20000094   Data           4  encoder.o(.data..L_MergedGlobals)
    Rpm_Num_L                                0x20000098   Data           4  encoder.o(.data..L_MergedGlobals)
    Rpm_Num_R                                0x2000009c   Data           4  encoder.o(.data..L_MergedGlobals)
    Target_Position                          0x200000a0   Data           4  encoder.o(.data..L_MergedGlobals)
    target_velocity_L                        0x200000a4   Data           4  encoder.o(.data..L_MergedGlobals)
    target_velocity_L2                       0x200000a8   Data           4  encoder.o(.data..L_MergedGlobals)
    target_velocity_R                        0x200000ac   Data           4  encoder.o(.data..L_MergedGlobals)
    target_velocity_R2                       0x200000b0   Data           4  encoder.o(.data..L_MergedGlobals)
    yaw                                      0x200000b4   Data           4  encoder.o(.data..L_MergedGlobals)
    pitch                                    0x200000b8   Data           4  encoder.o(.data..L_MergedGlobals)
    roll                                     0x200000bc   Data           4  encoder.o(.data..L_MergedGlobals)
    Target_Velocity                          0x200000c0   Data           4  encoder.o(.data..L_MergedGlobals)
    now_position1                            0x200000c4   Data           4  encoder.o(.data..L_MergedGlobals)
    now_position2                            0x200000c8   Data           4  encoder.o(.data..L_MergedGlobals)
    now_position3                            0x200000cc   Data           4  encoder.o(.data..L_MergedGlobals)
    now_position4                            0x200000d0   Data           4  encoder.o(.data..L_MergedGlobals)
    now_position_L                           0x200000d4   Data           4  encoder.o(.data..L_MergedGlobals)
    now_position_R                           0x200000d8   Data           4  encoder.o(.data..L_MergedGlobals)
    speed_output_L1                          0x200000dc   Data           4  encoder.o(.data..L_MergedGlobals)
    speed_output_L2                          0x200000e0   Data           4  encoder.o(.data..L_MergedGlobals)
    speed_output_R1                          0x200000e4   Data           4  encoder.o(.data..L_MergedGlobals)
    speed_output_R2                          0x200000e8   Data           4  encoder.o(.data..L_MergedGlobals)
    Data_Buff                                0x200000ec   Data          32  anuo.o(.data.Data_Buff)
    SystemCoreClock                          0x2000010c   Data           4  system_stm32f4xx.o(.data.SystemCoreClock)
    __libspace_start                         0x20000110   Data          96  libspace.o(.bss)
    __temporary_stack_top$libspace           0x20000170   Data           0  libspace.o(.bss)
    jy61_cnt                                 0x20000170   Data           1  jy61.o(.bss..L_MergedGlobals)
    jy61_rx_byte                             0x20000171   Data           1  jy61.o(.bss..L_MergedGlobals)
    jy61_huart                               0x20000174   Data           4  jy61.o(.bss..L_MergedGlobals)
    jy61_buffer                              0x20000178   Data          11  jy61.o(.bss..L_MergedGlobals)
    hi2c1                                    0x200001b8   Data          84  i2c.o(.bss.hi2c1)
    htim1                                    0x2000020c   Data          72  tim.o(.bss.htim1)
    htim2                                    0x20000254   Data          72  tim.o(.bss.htim2)
    htim3                                    0x2000029c   Data          72  tim.o(.bss.htim3)
    htim4                                    0x200002e4   Data          72  tim.o(.bss.htim4)
    htim5                                    0x2000032c   Data          72  tim.o(.bss.htim5)
    htim9                                    0x20000374   Data          72  tim.o(.bss.htim9)
    huart1                                   0x200003bc   Data          72  usart.o(.bss.huart1)
    stcAngle                                 0x20000408   Data           8  jy61.o(.bss.stcAngle)



==============================================================================

Memory Map of the image

  Image Entry point : 0x08000195

  Load Region LR_IROM1 (Base: 0x08000000, Size: 0x00003160, Max: 0x00040000, ABSOLUTE)

    Execution Region ER_IROM1 (Exec base: 0x08000000, Load base: 0x08000000, Size: 0x00003044, Max: 0x00040000, ABSOLUTE)

    Exec Addr    Load Addr    Size         Type   Attr      Idx    E Section Name        Object

    0x08000000   0x08000000   0x00000194   Data   RO            3    RESET               startup_stm32f401xc.o
    0x08000194   0x08000194   0x00000008   Code   RO         1401  * !!!main             c_w.l(__main.o)
    0x0800019c   0x0800019c   0x00000034   Code   RO         1574    !!!scatter          c_w.l(__scatter.o)
    0x080001d0   0x080001d0   0x0000001a   Code   RO         1576    !!handler_copy      c_w.l(__scatter_copy.o)
    0x080001ea   0x080001ea   0x00000002   PAD
    0x080001ec   0x080001ec   0x0000001c   Code   RO         1578    !!handler_zi        c_w.l(__scatter_zi.o)
    0x08000208   0x08000208   0x00000002   Code   RO         1438    .ARM.Collect$$libinit$$00000000  c_w.l(libinit.o)
    0x0800020a   0x0800020a   0x00000004   Code   RO         1450    .ARM.Collect$$libinit$$00000001  c_w.l(libinit2.o)
    0x0800020e   0x0800020e   0x00000000   Code   RO         1453    .ARM.Collect$$libinit$$00000004  c_w.l(libinit2.o)
    0x0800020e   0x0800020e   0x00000000   Code   RO         1456    .ARM.Collect$$libinit$$0000000A  c_w.l(libinit2.o)
    0x0800020e   0x0800020e   0x00000000   Code   RO         1458    .ARM.Collect$$libinit$$0000000C  c_w.l(libinit2.o)
    0x0800020e   0x0800020e   0x00000000   Code   RO         1460    .ARM.Collect$$libinit$$0000000E  c_w.l(libinit2.o)
    0x0800020e   0x0800020e   0x00000000   Code   RO         1463    .ARM.Collect$$libinit$$00000011  c_w.l(libinit2.o)
    0x0800020e   0x0800020e   0x00000000   Code   RO         1465    .ARM.Collect$$libinit$$00000013  c_w.l(libinit2.o)
    0x0800020e   0x0800020e   0x00000000   Code   RO         1467    .ARM.Collect$$libinit$$00000015  c_w.l(libinit2.o)
    0x0800020e   0x0800020e   0x00000000   Code   RO         1469    .ARM.Collect$$libinit$$00000017  c_w.l(libinit2.o)
    0x0800020e   0x0800020e   0x00000000   Code   RO         1471    .ARM.Collect$$libinit$$00000019  c_w.l(libinit2.o)
    0x0800020e   0x0800020e   0x00000000   Code   RO         1473    .ARM.Collect$$libinit$$0000001B  c_w.l(libinit2.o)
    0x0800020e   0x0800020e   0x00000000   Code   RO         1475    .ARM.Collect$$libinit$$0000001D  c_w.l(libinit2.o)
    0x0800020e   0x0800020e   0x00000000   Code   RO         1477    .ARM.Collect$$libinit$$0000001F  c_w.l(libinit2.o)
    0x0800020e   0x0800020e   0x00000000   Code   RO         1479    .ARM.Collect$$libinit$$00000021  c_w.l(libinit2.o)
    0x0800020e   0x0800020e   0x00000000   Code   RO         1481    .ARM.Collect$$libinit$$00000023  c_w.l(libinit2.o)
    0x0800020e   0x0800020e   0x00000000   Code   RO         1483    .ARM.Collect$$libinit$$00000025  c_w.l(libinit2.o)
    0x0800020e   0x0800020e   0x00000000   Code   RO         1487    .ARM.Collect$$libinit$$0000002C  c_w.l(libinit2.o)
    0x0800020e   0x0800020e   0x00000000   Code   RO         1489    .ARM.Collect$$libinit$$0000002E  c_w.l(libinit2.o)
    0x0800020e   0x0800020e   0x00000000   Code   RO         1491    .ARM.Collect$$libinit$$00000030  c_w.l(libinit2.o)
    0x0800020e   0x0800020e   0x00000000   Code   RO         1493    .ARM.Collect$$libinit$$00000032  c_w.l(libinit2.o)
    0x0800020e   0x0800020e   0x00000002   Code   RO         1494    .ARM.Collect$$libinit$$00000033  c_w.l(libinit2.o)
    0x08000210   0x08000210   0x00000002   Code   RO         1529    .ARM.Collect$$libshutdown$$00000000  c_w.l(libshutdown.o)
    0x08000212   0x08000212   0x00000000   Code   RO         1557    .ARM.Collect$$libshutdown$$00000002  c_w.l(libshutdown2.o)
    0x08000212   0x08000212   0x00000000   Code   RO         1559    .ARM.Collect$$libshutdown$$00000004  c_w.l(libshutdown2.o)
    0x08000212   0x08000212   0x00000000   Code   RO         1562    .ARM.Collect$$libshutdown$$00000007  c_w.l(libshutdown2.o)
    0x08000212   0x08000212   0x00000000   Code   RO         1565    .ARM.Collect$$libshutdown$$0000000A  c_w.l(libshutdown2.o)
    0x08000212   0x08000212   0x00000000   Code   RO         1567    .ARM.Collect$$libshutdown$$0000000C  c_w.l(libshutdown2.o)
    0x08000212   0x08000212   0x00000000   Code   RO         1570    .ARM.Collect$$libshutdown$$0000000F  c_w.l(libshutdown2.o)
    0x08000212   0x08000212   0x00000002   Code   RO         1571    .ARM.Collect$$libshutdown$$00000010  c_w.l(libshutdown2.o)
    0x08000214   0x08000214   0x00000000   Code   RO         1403    .ARM.Collect$$rtentry$$00000000  c_w.l(__rtentry.o)
    0x08000214   0x08000214   0x00000000   Code   RO         1409    .ARM.Collect$$rtentry$$00000002  c_w.l(__rtentry2.o)
    0x08000214   0x08000214   0x00000006   Code   RO         1421    .ARM.Collect$$rtentry$$00000004  c_w.l(__rtentry4.o)
    0x0800021a   0x0800021a   0x00000000   Code   RO         1411    .ARM.Collect$$rtentry$$00000009  c_w.l(__rtentry2.o)
    0x0800021a   0x0800021a   0x00000004   Code   RO         1412    .ARM.Collect$$rtentry$$0000000A  c_w.l(__rtentry2.o)
    0x0800021e   0x0800021e   0x00000000   Code   RO         1414    .ARM.Collect$$rtentry$$0000000C  c_w.l(__rtentry2.o)
    0x0800021e   0x0800021e   0x00000008   Code   RO         1415    .ARM.Collect$$rtentry$$0000000D  c_w.l(__rtentry2.o)
    0x08000226   0x08000226   0x00000002   Code   RO         1442    .ARM.Collect$$rtexit$$00000000  c_w.l(rtexit.o)
    0x08000228   0x08000228   0x00000000   Code   RO         1500    .ARM.Collect$$rtexit$$00000002  c_w.l(rtexit2.o)
    0x08000228   0x08000228   0x00000004   Code   RO         1501    .ARM.Collect$$rtexit$$00000003  c_w.l(rtexit2.o)
    0x0800022c   0x0800022c   0x00000006   Code   RO         1502    .ARM.Collect$$rtexit$$00000004  c_w.l(rtexit2.o)
    0x08000232   0x08000232   0x00000002   PAD
    0x08000234   0x08000234   0x00000040   Code   RO            4    .text               startup_stm32f401xc.o
    0x08000274   0x08000274   0x000000ee   Code   RO         1393    .text               c_w.l(lludivv7m.o)
    0x08000362   0x08000362   0x0000004e   Code   RO         1397    .text               c_w.l(rt_memclr_w.o)
    0x080003b0   0x080003b0   0x00000006   Code   RO         1399    .text               c_w.l(heapauxi.o)
    0x080003b6   0x080003b6   0x0000004a   Code   RO         1425    .text               c_w.l(sys_stackheap_outer.o)
    0x08000400   0x08000400   0x00000012   Code   RO         1427    .text               c_w.l(exit.o)
    0x08000412   0x08000412   0x00000002   PAD
    0x08000414   0x08000414   0x00000008   Code   RO         1439    .text               c_w.l(libspace.o)
    0x0800041c   0x0800041c   0x0000000c   Code   RO         1495    .text               c_w.l(sys_exit.o)
    0x08000428   0x08000428   0x00000002   Code   RO         1518    .text               c_w.l(use_no_semi.o)
    0x0800042a   0x0800042a   0x00000000   Code   RO         1520    .text               c_w.l(indicate_semi.o)
    0x0800042a   0x0800042a   0x00000002   Code   RO          123    .text.BusFault_Handler  stm32f4xx_it.o
    0x0800042c   0x0800042c   0x000000b0   Code   RO         1340    .text.Data_send     anuo.o
    0x080004dc   0x080004dc   0x00000002   Code   RO          129    .text.DebugMon_Handler  stm32f4xx_it.o
    0x080004de   0x080004de   0x00000008   Code   RO          139    .text.EXTI15_10_IRQHandler  stm32f4xx_it.o
    0x080004e6   0x080004e6   0x00000004   Code   RO           15    .text.Error_Handler  main.o
    0x080004ea   0x080004ea   0x00000084   Code   RO          516    .text.HAL_DMA_Abort  stm32f4xx_hal_dma.o
    0x0800056e   0x0800056e   0x00000024   Code   RO          518    .text.HAL_DMA_Abort_IT  stm32f4xx_hal_dma.o
    0x08000592   0x08000592   0x00000002   Code   RO          476    .text.HAL_GPIO_EXTI_Callback  stm32f4xx_hal_gpio.o
    0x08000594   0x08000594   0x00000014   Code   RO          474    .text.HAL_GPIO_EXTI_IRQHandler  stm32f4xx_hal_gpio.o
    0x080005a8   0x080005a8   0x00000190   Code   RO          462    .text.HAL_GPIO_Init  stm32f4xx_hal_gpio.o
    0x08000738   0x08000738   0x00000010   Code   RO          470    .text.HAL_GPIO_TogglePin  stm32f4xx_hal_gpio.o
    0x08000748   0x08000748   0x0000000a   Code   RO          468    .text.HAL_GPIO_WritePin  stm32f4xx_hal_gpio.o
    0x08000752   0x08000752   0x00000002   PAD
    0x08000754   0x08000754   0x00000008   Code   RO          684    .text.HAL_GetTick   stm32f4xx_hal.o
    0x0800075c   0x0800075c   0x00000170   Code   RO          165    .text.HAL_I2C_Init  stm32f4xx_hal_i2c.o
    0x080008cc   0x080008cc   0x00000070   Code   RO           44    .text.HAL_I2C_MspInit  i2c.o
    0x0800093c   0x0800093c   0x0000000c   Code   RO          682    .text.HAL_IncTick   stm32f4xx_hal.o
    0x08000948   0x08000948   0x00000034   Code   RO          672    .text.HAL_Init      stm32f4xx_hal.o
    0x0800097c   0x0800097c   0x0000003c   Code   RO          674    .text.HAL_InitTick  stm32f4xx_hal.o
    0x080009b8   0x080009b8   0x00000038   Code   RO          152    .text.HAL_MspInit   stm32f4xx_hal_msp.o
    0x080009f0   0x080009f0   0x0000001c   Code   RO          623    .text.HAL_NVIC_EnableIRQ  stm32f4xx_hal_cortex.o
    0x08000a0c   0x08000a0c   0x00000058   Code   RO          621    .text.HAL_NVIC_SetPriority  stm32f4xx_hal_cortex.o
    0x08000a64   0x08000a64   0x00000020   Code   RO          619    .text.HAL_NVIC_SetPriorityGrouping  stm32f4xx_hal_cortex.o
    0x08000a84   0x08000a84   0x0000012c   Code   RO          319    .text.HAL_RCC_ClockConfig  stm32f4xx_hal_rcc.o
    0x08000bb0   0x08000bb0   0x00000014   Code   RO          331    .text.HAL_RCC_GetPCLK1Freq  stm32f4xx_hal_rcc.o
    0x08000bc4   0x08000bc4   0x00000020   Code   RO          333    .text.HAL_RCC_GetPCLK2Freq  stm32f4xx_hal_rcc.o
    0x08000be4   0x08000be4   0x0000005c   Code   RO          321    .text.HAL_RCC_GetSysClockFreq  stm32f4xx_hal_rcc.o
    0x08000c40   0x08000c40   0x00000374   Code   RO          317    .text.HAL_RCC_OscConfig  stm32f4xx_hal_rcc.o
    0x08000fb4   0x08000fb4   0x00000028   Code   RO          629    .text.HAL_SYSTICK_Config  stm32f4xx_hal_cortex.o
    0x08000fdc   0x08000fdc   0x00000002   Code   RO         1087    .text.HAL_TIMEx_BreakCallback  stm32f4xx_hal_tim_ex.o
    0x08000fde   0x08000fde   0x00000002   Code   RO         1083    .text.HAL_TIMEx_CommutCallback  stm32f4xx_hal_tim_ex.o
    0x08000fe0   0x08000fe0   0x00000050   Code   RO         1079    .text.HAL_TIMEx_ConfigBreakDeadTime  stm32f4xx_hal_tim_ex.o
    0x08001030   0x08001030   0x00000070   Code   RO         1077    .text.HAL_TIMEx_MasterConfigSynchronization  stm32f4xx_hal_tim_ex.o
    0x080010a0   0x080010a0   0x00000058   Code   RO          767    .text.HAL_TIM_Base_Init  stm32f4xx_hal_tim.o
    0x080010f8   0x080010f8   0x0000005c   Code   RO           74    .text.HAL_TIM_Base_MspInit  tim.o
    0x08001154   0x08001154   0x0000006c   Code   RO          781    .text.HAL_TIM_Base_Start_IT  stm32f4xx_hal_tim.o
    0x080011c0   0x080011c0   0x000000f8   Code   RO          955    .text.HAL_TIM_ConfigClockSource  stm32f4xx_hal_tim.o
    0x080012b8   0x080012b8   0x000000b0   Code   RO          881    .text.HAL_TIM_Encoder_Init  stm32f4xx_hal_tim.o
    0x08001368   0x08001368   0x00000154   Code   RO           76    .text.HAL_TIM_Encoder_MspInit  tim.o
    0x080014bc   0x080014bc   0x000000ac   Code   RO          889    .text.HAL_TIM_Encoder_Start  stm32f4xx_hal_tim.o
    0x08001568   0x08001568   0x00000002   Code   RO          903    .text.HAL_TIM_IC_CaptureCallback  stm32f4xx_hal_tim.o
    0x0800156a   0x0800156a   0x0000011a   Code   RO          901    .text.HAL_TIM_IRQHandler  stm32f4xx_hal_tim.o
    0x08001684   0x08001684   0x00000080   Code   RO           62    .text.HAL_TIM_MspPostInit  tim.o
    0x08001704   0x08001704   0x00000002   Code   RO          905    .text.HAL_TIM_OC_DelayElapsedCallback  stm32f4xx_hal_tim.o
    0x08001706   0x08001706   0x00000002   PAD
    0x08001708   0x08001708   0x0000009a   Code   RO          929    .text.HAL_TIM_PWM_ConfigChannel  stm32f4xx_hal_tim.o
    0x080017a2   0x080017a2   0x00000058   Code   RO          821    .text.HAL_TIM_PWM_Init  stm32f4xx_hal_tim.o
    0x080017fa   0x080017fa   0x00000002   Code   RO          823    .text.HAL_TIM_PWM_MspInit  stm32f4xx_hal_tim.o
    0x080017fc   0x080017fc   0x00000002   Code   RO          907    .text.HAL_TIM_PWM_PulseFinishedCallback  stm32f4xx_hal_tim.o
    0x080017fe   0x080017fe   0x00000002   PAD
    0x08001800   0x08001800   0x000000bc   Code   RO          829    .text.HAL_TIM_PWM_Start  stm32f4xx_hal_tim.o
    0x080018bc   0x080018bc   0x00000508   Code   RO         1314    .text.HAL_TIM_PeriodElapsedCallback  encoder.o
    0x08001dc4   0x08001dc4   0x00000002   Code   RO          911    .text.HAL_TIM_TriggerCallback  stm32f4xx_hal_tim.o
    0x08001dc6   0x08001dc6   0x00000002   Code   RO         1196    .text.HAL_UARTEx_RxEventCallback  stm32f4xx_hal_uart.o
    0x08001dc8   0x08001dc8   0x00000002   Code   RO         1194    .text.HAL_UART_ErrorCallback  stm32f4xx_hal_uart.o
    0x08001dca   0x08001dca   0x00000002   PAD
    0x08001dcc   0x08001dcc   0x000002b8   Code   RO         1188    .text.HAL_UART_IRQHandler  stm32f4xx_hal_uart.o
    0x08002084   0x08002084   0x0000005e   Code   RO         1104    .text.HAL_UART_Init  stm32f4xx_hal_uart.o
    0x080020e2   0x080020e2   0x00000002   PAD
    0x080020e4   0x080020e4   0x00000078   Code   RO          101    .text.HAL_UART_MspInit  usart.o
    0x0800215c   0x0800215c   0x00000020   Code   RO         1128    .text.HAL_UART_Receive_IT  stm32f4xx_hal_uart.o
    0x0800217c   0x0800217c   0x00000010   Code   RO         1371    .text.HAL_UART_RxCpltCallback  jy61.o
    0x0800218c   0x0800218c   0x00000002   Code   RO         1198    .text.HAL_UART_TxCpltCallback  stm32f4xx_hal_uart.o
    0x0800218e   0x0800218e   0x00000002   Code   RO          119    .text.HardFault_Handler  stm32f4xx_it.o
    0x08002190   0x08002190   0x0000007c   Code   RO         1257    .text.Incremental_PID_Left  pid.o
    0x0800220c   0x0800220c   0x00000080   Code   RO         1259    .text.Incremental_PID_Right  pid.o
    0x0800228c   0x0800228c   0x0000002c   Code   RO         1375    .text.JY61_GetPitch  jy61.o
    0x080022b8   0x080022b8   0x0000002c   Code   RO         1377    .text.JY61_GetRoll  jy61.o
    0x080022e4   0x080022e4   0x0000002c   Code   RO         1373    .text.JY61_GetYaw   jy61.o
    0x08002310   0x08002310   0x0000000c   Code   RO         1367    .text.JY61_Init     jy61.o
    0x0800231c   0x0800231c   0x00000054   Code   RO         1369    .text.JY61_ReceiveHandler  jy61.o
    0x08002370   0x08002370   0x00000110   Code   RO           29    .text.MX_GPIO_Init  gpio.o
    0x08002480   0x08002480   0x0000003c   Code   RO           42    .text.MX_I2C1_Init  i2c.o
    0x080024bc   0x080024bc   0x000000d4   Code   RO           60    .text.MX_TIM1_Init  tim.o
    0x08002590   0x08002590   0x0000005c   Code   RO           64    .text.MX_TIM2_Init  tim.o
    0x080025ec   0x080025ec   0x00000060   Code   RO           66    .text.MX_TIM3_Init  tim.o
    0x0800264c   0x0800264c   0x00000060   Code   RO           68    .text.MX_TIM4_Init  tim.o
    0x080026ac   0x080026ac   0x00000060   Code   RO           70    .text.MX_TIM5_Init  tim.o
    0x0800270c   0x0800270c   0x00000090   Code   RO           72    .text.MX_TIM9_Init  tim.o
    0x0800279c   0x0800279c   0x00000038   Code   RO           99    .text.MX_USART1_UART_Init  usart.o
    0x080027d4   0x080027d4   0x00000002   Code   RO          121    .text.MemManage_Handler  stm32f4xx_it.o
    0x080027d6   0x080027d6   0x00000002   PAD
    0x080027d8   0x080027d8   0x00000040   Code   RO         1281    .text.Motor1_SetSpeed  motor.o
    0x08002818   0x08002818   0x0000004c   Code   RO         1283    .text.Motor2_SetSpeed  motor.o
    0x08002864   0x08002864   0x0000003c   Code   RO         1285    .text.Motor3_SetSpeed  motor.o
    0x080028a0   0x080028a0   0x00000044   Code   RO         1287    .text.Motor4_SetSpeed  motor.o
    0x080028e4   0x080028e4   0x00000002   Code   RO          117    .text.NMI_Handler   stm32f4xx_it.o
    0x080028e6   0x080028e6   0x00000002   Code   RO          131    .text.PendSV_Handler  stm32f4xx_it.o
    0x080028e8   0x080028e8   0x00000080   Code   RO         1253    .text.Position_PID_Left  pid.o
    0x08002968   0x08002968   0x0000008c   Code   RO         1255    .text.Position_PID_Right  pid.o
    0x080029f4   0x080029f4   0x00000002   Code   RO          127    .text.SVC_Handler   stm32f4xx_it.o
    0x080029f6   0x080029f6   0x00000004   Code   RO          133    .text.SysTick_Handler  stm32f4xx_it.o
    0x080029fa   0x080029fa   0x00000002   PAD
    0x080029fc   0x080029fc   0x00000098   Code   RO           13    .text.SystemClock_Config  main.o
    0x08002a94   0x08002a94   0x00000010   Code   RO         1235    .text.SystemInit    system_stm32f4xx.o
    0x08002aa4   0x08002aa4   0x0000000c   Code   RO          135    .text.TIM1_UP_TIM10_IRQHandler  stm32f4xx_it.o
    0x08002ab0   0x08002ab0   0x000000a8   Code   RO          771    .text.TIM_Base_SetConfig  stm32f4xx_hal_tim.o
    0x08002b58   0x08002b58   0x00000058   Code   RO          915    .text.TIM_OC1_SetConfig  stm32f4xx_hal_tim.o
    0x08002bb0   0x08002bb0   0x00000060   Code   RO          917    .text.TIM_OC2_SetConfig  stm32f4xx_hal_tim.o
    0x08002c10   0x08002c10   0x00000060   Code   RO          919    .text.TIM_OC3_SetConfig  stm32f4xx_hal_tim.o
    0x08002c70   0x08002c70   0x0000004c   Code   RO          921    .text.TIM_OC4_SetConfig  stm32f4xx_hal_tim.o
    0x08002cbc   0x08002cbc   0x00000022   Code   RO          957    .text.TIM_TI1_ConfigInputStage  stm32f4xx_hal_tim.o
    0x08002cde   0x08002cde   0x00000024   Code   RO          959    .text.TIM_TI2_ConfigInputStage  stm32f4xx_hal_tim.o
    0x08002d02   0x08002d02   0x0000000a   Code   RO         1192    .text.UART_DMAAbortOnError  stm32f4xx_hal_uart.o
    0x08002d0c   0x08002d0c   0x0000004e   Code   RO         1152    .text.UART_EndRxTransfer  stm32f4xx_hal_uart.o
    0x08002d5a   0x08002d5a   0x000000ca   Code   RO         1190    .text.UART_Receive_IT  stm32f4xx_hal_uart.o
    0x08002e24   0x08002e24   0x000000cc   Code   RO         1108    .text.UART_SetConfig  stm32f4xx_hal_uart.o
    0x08002ef0   0x08002ef0   0x00000032   Code   RO         1130    .text.UART_Start_Receive_IT  stm32f4xx_hal_uart.o
    0x08002f22   0x08002f22   0x00000002   PAD
    0x08002f24   0x08002f24   0x00000008   Code   RO          137    .text.USART1_IRQHandler  stm32f4xx_it.o
    0x08002f2c   0x08002f2c   0x00000002   Code   RO          125    .text.UsageFault_Handler  stm32f4xx_it.o
    0x08002f2e   0x08002f2e   0x00000002   PAD
    0x08002f30   0x08002f30   0x000000d0   Code   RO           11    .text.main          main.o
    0x08003000   0x08003000   0x0000000a   Code   RO         1512    x$fpl$fpinit        fz_wm.l(fpinit.o)
    0x0800300a   0x0800300a   0x00000010   Data   RO         1240    .rodata.AHBPrescTable  system_stm32f4xx.o
    0x0800301a   0x0800301a   0x00000008   Data   RO         1241    .rodata.APBPrescTable  system_stm32f4xx.o
    0x08003022   0x08003022   0x00000002   PAD
    0x08003024   0x08003024   0x00000020   Data   RO         1572    Region$$Table       anon$$obj.o


    Execution Region RW_IRAM1 (Exec base: 0x20000000, Load base: 0x08003050, Size: 0x00000a10, Max: 0x00010000, ABSOLUTE)

    Exec Addr    Load Addr    Size         Type   Attr      Idx    E Section Name        Object

    0x20000000   0x08003050   0x0000000c   Data   RW          726    .data..L_MergedGlobals  stm32f4xx_hal.o
    0x2000000c   0x0800305c   0x00000004   PAD
    0x20000010   0x08003060   0x00000068   Data   RW         1268    .data..L_MergedGlobals  pid.o
    0x20000078   0x080030c8   0x00000008   PAD
    0x20000080   0x080030d0   0x0000006c   Data   RW         1327    .data..L_MergedGlobals  encoder.o
    0x200000ec   0x0800313c   0x00000020   Data   RW         1350    .data.Data_Buff     anuo.o
    0x2000010c   0x0800315c   0x00000004   Data   RW         1239    .data.SystemCoreClock  system_stm32f4xx.o
    0x20000110        -       0x00000060   Zero   RW         1440    .bss                c_w.l(libspace.o)
    0x20000170        -       0x00000014   Zero   RW         1380    .bss..L_MergedGlobals  jy61.o
    0x20000184   0x08003160   0x0000000c   PAD
    0x20000190        -       0x00000018   Zero   RW         1269    .bss..L_MergedGlobals.1  pid.o
    0x200001a8        -       0x00000008   Zero   RW         1328    .bss..L_MergedGlobals.1  encoder.o
    0x200001b0        -       0x00000004   Zero   RW         1264    .bss.Incremental_PID_Left.Pwm  pid.o
    0x200001b4        -       0x00000004   Zero   RW         1265    .bss.Incremental_PID_Right.Pwm  pid.o
    0x200001b8        -       0x00000054   Zero   RW           48    .bss.hi2c1          i2c.o
    0x2000020c        -       0x00000048   Zero   RW           82    .bss.htim1          tim.o
    0x20000254        -       0x00000048   Zero   RW           83    .bss.htim2          tim.o
    0x2000029c        -       0x00000048   Zero   RW           84    .bss.htim3          tim.o
    0x200002e4        -       0x00000048   Zero   RW           85    .bss.htim4          tim.o
    0x2000032c        -       0x00000048   Zero   RW           86    .bss.htim5          tim.o
    0x20000374        -       0x00000048   Zero   RW           87    .bss.htim9          tim.o
    0x200003bc        -       0x00000048   Zero   RW          105    .bss.huart1         usart.o
    0x20000404   0x08003160   0x00000004   PAD
    0x20000408        -       0x00000008   Zero   RW         1379    .bss.stcAngle       jy61.o
    0x20000410        -       0x00000200   Zero   RW            2    HEAP                startup_stm32f401xc.o
    0x20000610        -       0x00000400   Zero   RW            1    STACK               startup_stm32f401xc.o


==============================================================================

Image component sizes


      Code (inc. data)   RO Data    RW Data    ZI Data      Debug   Object Name

       176          8          0         32          0       3629   anuo.o
      1288         32          0        108          8      12776   encoder.o
       272         16          0          0          0       3823   gpio.o
       172         20          0          0         84       5672   i2c.o
       244         44          0          0         28       4834   jy61.o
       364         48          0          0          0       3385   main.o
       268         16          0          0          0       1844   motor.o
       520         24          0        104         32       3801   pid.o
        64         26        404          0       1536        824   startup_stm32f401xc.o
       132          8          0         12          0       7641   stm32f4xx_hal.o
       188         24          0          0          0      10306   stm32f4xx_hal_cortex.o
       168          0          0          0          0       8803   stm32f4xx_hal_dma.o
       448         32          0          0          0       5426   stm32f4xx_hal_gpio.o
       368         16          0          0          0      38618   stm32f4xx_hal_i2c.o
        56          4          0          0          0       1639   stm32f4xx_hal_msp.o
      1328         48          0          0          0       7845   stm32f4xx_hal_rcc.o
      2108         76          0          0          0      46393   stm32f4xx_hal_tim.o
       196          0          0          0          0      20086   stm32f4xx_hal_tim_ex.o
      1372          8          0          0          0      23526   stm32f4xx_hal_uart.o
        48          4          0          0          0       1729   stm32f4xx_it.o
        16          4         24          4          0       2758   system_stm32f4xx.o
      1296         56          0          0        432      11927   tim.o
       176         12          0          0         72       6846   usart.o

    ----------------------------------------------------------------------
     11286        526        462        272       2208     234131   Object Totals
         0          0         32          0          0          0   (incl. Generated)
        18          0          2         12         16          0   (incl. Padding)

    ----------------------------------------------------------------------

      Code (inc. data)   RO Data    RW Data    ZI Data      Debug   Library Member Name

         8          0          0          0          0         68   __main.o
         0          0          0          0          0          0   __rtentry.o
        12          0          0          0          0          0   __rtentry2.o
         6          0          0          0          0          0   __rtentry4.o
        52          8          0          0          0          0   __scatter.o
        26          0          0          0          0          0   __scatter_copy.o
        28          0          0          0          0          0   __scatter_zi.o
        18          0          0          0          0         80   exit.o
         6          0          0          0          0        152   heapauxi.o
         0          0          0          0          0          0   indicate_semi.o
         2          0          0          0          0          0   libinit.o
         6          0          0          0          0          0   libinit2.o
         2          0          0          0          0          0   libshutdown.o
         2          0          0          0          0          0   libshutdown2.o
         8          4          0          0         96         68   libspace.o
       238          0          0          0          0        100   lludivv7m.o
        78          0          0          0          0         80   rt_memclr_w.o
         2          0          0          0          0          0   rtexit.o
        10          0          0          0          0          0   rtexit2.o
        12          4          0          0          0         68   sys_exit.o
        74          0          0          0          0         80   sys_stackheap_outer.o
         2          0          0          0          0         68   use_no_semi.o
        10          0          0          0          0        116   fpinit.o

    ----------------------------------------------------------------------
       608         16          0          0         96        880   Library Totals
         6          0          0          0          0          0   (incl. Padding)

    ----------------------------------------------------------------------

      Code (inc. data)   RO Data    RW Data    ZI Data      Debug   Library Name

       592         16          0          0         96        764   c_w.l
        10          0          0          0          0        116   fz_wm.l

    ----------------------------------------------------------------------
       608         16          0          0         96        880   Library Totals

    ----------------------------------------------------------------------

==============================================================================


      Code (inc. data)   RO Data    RW Data    ZI Data      Debug   

     11894        542        462        272       2304     234415   Grand Totals
     11894        542        462        272       2304     234415   ELF Image Totals
     11894        542        462        272          0          0   ROM Totals

==============================================================================

    Total RO  Size (Code + RO Data)                12356 (  12.07kB)
    Total RW  Size (RW Data + ZI Data)              2576 (   2.52kB)
    Total ROM Size (Code + RO Data + RW Data)      12628 (  12.33kB)

==============================================================================

